Archive member included to satisfy reference by file (symbol)

/home/wesley/Sources/TUhandControl/TivaC/TivaWare/usblib/gcc/libusb.a(usbbuffer.o)
                              CMakeFiles/time_tf.axf.dir/time_tf.cpp.obj (USBBufferInit)
/home/wesley/Sources/TUhandControl/TivaC/TivaWare/usblib/gcc/libusb.a(usbdcdc.o)
                              CMakeFiles/time_tf.axf.dir/time_tf.cpp.obj (USBDCDCInit)
/home/wesley/Sources/TUhandControl/TivaC/TivaWare/usblib/gcc/libusb.a(usbdenum.o)
                              /home/wesley/Sources/TUhandControl/TivaC/TivaWare/usblib/gcc/libusb.a(usbdcdc.o) (USBDCDDeviceInfoInit)
/home/wesley/Sources/TUhandControl/TivaC/TivaWare/usblib/gcc/libusb.a(usbdhandler.o)
                              CMakeFiles/time_tf.axf.dir/time_tf.cpp.obj (USB0DeviceIntHandler)
/home/wesley/Sources/TUhandControl/TivaC/TivaWare/usblib/gcc/libusb.a(usbdma.o)
                              /home/wesley/Sources/TUhandControl/TivaC/TivaWare/usblib/gcc/libusb.a(usbdenum.o) (USBLibDMAInit)
/home/wesley/Sources/TUhandControl/TivaC/TivaWare/usblib/gcc/libusb.a(usbmode.o)
                              CMakeFiles/time_tf.axf.dir/time_tf.cpp.obj (USBStackModeSet)
/home/wesley/Sources/TUhandControl/TivaC/TivaWare/usblib/gcc/libusb.a(usbringbuf.o)
                              /home/wesley/Sources/TUhandControl/TivaC/TivaWare/usblib/gcc/libusb.a(usbbuffer.o) (USBRingBufFlush)
/home/wesley/Sources/TUhandControl/TivaC/TivaWare/usblib/gcc/libusb.a(usbtick.o)
                              /home/wesley/Sources/TUhandControl/TivaC/TivaWare/usblib/gcc/libusb.a(usbdcdc.o) (InternalUSBTickInit)
/home/wesley/Sources/TUhandControl/TivaC/TivaWare/usblib/gcc/libusb.a(usbulpi.o)
                              /home/wesley/Sources/TUhandControl/TivaC/TivaWare/usblib/gcc/libusb.a(usbdenum.o) (ULPIConfigSet)
/home/wesley/Sources/TUhandControl/TivaC/TivaWare/usblib/gcc/libusb.a(usbdcdesc.o)
                              /home/wesley/Sources/TUhandControl/TivaC/TivaWare/usblib/gcc/libusb.a(usbdenum.o) (USBDCDConfigDescGetSize)
/home/wesley/Sources/TUhandControl/TivaC/TivaWare/usblib/gcc/libusb.a(usbdconfig.o)
                              /home/wesley/Sources/TUhandControl/TivaC/TivaWare/usblib/gcc/libusb.a(usbdenum.o) (USBDeviceConfig)
/home/wesley/Sources/TUhandControl/TivaC/TivaWare/usblib/gcc/libusb.a(usbdesc.o)
                              /home/wesley/Sources/TUhandControl/TivaC/TivaWare/usblib/gcc/libusb.a(usbdcdesc.o) (USBDescGetNum)
/home/wesley/Sources/TUhandControl/TivaC/TivaWare/usblib/gcc/libusb.a(usbhostenum.o)
                              /home/wesley/Sources/TUhandControl/TivaC/TivaWare/usblib/gcc/libusb.a(usbmode.o) (USBHCDPowerConfigGet)
/home/wesley/Sources/TUhandControl/TivaC/TivaWare/usblib/gcc/libusb.a(usbhhub.o)
                              /home/wesley/Sources/TUhandControl/TivaC/TivaWare/usblib/gcc/libusb.a(usbhostenum.o) (USBHHubMain)
/home/wesley/Sources/TUhandControl/TivaC/TivaWare/driverlib/gcc/libdriver.a(interrupt.o)
                              CMakeFiles/time_tf.axf.dir/home/wesley/Sources/TUhandControl/TivaC/TivaWare/utils/ringbuf.c.obj (IntMasterEnable)
/home/wesley/Sources/TUhandControl/TivaC/TivaWare/driverlib/gcc/libdriver.a(sysctl.o)
                              /home/wesley/Sources/TUhandControl/TivaC/TivaWare/usblib/gcc/libusb.a(usbdenum.o) (SysCtlPeripheralReset)
/home/wesley/Sources/TUhandControl/TivaC/TivaWare/driverlib/gcc/libdriver.a(systick.o)
                              CMakeFiles/time_tf.axf.dir/time_tf.cpp.obj (SysTickIntRegister)
/home/wesley/Sources/TUhandControl/TivaC/TivaWare/driverlib/gcc/libdriver.a(udma.o)
                              /home/wesley/Sources/TUhandControl/TivaC/TivaWare/usblib/gcc/libusb.a(usbdma.o) (uDMAChannelEnable)
/home/wesley/Sources/TUhandControl/TivaC/TivaWare/driverlib/gcc/libdriver.a(usb.o)
                              /home/wesley/Sources/TUhandControl/TivaC/TivaWare/usblib/gcc/libusb.a(usbmode.o) (USBHostSuspend)
/home/wesley/Sources/TUhandControl/TivaC/TivaWare/driverlib/gcc/libdriver.a(cpu.o)
                              /home/wesley/Sources/TUhandControl/TivaC/TivaWare/driverlib/gcc/libdriver.a(interrupt.o) (CPUcpsid)
/usr/bin/../lib/gcc/arm-none-eabi/6.2.1/thumb/v7e-m/fpv4-sp/hard/libgcc.a(_arm_addsubdf3.o)
                              CMakeFiles/time_tf.axf.dir/home/wesley/Sources/TUhandControl/TivaC/catkin_rosserial_tut/build/rosserial_tivac_tutorials/ros_lib/duration.cpp.obj (__aeabi_i2d)
/usr/bin/../lib/gcc/arm-none-eabi/6.2.1/thumb/v7e-m/fpv4-sp/hard/libgcc.a(_arm_muldivdf3.o)
                              CMakeFiles/time_tf.axf.dir/home/wesley/Sources/TUhandControl/TivaC/catkin_rosserial_tut/build/rosserial_tivac_tutorials/ros_lib/duration.cpp.obj (__aeabi_dmul)
/usr/bin/../lib/gcc/arm-none-eabi/6.2.1/thumb/v7e-m/fpv4-sp/hard/libgcc.a(_arm_fixdfsi.o)
[...]
Memory Configuration

Name             Origin             Length             Attributes
FLASH            0x0000000000000000 0x0000000000040000 xr
SRAM             0x0000000020000000 0x0000000000008000 xrw
*default*        0x0000000000000000 0xffffffffffffffff

Linker script and memory map

LOAD CMakeFiles/time_tf.axf.dir/time_tf.cpp.obj
LOAD CMakeFiles/time_tf.axf.dir/home/wesley/Sources/TUhandControl/TivaC/catkin_rosserial_tut/build/rosserial_tivac_tutorials/ros_lib/startup_gcc.c.obj
LOAD CMakeFiles/time_tf.axf.dir/home/wesley/Sources/TUhandControl/TivaC/TivaWare/utils/ringbuf.c.obj
LOAD CMakeFiles/time_tf.axf.dir/home/wesley/Sources/TUhandControl/TivaC/catkin_rosserial_tut/build/rosserial_tivac_tutorials/ros_lib/duration.cpp.obj
LOAD CMakeFiles/time_tf.axf.dir/home/wesley/Sources/TUhandControl/TivaC/catkin_rosserial_tut/build/rosserial_tivac_tutorials/ros_lib/time.cpp.obj
LOAD CMakeFiles/time_tf.axf.dir/home/wesley/Sources/TUhandControl/TivaC/catkin_rosserial_tut/build/rosserial_tivac_tutorials/ros_lib/tivac_hardware.cpp.obj
LOAD CMakeFiles/time_tf.axf.dir/home/wesley/Sources/TUhandControl/TivaC/catkin_rosserial_tut/build/rosserial_tivac_tutorials/ros_lib/usb_serial_structs.c.obj
LOAD /home/wesley/Sources/TUhandControl/TivaC/TivaWare/usblib/gcc/libusb.a
LOAD /home/wesley/Sources/TUhandControl/TivaC/TivaWare/driverlib/gcc/libdriver.a
LOAD /usr/bin/../lib/gcc/arm-none-eabi/6.2.1/../../../../arm-none-eabi/lib/thumb/v7e-m/fpv4-sp/hard/libstdc++.a
LOAD /usr/bin/../lib/gcc/arm-none-eabi/6.2.1/../../../../arm-none-eabi/lib/thumb/v7e-m/fpv4-sp/hard/libm.a
START GROUP
LOAD /usr/bin/../lib/gcc/arm-none-eabi/6.2.1/thumb/v7e-m/fpv4-sp/hard/libgcc.a
LOAD /usr/bin/../lib/gcc/arm-none-eabi/6.2.1/thumb/v7e-m/fpv4-sp/hard/libgcc.a
LOAD /usr/bin/../lib/gcc/arm-none-eabi/6.2.1/../../../../arm-none-eabi/lib/thumb/v7e-m/fpv4-sp/hard/libc.a
LOAD /usr/bin/../lib/gcc/arm-none-eabi/6.2.1/../../../../arm-none-eabi/lib/thumb/v7e-m/fpv4-sp/hard/libm.a
LOAD /usr/bin/../lib/gcc/arm-none-eabi/6.2.1/../../../../arm-none-eabi/lib/thumb/v7e-m/fpv4-sp/hard/libnosys.a
END GROUP

.text           0x0000000000000000     0x53b0
                0x0000000000000000                . = ALIGN (0x4)
                0x0000000000000000                _text = .
 *(.isr_vector)
 .isr_vector    0x0000000000000000      0x26c CMakeFiles/time_tf.axf.dir/home/wesley/Sources/TUhandControl/TivaC/catkin_rosserial_tut/build/rosserial_tivac_tutorials/ros_lib/startup_gcc.c.obj
                0x0000000000000000                g_pfnVectors
 *(.text .text* .gnu.linkonce.t.*)
 .text._ZNK8std_msgs4Time9serializeEPh
                0x000000000000026c       0x28 CMakeFiles/time_tf.axf.dir/time_tf.cpp.obj
                0x000000000000026c                std_msgs::Time::serialize(unsigned char*) const
 .text._ZN8std_msgs4Time11deserializeEPh
                0x0000000000000294       0x3c CMakeFiles/time_tf.axf.dir/time_tf.cpp.obj
                0x0000000000000294                std_msgs::Time::deserialize(unsigned char*)
 .text._ZN8std_msgs4Time7getTypeEv
                0x00000000000002d0        0x8 CMakeFiles/time_tf.axf.dir/time_tf.cpp.obj
                0x00000000000002d0                std_msgs::Time::getType()
 .text._ZN8std_msgs4Time6getMD5Ev
                0x00000000000002d8        0x8 CMakeFiles/time_tf.axf.dir/time_tf.cpp.obj
                0x00000000000002d8                std_msgs::Time::getMD5()
 .text._ZN14rosserial_msgs9TopicInfo7getTypeEv
                0x00000000000002e0        0x8 CMakeFiles/time_tf.axf.dir/time_tf.cpp.obj
                0x00000000000002e0                rosserial_msgs::TopicInfo::getType()
 .text._ZN14rosserial_msgs9TopicInfo6getMD5Ev
                0x00000000000002e8        0x8 CMakeFiles/time_tf.axf.dir/time_tf.cpp.obj
                0x00000000000002e8                rosserial_msgs::TopicInfo::getMD5()
 .text._ZN14rosserial_msgs3Log7getTypeEv
                0x00000000000002f0        0x8 CMakeFiles/time_tf.axf.dir/time_tf.cpp.obj
                0x00000000000002f0                rosserial_msgs::Log::getType()
 .text._ZN14rosserial_msgs3Log6getMD5Ev
                0x00000000000002f8        0x8 CMakeFiles/time_tf.axf.dir/time_tf.cpp.obj
                0x00000000000002f8                rosserial_msgs::Log::getMD5()
 .text._ZN14rosserial_msgs20RequestParamResponse7getTypeEv
                0x0000000000000300        0x8 CMakeFiles/time_tf.axf.dir/time_tf.cpp.obj
                0x0000000000000300                rosserial_msgs::RequestParamResponse::getType()
 .text._ZN14rosserial_msgs20RequestParamResponse6getMD5Ev
                0x0000000000000308        0x8 CMakeFiles/time_tf.axf.dir/time_tf.cpp.obj
                0x0000000000000308                rosserial_msgs::RequestParamResponse::getMD5()
 .text._ZN8std_msgs6Header7getTypeEv
                0x0000000000000310        0x8 CMakeFiles/time_tf.axf.dir/time_tf.cpp.obj
                0x0000000000000310                std_msgs::Header::getType()
 .text._ZN8std_msgs6Header6getMD5Ev
                0x0000000000000318        0x8 CMakeFiles/time_tf.axf.dir/time_tf.cpp.obj
                0x0000000000000318                std_msgs::Header::getMD5()
 .text._ZNK13geometry_msgs7Vector39serializeEPh
                0x0000000000000320       0x66 CMakeFiles/time_tf.axf.dir/time_tf.cpp.obj
                0x0000000000000320                geometry_msgs::Vector3::serialize(unsigned char*) const
 .text._ZN13geometry_msgs7Vector311deserializeEPh
                0x0000000000000386       0x1c CMakeFiles/time_tf.axf.dir/time_tf.cpp.obj
                0x0000000000000386                geometry_msgs::Vector3::deserialize(unsigned char*)
 *fill*         0x00000000000003a2        0x2 
 .text._ZN13geometry_msgs7Vector37getTypeEv
                0x00000000000003a4        0x8 CMakeFiles/time_tf.axf.dir/time_tf.cpp.obj
                0x00000000000003a4                geometry_msgs::Vector3::getType()
 .text._ZN13geometry_msgs7Vector36getMD5Ev
                0x00000000000003ac        0x8 CMakeFiles/time_tf.axf.dir/time_tf.cpp.obj
                0x00000000000003ac                geometry_msgs::Vector3::getMD5()
 .text._ZNK13geometry_msgs10Quaternion9serializeEPh
                0x00000000000003b4       0x86 CMakeFiles/time_tf.axf.dir/time_tf.cpp.obj
                0x00000000000003b4                geometry_msgs::Quaternion::serialize(unsigned char*) const
 .text._ZN13geometry_msgs10Quaternion11deserializeEPh
                0x000000000000043a       0x24 CMakeFiles/time_tf.axf.dir/time_tf.cpp.obj
                0x000000000000043a                geometry_msgs::Quaternion::deserialize(unsigned char*)
 *fill*         0x000000000000045e        0x2 
 .text._ZN13geometry_msgs10Quaternion7getTypeEv
                0x0000000000000460        0x8 CMakeFiles/time_tf.axf.dir/time_tf.cpp.obj
                0x0000000000000460                geometry_msgs::Quaternion::getType()
 .text._ZN13geometry_msgs10Quaternion6getMD5Ev
                0x0000000000000468        0x8 CMakeFiles/time_tf.axf.dir/time_tf.cpp.obj
                0x0000000000000468                geometry_msgs::Quaternion::getMD5()
 .text._ZNK13geometry_msgs9Transform9serializeEPh
                0x0000000000000470       0x1c CMakeFiles/time_tf.axf.dir/time_tf.cpp.obj
                0x0000000000000470                geometry_msgs::Transform::serialize(unsigned char*) const
 .text._ZN13geometry_msgs9Transform11deserializeEPh
                0x000000000000048c       0x1c CMakeFiles/time_tf.axf.dir/time_tf.cpp.obj
                0x000000000000048c                geometry_msgs::Transform::deserialize(unsigned char*)
 .text._ZN13geometry_msgs9Transform7getTypeEv
                0x00000000000004a8        0x8 CMakeFiles/time_tf.axf.dir/time_tf.cpp.obj
                0x00000000000004a8                geometry_msgs::Transform::getType()
 .text._ZN13geometry_msgs9Transform6getMD5Ev
                0x00000000000004b0        0x8 CMakeFiles/time_tf.axf.dir/time_tf.cpp.obj
                0x00000000000004b0                geometry_msgs::Transform::getMD5()
 .text._ZN13geometry_msgs16TransformStamped7getTypeEv
                0x00000000000004b8        0x8 CMakeFiles/time_tf.axf.dir/time_tf.cpp.obj
                0x00000000000004b8                geometry_msgs::TransformStamped::getType()
 .text._ZN13geometry_msgs16TransformStamped6getMD5Ev
                0x00000000000004c0        0x8 CMakeFiles/time_tf.axf.dir/time_tf.cpp.obj
                0x00000000000004c0                geometry_msgs::TransformStamped::getMD5()
 .text._ZNK2tf9tfMessage9serializeEPh
                0x00000000000004c8       0x44 CMakeFiles/time_tf.axf.dir/time_tf.cpp.obj
                0x00000000000004c8                tf::tfMessage::serialize(unsigned char*) const
 .text._ZN2tf9tfMessage7getTypeEv
                0x000000000000050c        0x8 CMakeFiles/time_tf.axf.dir/time_tf.cpp.obj
                0x000000000000050c                tf::tfMessage::getType()
 .text._ZN2tf9tfMessage6getMD5Ev
                0x0000000000000514        0x8 CMakeFiles/time_tf.axf.dir/time_tf.cpp.obj
                0x0000000000000514                tf::tfMessage::getMD5()
 .text._ZN3ros11NodeHandle_I13TivaCHardwareLi25ELi25ELi512ELi512EE9connectedEv
                0x000000000000051c        0x6 CMakeFiles/time_tf.axf.dir/time_tf.cpp.obj
                0x000000000000051c                ros::NodeHandle_<TivaCHardware, 25, 25, 512, 512>::connected()
 *fill*         0x0000000000000522        0x2 
 .text._ZN13TivaCHardware17SystickIntHandlerEv
                0x0000000000000524       0x48 CMakeFiles/time_tf.axf.dir/time_tf.cpp.obj
                0x0000000000000524                TivaCHardware::SystickIntHandler()
 .text._ZN3ros11NodeHandle_I13TivaCHardwareLi25ELi25ELi512ELi512EE7publishEiPKNS_3MsgE
                0x000000000000056c       0xe0 CMakeFiles/time_tf.axf.dir/time_tf.cpp.obj
                0x000000000000056c                ros::NodeHandle_<TivaCHardware, 25, 25, 512, 512>::publish(int, ros::Msg const*)
 .text._ZN13TivaCHardware4initEv
                0x000000000000064c       0xe8 CMakeFiles/time_tf.axf.dir/time_tf.cpp.obj
                0x000000000000064c                TivaCHardware::init()
 .text._ZN13geometry_msgs9TransformC2Ev
                0x0000000000000734       0x3c CMakeFiles/time_tf.axf.dir/time_tf.cpp.obj
                0x0000000000000734                geometry_msgs::Transform::Transform()
                0x0000000000000734                geometry_msgs::Transform::Transform()
 .text._ZN3ros3Msg8varToArrIPhmEEvT_T0_
                0x0000000000000770       0x14 CMakeFiles/time_tf.axf.dir/time_tf.cpp.obj
                0x0000000000000770                void ros::Msg::varToArr<unsigned char*, unsigned long>(unsigned char*, unsigned long)
 .text._ZNK8std_msgs6Header9serializeEPh
                0x0000000000000784       0x60 CMakeFiles/time_tf.axf.dir/time_tf.cpp.obj
                0x0000000000000784                std_msgs::Header::serialize(unsigned char*) const
 .text._ZNK13geometry_msgs16TransformStamped9serializeEPh
                0x00000000000007e4       0x3a CMakeFiles/time_tf.axf.dir/time_tf.cpp.obj
                0x00000000000007e4                geometry_msgs::TransformStamped::serialize(unsigned char*) const
 .text._ZNK14rosserial_msgs20RequestParamResponse9serializeEPh
                0x000000000000081e       0xe2 CMakeFiles/time_tf.axf.dir/time_tf.cpp.obj
                0x000000000000081e                rosserial_msgs::RequestParamResponse::serialize(unsigned char*) const
 .text._ZNK14rosserial_msgs3Log9serializeEPh
                0x0000000000000900       0x2c CMakeFiles/time_tf.axf.dir/time_tf.cpp.obj
                0x0000000000000900                rosserial_msgs::Log::serialize(unsigned char*) const
 .text._ZNK14rosserial_msgs9TopicInfo9serializeEPh
                0x000000000000092c       0x86 CMakeFiles/time_tf.axf.dir/time_tf.cpp.obj
                0x000000000000092c                rosserial_msgs::TopicInfo::serialize(unsigned char*) const
 .text._ZN3ros3Msg8arrToVarImPhEEvRT_T0_
                0x00000000000009b2       0x1e CMakeFiles/time_tf.axf.dir/time_tf.cpp.obj
                0x00000000000009b2                void ros::Msg::arrToVar<unsigned long, unsigned char*>(unsigned long&, unsigned char*)
 .text._ZN14rosserial_msgs3Log11deserializeEPh
                0x00000000000009d0       0x36 CMakeFiles/time_tf.axf.dir/time_tf.cpp.obj
                0x00000000000009d0                rosserial_msgs::Log::deserialize(unsigned char*)
 .text._ZN14rosserial_msgs9TopicInfo11deserializeEPh
                0x0000000000000a06       0xb6 CMakeFiles/time_tf.axf.dir/time_tf.cpp.obj
                0x0000000000000a06                rosserial_msgs::TopicInfo::deserialize(unsigned char*)
 .text._ZN14rosserial_msgs20RequestParamResponse11deserializeEPh
                0x0000000000000abc      0x12e CMakeFiles/time_tf.axf.dir/time_tf.cpp.obj
                0x0000000000000abc                rosserial_msgs::RequestParamResponse::deserialize(unsigned char*)
 .text._ZN8std_msgs6Header11deserializeEPh
                0x0000000000000bea       0x8a CMakeFiles/time_tf.axf.dir/time_tf.cpp.obj
                0x0000000000000bea                std_msgs::Header::deserialize(unsigned char*)
 .text._ZN13geometry_msgs16TransformStamped11deserializeEPh
                0x0000000000000c74       0x4a CMakeFiles/time_tf.axf.dir/time_tf.cpp.obj
                0x0000000000000c74                geometry_msgs::TransformStamped::deserialize(unsigned char*)
 .text._ZN2tf9tfMessage11deserializeEPh
                0x0000000000000cbe       0x54 CMakeFiles/time_tf.axf.dir/time_tf.cpp.obj
                0x0000000000000cbe                tf::tfMessage::deserialize(unsigned char*)
 *fill*         0x0000000000000d12        0x2 
 .text._ZN3ros11NodeHandle_I13TivaCHardwareLi25ELi25ELi512ELi512EE15requestSyncTimeEv
                0x0000000000000d14       0x2c CMakeFiles/time_tf.axf.dir/time_tf.cpp.obj
                0x0000000000000d14                ros::NodeHandle_<TivaCHardware, 25, 25, 512, 512>::requestSyncTime()
 .text._ZN3ros11NodeHandle_I13TivaCHardwareLi25ELi25ELi512ELi512EE15negotiateTopicsEv
                0x0000000000000d40       0xbc CMakeFiles/time_tf.axf.dir/time_tf.cpp.obj
                0x0000000000000d40                ros::NodeHandle_<TivaCHardware, 25, 25, 512, 512>::negotiateTopics()
 .text._ZN3ros11NodeHandle_I13TivaCHardwareLi25ELi25ELi512ELi512EE8spinOnceEv
                0x0000000000000dfc      0x284 CMakeFiles/time_tf.axf.dir/time_tf.cpp.obj
                0x0000000000000dfc                ros::NodeHandle_<TivaCHardware, 25, 25, 512, 512>::spinOnce()
 .text.startup.main
                0x0000000000001080      0x124 CMakeFiles/time_tf.axf.dir/time_tf.cpp.obj
                0x0000000000001080                main
 .text.startup._GLOBAL__sub_I_nh
                0x00000000000011a4       0xe8 CMakeFiles/time_tf.axf.dir/time_tf.cpp.obj
 .text.NmiSR    0x000000000000128c        0x2 CMakeFiles/time_tf.axf.dir/home/wesley/Sources/TUhandControl/TivaC/catkin_rosserial_tut/build/rosserial_tivac_tutorials/ros_lib/startup_gcc.c.obj
 .text.FaultISR
                0x000000000000128e        0x2 CMakeFiles/time_tf.axf.dir/home/wesley/Sources/TUhandControl/TivaC/catkin_rosserial_tut/build/rosserial_tivac_tutorials/ros_lib/startup_gcc.c.obj
 .text.IntDefaultHandler
                0x0000000000001290        0x2 CMakeFiles/time_tf.axf.dir/home/wesley/Sources/TUhandControl/TivaC/catkin_rosserial_tut/build/rosserial_tivac_tutorials/ros_lib/startup_gcc.c.obj
 *fill*         0x0000000000001292        0x2 
 .text.ResetISR
                0x0000000000001294       0x94 CMakeFiles/time_tf.axf.dir/home/wesley/Sources/TUhandControl/TivaC/catkin_rosserial_tut/build/rosserial_tivac_tutorials/ros_lib/startup_gcc.c.obj
                0x0000000000001294                ResetISR
 .text._ZN3ros16normalizeSecNSecERmS0_
                0x0000000000001328       0x1c CMakeFiles/time_tf.axf.dir/home/wesley/Sources/TUhandControl/TivaC/catkin_rosserial_tut/build/rosserial_tivac_tutorials/ros_lib/time.cpp.obj
                0x0000000000001328                ros::normalizeSecNSec(unsigned long&, unsigned long&)
 .text.TxHandler
                0x0000000000001344        0x4 CMakeFiles/time_tf.axf.dir/home/wesley/Sources/TUhandControl/TivaC/catkin_rosserial_tut/build/rosserial_tivac_tutorials/ros_lib/usb_serial_structs.c.obj
                0x0000000000001344                TxHandler
 .text.RxHandler
                0x0000000000001348       0x14 CMakeFiles/time_tf.axf.dir/home/wesley/Sources/TUhandControl/TivaC/catkin_rosserial_tut/build/rosserial_tivac_tutorials/ros_lib/usb_serial_structs.c.obj
                0x0000000000001348                RxHandler
 .text.ControlHandler
                0x000000000000135c       0x34 CMakeFiles/time_tf.axf.dir/home/wesley/Sources/TUhandControl/TivaC/catkin_rosserial_tut/build/rosserial_tivac_tutorials/ros_lib/usb_serial_structs.c.obj
                0x000000000000135c                ControlHandler
 .text.ScheduleNextTransmission
                0x0000000000001390       0x9a /home/wesley/Sources/TUhandControl/TivaC/TivaWare/usblib/gcc/libusb.a(usbbuffer.o)
 .text.USBBufferInit
                0x000000000000142a       0x16 /home/wesley/Sources/TUhandControl/TivaC/TivaWare/usblib/gcc/libusb.a(usbbuffer.o)
                0x000000000000142a                USBBufferInit
 .text.USBBufferWrite
                0x0000000000001440       0x2e /home/wesley/Sources/TUhandControl/TivaC/TivaWare/usblib/gcc/libusb.a(usbbuffer.o)
                0x0000000000001440                USBBufferWrite
 .text.USBBufferFlush
                0x000000000000146e        0x6 /home/wesley/Sources/TUhandControl/TivaC/TivaWare/usblib/gcc/libusb.a(usbbuffer.o)
                0x000000000000146e                USBBufferFlush
 .text.USBBufferRead
                0x0000000000001474       0x26 /home/wesley/Sources/TUhandControl/TivaC/TivaWare/usblib/gcc/libusb.a(usbbuffer.o)
                0x0000000000001474                USBBufferRead
 .text.USBBufferDataAvailable
                0x000000000000149a        0x6 /home/wesley/Sources/TUhandControl/TivaC/TivaWare/usblib/gcc/libusb.a(usbbuffer.o)
                0x000000000000149a                USBBufferDataAvailable
 .text.USBBufferEventCallback
                0x00000000000014a0      0x12e /home/wesley/Sources/TUhandControl/TivaC/TivaWare/usblib/gcc/libusb.a(usbbuffer.o)
                0x00000000000014a0                USBBufferEventCallback
 *fill*         0x00000000000015ce        0x2 
 .text.SetDeferredOpFlag
                0x00000000000015d0       0x1c /home/wesley/Sources/TUhandControl/TivaC/TivaWare/usblib/gcc/libusb.a(usbdcdc.o)
 .text.DeviceConsumedAllData
                0x00000000000015ec       0x16 /home/wesley/Sources/TUhandControl/TivaC/TivaWare/usblib/gcc/libusb.a(usbdcdc.o)
 .text.SendBreak
                0x0000000000001602       0x3c /home/wesley/Sources/TUhandControl/TivaC/TivaWare/usblib/gcc/libusb.a(usbdcdc.o)
 .text.SendLineCodingChange
                0x000000000000163e       0x24 /home/wesley/Sources/TUhandControl/TivaC/TivaWare/usblib/gcc/libusb.a(usbdcdc.o)
 .text.SendLineStateChange
                0x0000000000001662       0x24 /home/wesley/Sources/TUhandControl/TivaC/TivaWare/usblib/gcc/libusb.a(usbdcdc.o)
 .text.HandleConfigChange
                0x0000000000001686       0x32 /home/wesley/Sources/TUhandControl/TivaC/TivaWare/usblib/gcc/libusb.a(usbdcdc.o)
 .text.HandleDevice
                0x00000000000016b8       0xa6 /home/wesley/Sources/TUhandControl/TivaC/TivaWare/usblib/gcc/libusb.a(usbdcdc.o)
 .text.HandleDisconnect
                0x000000000000175e       0x1e /home/wesley/Sources/TUhandControl/TivaC/TivaWare/usblib/gcc/libusb.a(usbdcdc.o)
 .text.HandleSuspend
                0x000000000000177c       0x14 /home/wesley/Sources/TUhandControl/TivaC/TivaWare/usblib/gcc/libusb.a(usbdcdc.o)
 .text.HandleResume
                0x0000000000001790       0x14 /home/wesley/Sources/TUhandControl/TivaC/TivaWare/usblib/gcc/libusb.a(usbdcdc.o)
 .text.SendSerialState
                0x00000000000017a4       0x92 /home/wesley/Sources/TUhandControl/TivaC/TivaWare/usblib/gcc/libusb.a(usbdcdc.o)
 .text.HandleEP0Data
                0x0000000000001836       0x4c /home/wesley/Sources/TUhandControl/TivaC/TivaWare/usblib/gcc/libusb.a(usbdcdc.o)
 .text.HandleRequests
                0x0000000000001882       0xfc /home/wesley/Sources/TUhandControl/TivaC/TivaWare/usblib/gcc/libusb.a(usbdcdc.o)
 .text.CDCTickHandler
                0x000000000000197e       0x9e /home/wesley/Sources/TUhandControl/TivaC/TivaWare/usblib/gcc/libusb.a(usbdcdc.o)
 .text.ProcessDataFromHost
                0x0000000000001a1c       0x74 /home/wesley/Sources/TUhandControl/TivaC/TivaWare/usblib/gcc/libusb.a(usbdcdc.o)
                0x0000000000001a1c                ProcessDataFromHost
 .text.ProcessNotificationToHost
                0x0000000000001a90       0x34 /home/wesley/Sources/TUhandControl/TivaC/TivaWare/usblib/gcc/libusb.a(usbdcdc.o)
                0x0000000000001a90                ProcessNotificationToHost
 .text.ProcessDataToHost
                0x0000000000001ac4       0x60 /home/wesley/Sources/TUhandControl/TivaC/TivaWare/usblib/gcc/libusb.a(usbdcdc.o)
                0x0000000000001ac4                ProcessDataToHost
 .text.HandleEndpoints
                0x0000000000001b24       0x4c /home/wesley/Sources/TUhandControl/TivaC/TivaWare/usblib/gcc/libusb.a(usbdcdc.o)
 .text.USBDCDCCompositeInit
                0x0000000000001b70       0xe8 /home/wesley/Sources/TUhandControl/TivaC/TivaWare/usblib/gcc/libusb.a(usbdcdc.o)
                0x0000000000001b70                USBDCDCCompositeInit
 .text.USBDCDCInit
                0x0000000000001c58       0x4c /home/wesley/Sources/TUhandControl/TivaC/TivaWare/usblib/gcc/libusb.a(usbdcdc.o)
                0x0000000000001c58                USBDCDCInit
 .text.USBDCDCPacketWrite
                0x0000000000001ca4       0x58 /home/wesley/Sources/TUhandControl/TivaC/TivaWare/usblib/gcc/libusb.a(usbdcdc.o)
                0x0000000000001ca4                USBDCDCPacketWrite
 .text.USBDCDCPacketRead
                0x0000000000001cfc       0x92 /home/wesley/Sources/TUhandControl/TivaC/TivaWare/usblib/gcc/libusb.a(usbdcdc.o)
                0x0000000000001cfc                USBDCDCPacketRead
 *fill*         0x0000000000001d8e        0x2 
 .text.USBDCDCTxPacketAvailable
                0x0000000000001d90       0x14 /home/wesley/Sources/TUhandControl/TivaC/TivaWare/usblib/gcc/libusb.a(usbdcdc.o)
                0x0000000000001d90                USBDCDCTxPacketAvailable
 .text.USBDCDCRxPacketAvailable
                0x0000000000001da4       0x30 /home/wesley/Sources/TUhandControl/TivaC/TivaWare/usblib/gcc/libusb.a(usbdcdc.o)
                0x0000000000001da4                USBDCDCRxPacketAvailable
 .text.USBDSetAddress
                0x0000000000001dd4       0x24 /home/wesley/Sources/TUhandControl/TivaC/TivaWare/usblib/gcc/libusb.a(usbdenum.o)
 .text.USBDEP0StateTx.isra.0
                0x0000000000001df8       0x70 /home/wesley/Sources/TUhandControl/TivaC/TivaWare/usblib/gcc/libusb.a(usbdenum.o)
 .text.USBDGetConfiguration
                0x0000000000001e68       0x34 /home/wesley/Sources/TUhandControl/TivaC/TivaWare/usblib/gcc/libusb.a(usbdenum.o)
 .text.USBDEP0StateTxConfig.isra.1
                0x0000000000001e9c      0x148 /home/wesley/Sources/TUhandControl/TivaC/TivaWare/usblib/gcc/libusb.a(usbdenum.o)
 .text.USBDCDStallEP0.constprop.7
                0x0000000000001fe4       0x1c /home/wesley/Sources/TUhandControl/TivaC/TivaWare/usblib/gcc/libusb.a(usbdenum.o)
 .text.USBDGetStatus
                0x0000000000002000       0x6c /home/wesley/Sources/TUhandControl/TivaC/TivaWare/usblib/gcc/libusb.a(usbdenum.o)
 .text.USBDClearFeature
                0x000000000000206c       0x74 /home/wesley/Sources/TUhandControl/TivaC/TivaWare/usblib/gcc/libusb.a(usbdenum.o)
 .text.USBDSetFeature
                0x00000000000020e0       0x64 /home/wesley/Sources/TUhandControl/TivaC/TivaWare/usblib/gcc/libusb.a(usbdenum.o)
 .text.USBDGetDescriptor
                0x0000000000002144      0x124 /home/wesley/Sources/TUhandControl/TivaC/TivaWare/usblib/gcc/libusb.a(usbdenum.o)
 .text.USBDSetDescriptor
                0x0000000000002268       0x18 /home/wesley/Sources/TUhandControl/TivaC/TivaWare/usblib/gcc/libusb.a(usbdenum.o)
 .text.USBDSetConfiguration
                0x0000000000002280       0x88 /home/wesley/Sources/TUhandControl/TivaC/TivaWare/usblib/gcc/libusb.a(usbdenum.o)
 .text.USBDGetInterface
                0x0000000000002308       0x44 /home/wesley/Sources/TUhandControl/TivaC/TivaWare/usblib/gcc/libusb.a(usbdenum.o)
 .text.USBDSetInterface
                0x000000000000234c       0x98 /home/wesley/Sources/TUhandControl/TivaC/TivaWare/usblib/gcc/libusb.a(usbdenum.o)
 .text.USBDSyncFrame
                0x00000000000023e4       0x18 /home/wesley/Sources/TUhandControl/TivaC/TivaWare/usblib/gcc/libusb.a(usbdenum.o)
 .text.USBDReadAndDispatchRequest.isra.2
                0x00000000000023fc       0x68 /home/wesley/Sources/TUhandControl/TivaC/TivaWare/usblib/gcc/libusb.a(usbdenum.o)
 .text.USBDCDDeviceInfoInit
                0x0000000000002464       0x48 /home/wesley/Sources/TUhandControl/TivaC/TivaWare/usblib/gcc/libusb.a(usbdenum.o)
                0x0000000000002464                USBDCDDeviceInfoInit
 .text.USBDCDInit
                0x00000000000024ac      0x14c /home/wesley/Sources/TUhandControl/TivaC/TivaWare/usblib/gcc/libusb.a(usbdenum.o)
                0x00000000000024ac                USBDCDInit
 .text.USBDCDRequestDataEP0
                0x00000000000025f8       0x14 /home/wesley/Sources/TUhandControl/TivaC/TivaWare/usblib/gcc/libusb.a(usbdenum.o)
                0x00000000000025f8                USBDCDRequestDataEP0
 .text.USBDCDSendDataEP0
                0x000000000000260c       0x10 /home/wesley/Sources/TUhandControl/TivaC/TivaWare/usblib/gcc/libusb.a(usbdenum.o)
                0x000000000000260c                USBDCDSendDataEP0
 .text.USBDCDStallEP0
                0x000000000000261c       0x1c /home/wesley/Sources/TUhandControl/TivaC/TivaWare/usblib/gcc/libusb.a(usbdenum.o)
                0x000000000000261c                USBDCDStallEP0
 .text.USBDCDFeatureGet
                0x0000000000002638       0x18 /home/wesley/Sources/TUhandControl/TivaC/TivaWare/usblib/gcc/libusb.a(usbdenum.o)
                0x0000000000002638                USBDCDFeatureGet
 .text.USBDeviceResumeTickHandler
                0x0000000000002650       0x50 /home/wesley/Sources/TUhandControl/TivaC/TivaWare/usblib/gcc/libusb.a(usbdenum.o)
                0x0000000000002650                USBDeviceResumeTickHandler
 .text.USBDeviceEnumHandler
                0x00000000000026a0       0xcc /home/wesley/Sources/TUhandControl/TivaC/TivaWare/usblib/gcc/libusb.a(usbdenum.o)
                0x00000000000026a0                USBDeviceEnumHandler
 .text.USBDeviceEnumResetHandler
                0x000000000000276c       0x44 /home/wesley/Sources/TUhandControl/TivaC/TivaWare/usblib/gcc/libusb.a(usbdenum.o)
                0x000000000000276c                USBDeviceEnumResetHandler
 .text.USBDeviceIntHandlerInternal
                0x00000000000027b0      0x144 /home/wesley/Sources/TUhandControl/TivaC/TivaWare/usblib/gcc/libusb.a(usbdenum.o)
                0x00000000000027b0                USBDeviceIntHandlerInternal
 .text.USB0DeviceIntHandler
                0x00000000000028f4       0x18 /home/wesley/Sources/TUhandControl/TivaC/TivaWare/usblib/gcc/libusb.a(usbdhandler.o)
                0x00000000000028f4                USB0DeviceIntHandler
 .text.uDMAUSBChannelStatus
                0x000000000000290c       0x22 /home/wesley/Sources/TUhandControl/TivaC/TivaWare/usblib/gcc/libusb.a(usbdma.o)
 .text.DMAUSBIntStatusClear
                0x000000000000292e        0xe /home/wesley/Sources/TUhandControl/TivaC/TivaWare/usblib/gcc/libusb.a(usbdma.o)
 .text.uDMAUSBChannelIntDisable
                0x000000000000293c        0x2 /home/wesley/Sources/TUhandControl/TivaC/TivaWare/usblib/gcc/libusb.a(usbdma.o)
 .text.iDMAUSBArbSizeSet
                0x000000000000293e        0x2 /home/wesley/Sources/TUhandControl/TivaC/TivaWare/usblib/gcc/libusb.a(usbdma.o)
 .text.DMAUSBStatus
                0x0000000000002940        0x4 /home/wesley/Sources/TUhandControl/TivaC/TivaWare/usblib/gcc/libusb.a(usbdma.o)
 .text.iDMAUSBChannelRelease
                0x0000000000002944       0x3a /home/wesley/Sources/TUhandControl/TivaC/TivaWare/usblib/gcc/libusb.a(usbdma.o)
 .text.iDMAUSBChannelAllocate
                0x000000000000297e       0x82 /home/wesley/Sources/TUhandControl/TivaC/TivaWare/usblib/gcc/libusb.a(usbdma.o)
 .text.iDMAUSBChannelDisable
                0x0000000000002a00       0x32 /home/wesley/Sources/TUhandControl/TivaC/TivaWare/usblib/gcc/libusb.a(usbdma.o)
 .text.iDMAUSBChannelIntDisable
                0x0000000000002a32        0x8 /home/wesley/Sources/TUhandControl/TivaC/TivaWare/usblib/gcc/libusb.a(usbdma.o)
 .text.iDMAUSBChannelIntEnable
                0x0000000000002a3a        0x8 /home/wesley/Sources/TUhandControl/TivaC/TivaWare/usblib/gcc/libusb.a(usbdma.o)
 .text.iDMAUSBChannelEnable
                0x0000000000002a42       0x50 /home/wesley/Sources/TUhandControl/TivaC/TivaWare/usblib/gcc/libusb.a(usbdma.o)
 .text.iDMAUSBIntStatus
                0x0000000000002a92        0x6 /home/wesley/Sources/TUhandControl/TivaC/TivaWare/usblib/gcc/libusb.a(usbdma.o)
 .text.uDMAUSBUnitSizeSet
                0x0000000000002a98       0x60 /home/wesley/Sources/TUhandControl/TivaC/TivaWare/usblib/gcc/libusb.a(usbdma.o)
 .text.uDMAUSBArbSizeSet
                0x0000000000002af8       0x6e /home/wesley/Sources/TUhandControl/TivaC/TivaWare/usblib/gcc/libusb.a(usbdma.o)
 .text.uDMAUSBIntStatus
                0x0000000000002b66       0x2c /home/wesley/Sources/TUhandControl/TivaC/TivaWare/usblib/gcc/libusb.a(usbdma.o)
 .text.uDMAUSBChannelRelease
                0x0000000000002b92       0x56 /home/wesley/Sources/TUhandControl/TivaC/TivaWare/usblib/gcc/libusb.a(usbdma.o)
 .text.uDMAUSBChannelEnable
                0x0000000000002be8       0x6a /home/wesley/Sources/TUhandControl/TivaC/TivaWare/usblib/gcc/libusb.a(usbdma.o)
 .text.uDMAUSBChannelDisable
                0x0000000000002c52       0x4e /home/wesley/Sources/TUhandControl/TivaC/TivaWare/usblib/gcc/libusb.a(usbdma.o)
 .text.uDMAUSBChannelAllocate
                0x0000000000002ca0       0xb4 /home/wesley/Sources/TUhandControl/TivaC/TivaWare/usblib/gcc/libusb.a(usbdma.o)
 .text.DMAUSBIntHandler
                0x0000000000002d54       0x32 /home/wesley/Sources/TUhandControl/TivaC/TivaWare/usblib/gcc/libusb.a(usbdma.o)
 .text.iDMAUSBTransfer
                0x0000000000002d86       0xde /home/wesley/Sources/TUhandControl/TivaC/TivaWare/usblib/gcc/libusb.a(usbdma.o)
 .text.iDMAUSBChannelStatus
                0x0000000000002e64       0x34 /home/wesley/Sources/TUhandControl/TivaC/TivaWare/usblib/gcc/libusb.a(usbdma.o)
 .text.uDMAUSBTransfer
                0x0000000000002e98       0xb8 /home/wesley/Sources/TUhandControl/TivaC/TivaWare/usblib/gcc/libusb.a(usbdma.o)
 .text.iDMAUSBUnitSizeSet
                0x0000000000002f50        0x2 /home/wesley/Sources/TUhandControl/TivaC/TivaWare/usblib/gcc/libusb.a(usbdma.o)
 .text.uDMAUSBChannelIntEnable
                0x0000000000002f52        0x2 /home/wesley/Sources/TUhandControl/TivaC/TivaWare/usblib/gcc/libusb.a(usbdma.o)
 .text.USBLibDMAInit
                0x0000000000002f54      0x164 /home/wesley/Sources/TUhandControl/TivaC/TivaWare/usblib/gcc/libusb.a(usbdma.o)
                0x0000000000002f54                USBLibDMAInit
 .text.USBStackModeSet
                0x00000000000030b8       0x1c /home/wesley/Sources/TUhandControl/TivaC/TivaWare/usblib/gcc/libusb.a(usbmode.o)
                0x00000000000030b8                USBStackModeSet
 .text.UpdateIndexAtomic
                0x00000000000030d4       0x2a /home/wesley/Sources/TUhandControl/TivaC/TivaWare/usblib/gcc/libusb.a(usbringbuf.o)
 .text.USBRingBufFlush
                0x00000000000030fe       0x18 /home/wesley/Sources/TUhandControl/TivaC/TivaWare/usblib/gcc/libusb.a(usbringbuf.o)
                0x00000000000030fe                USBRingBufFlush
 .text.USBRingBufUsed
                0x0000000000003116       0x12 /home/wesley/Sources/TUhandControl/TivaC/TivaWare/usblib/gcc/libusb.a(usbringbuf.o)
                0x0000000000003116                USBRingBufUsed
 .text.USBRingBufFree
                0x0000000000003128        0xe /home/wesley/Sources/TUhandControl/TivaC/TivaWare/usblib/gcc/libusb.a(usbringbuf.o)
                0x0000000000003128                USBRingBufFree
 .text.USBRingBufContigUsed
                0x0000000000003136       0x10 /home/wesley/Sources/TUhandControl/TivaC/TivaWare/usblib/gcc/libusb.a(usbringbuf.o)
                0x0000000000003136                USBRingBufContigUsed
 .text.USBRingBufContigFree
                0x0000000000003146       0x1a /home/wesley/Sources/TUhandControl/TivaC/TivaWare/usblib/gcc/libusb.a(usbringbuf.o)
                0x0000000000003146                USBRingBufContigFree
 .text.USBRingBufReadOne
                0x0000000000003160       0x16 /home/wesley/Sources/TUhandControl/TivaC/TivaWare/usblib/gcc/libusb.a(usbringbuf.o)
                0x0000000000003160                USBRingBufReadOne
 .text.USBRingBufRead
                0x0000000000003176       0x1a /home/wesley/Sources/TUhandControl/TivaC/TivaWare/usblib/gcc/libusb.a(usbringbuf.o)
                0x0000000000003176                USBRingBufRead
 .text.USBRingBufAdvanceRead
                0x0000000000003190       0x1c /home/wesley/Sources/TUhandControl/TivaC/TivaWare/usblib/gcc/libusb.a(usbringbuf.o)
                0x0000000000003190                USBRingBufAdvanceRead
 .text.USBRingBufAdvanceWrite
                0x00000000000031ac       0x36 /home/wesley/Sources/TUhandControl/TivaC/TivaWare/usblib/gcc/libusb.a(usbringbuf.o)
                0x00000000000031ac                USBRingBufAdvanceWrite
 .text.USBRingBufWriteOne
                0x00000000000031e2       0x12 /home/wesley/Sources/TUhandControl/TivaC/TivaWare/usblib/gcc/libusb.a(usbringbuf.o)
                0x00000000000031e2                USBRingBufWriteOne
 .text.USBRingBufWrite
                0x00000000000031f4       0x1a /home/wesley/Sources/TUhandControl/TivaC/TivaWare/usblib/gcc/libusb.a(usbringbuf.o)
                0x00000000000031f4                USBRingBufWrite
 .text.USBRingBufInit
                0x000000000000320e        0xc /home/wesley/Sources/TUhandControl/TivaC/TivaWare/usblib/gcc/libusb.a(usbringbuf.o)
                0x000000000000320e                USBRingBufInit
 *fill*         0x000000000000321a        0x2 
 .text.InternalUSBTickInit
                0x000000000000321c       0x30 /home/wesley/Sources/TUhandControl/TivaC/TivaWare/usblib/gcc/libusb.a(usbtick.o)
                0x000000000000321c                InternalUSBTickInit
 .text.InternalUSBRegisterTickHandler
                0x000000000000324c       0x30 /home/wesley/Sources/TUhandControl/TivaC/TivaWare/usblib/gcc/libusb.a(usbtick.o)
                0x000000000000324c                InternalUSBRegisterTickHandler
 .text.InternalUSBStartOfFrameTick
                0x000000000000327c       0x34 /home/wesley/Sources/TUhandControl/TivaC/TivaWare/usblib/gcc/libusb.a(usbtick.o)
                0x000000000000327c                InternalUSBStartOfFrameTick
 .text.ULPIConfigSet
                0x00000000000032b0       0x54 /home/wesley/Sources/TUhandControl/TivaC/TivaWare/usblib/gcc/libusb.a(usbulpi.o)
                0x00000000000032b0                ULPIConfigSet
 .text.NextConfigDescGet
                0x0000000000003304       0x34 /home/wesley/Sources/TUhandControl/TivaC/TivaWare/usblib/gcc/libusb.a(usbdcdesc.o)
 .text.USBDCDConfigDescGetSize
                0x0000000000003338       0x1e /home/wesley/Sources/TUhandControl/TivaC/TivaWare/usblib/gcc/libusb.a(usbdcdesc.o)
                0x0000000000003338                USBDCDConfigDescGetSize
 .text.USBDCDConfigDescGetNum
                0x0000000000003356       0x2a /home/wesley/Sources/TUhandControl/TivaC/TivaWare/usblib/gcc/libusb.a(usbdcdesc.o)
                0x0000000000003356                USBDCDConfigDescGetNum
 .text.USBDCDConfigDescGet
                0x0000000000003380       0x58 /home/wesley/Sources/TUhandControl/TivaC/TivaWare/usblib/gcc/libusb.a(usbdcdesc.o)
                0x0000000000003380                USBDCDConfigDescGet
 .text.USBDCDConfigGetInterface
                0x00000000000033d8       0x58 /home/wesley/Sources/TUhandControl/TivaC/TivaWare/usblib/gcc/libusb.a(usbdcdesc.o)
                0x00000000000033d8                USBDCDConfigGetInterface
 .text.USBDCDConfigGetInterfaceEndpoint
                0x0000000000003430       0x38 /home/wesley/Sources/TUhandControl/TivaC/TivaWare/usblib/gcc/libusb.a(usbdcdesc.o)
                0x0000000000003430                USBDCDConfigGetInterfaceEndpoint
 .text.GetEPDescriptorType
                0x0000000000003468       0x44 /home/wesley/Sources/TUhandControl/TivaC/TivaWare/usblib/gcc/libusb.a(usbdconfig.o)
 .text.USBDeviceConfig
                0x00000000000034ac      0x164 /home/wesley/Sources/TUhandControl/TivaC/TivaWare/usblib/gcc/libusb.a(usbdconfig.o)
                0x00000000000034ac                USBDeviceConfig
 .text.USBDeviceConfigAlternate
                0x0000000000003610       0x88 /home/wesley/Sources/TUhandControl/TivaC/TivaWare/usblib/gcc/libusb.a(usbdconfig.o)
                0x0000000000003610                USBDeviceConfigAlternate
 .text.USBDescGetNum
                0x0000000000003698       0x24 /home/wesley/Sources/TUhandControl/TivaC/TivaWare/usblib/gcc/libusb.a(usbdesc.o)
                0x0000000000003698                USBDescGetNum
 .text.USBDescGet
                0x00000000000036bc       0x28 /home/wesley/Sources/TUhandControl/TivaC/TivaWare/usblib/gcc/libusb.a(usbdesc.o)
                0x00000000000036bc                USBDescGet
 .text.IntMasterEnable
                0x00000000000036e4        0xe /home/wesley/Sources/TUhandControl/TivaC/TivaWare/driverlib/gcc/libdriver.a(interrupt.o)
                0x00000000000036e4                IntMasterEnable
 .text.IntMasterDisable
                0x00000000000036f2        0xe /home/wesley/Sources/TUhandControl/TivaC/TivaWare/driverlib/gcc/libdriver.a(interrupt.o)
                0x00000000000036f2                IntMasterDisable
 .text.IntRegister
                0x0000000000003700       0x34 /home/wesley/Sources/TUhandControl/TivaC/TivaWare/driverlib/gcc/libdriver.a(interrupt.o)
                0x0000000000003700                IntRegister
 .text.IntEnable
                0x0000000000003734       0x60 /home/wesley/Sources/TUhandControl/TivaC/TivaWare/driverlib/gcc/libdriver.a(interrupt.o)
                0x0000000000003734                IntEnable
 .text.IntDisable
                0x0000000000003794       0x60 /home/wesley/Sources/TUhandControl/TivaC/TivaWare/driverlib/gcc/libdriver.a(interrupt.o)
                0x0000000000003794                IntDisable
 .text.IntIsEnabled
                0x00000000000037f4       0x64 /home/wesley/Sources/TUhandControl/TivaC/TivaWare/driverlib/gcc/libdriver.a(interrupt.o)
                0x00000000000037f4                IntIsEnabled
 .text.SysCtlPeripheralReset
                0x0000000000003858       0x40 /home/wesley/Sources/TUhandControl/TivaC/TivaWare/driverlib/gcc/libdriver.a(sysctl.o)
                0x0000000000003858                SysCtlPeripheralReset
 .text.SysCtlPeripheralEnable
                0x0000000000003898       0x28 /home/wesley/Sources/TUhandControl/TivaC/TivaWare/driverlib/gcc/libdriver.a(sysctl.o)
                0x0000000000003898                SysCtlPeripheralEnable
 .text.SysCtlUSBPLLEnable
                0x00000000000038c0       0x10 /home/wesley/Sources/TUhandControl/TivaC/TivaWare/driverlib/gcc/libdriver.a(sysctl.o)
                0x00000000000038c0                SysCtlUSBPLLEnable
 .text.SysTickIntRegister
                0x00000000000038d0       0x1c /home/wesley/Sources/TUhandControl/TivaC/TivaWare/driverlib/gcc/libdriver.a(systick.o)
                0x00000000000038d0                SysTickIntRegister
 .text.uDMAChannelEnable
                0x00000000000038ec       0x14 /home/wesley/Sources/TUhandControl/TivaC/TivaWare/driverlib/gcc/libdriver.a(udma.o)
                0x00000000000038ec                uDMAChannelEnable
 .text.uDMAChannelDisable
                0x0000000000003900       0x14 /home/wesley/Sources/TUhandControl/TivaC/TivaWare/driverlib/gcc/libdriver.a(udma.o)
                0x0000000000003900                uDMAChannelDisable
 .text.uDMAChannelAttributeDisable
                0x0000000000003914       0x4c /home/wesley/Sources/TUhandControl/TivaC/TivaWare/driverlib/gcc/libdriver.a(udma.o)
                0x0000000000003914                uDMAChannelAttributeDisable
 .text.uDMAChannelControlSet
                0x0000000000003960       0x20 /home/wesley/Sources/TUhandControl/TivaC/TivaWare/driverlib/gcc/libdriver.a(udma.o)
                0x0000000000003960                uDMAChannelControlSet
 .text.uDMAChannelTransferSet
                0x0000000000003980       0x88 /home/wesley/Sources/TUhandControl/TivaC/TivaWare/driverlib/gcc/libdriver.a(udma.o)
                0x0000000000003980                uDMAChannelTransferSet
 .text.uDMAChannelModeGet
                0x0000000000003a08       0x24 /home/wesley/Sources/TUhandControl/TivaC/TivaWare/driverlib/gcc/libdriver.a(udma.o)
                0x0000000000003a08                uDMAChannelModeGet
 .text._USBIntNumberGet.isra.0
                0x0000000000003a2c       0x34 /home/wesley/Sources/TUhandControl/TivaC/TivaWare/driverlib/gcc/libdriver.a(usb.o)
 .text.USBHostResume
                0x0000000000003a60       0x12 /home/wesley/Sources/TUhandControl/TivaC/TivaWare/driverlib/gcc/libdriver.a(usb.o)
                0x0000000000003a60                USBHostResume
 *fill*         0x0000000000003a72        0x2 
 .text.USBIntEnableControl
                0x0000000000003a74       0x28 /home/wesley/Sources/TUhandControl/TivaC/TivaWare/driverlib/gcc/libdriver.a(usb.o)
                0x0000000000003a74                USBIntEnableControl
 .text.USBIntStatusControl
                0x0000000000003a9c       0x3c /home/wesley/Sources/TUhandControl/TivaC/TivaWare/driverlib/gcc/libdriver.a(usb.o)
                0x0000000000003a9c                USBIntStatusControl
 .text.USBIntEnableEndpoint
                0x0000000000003ad8       0x18 /home/wesley/Sources/TUhandControl/TivaC/TivaWare/driverlib/gcc/libdriver.a(usb.o)
                0x0000000000003ad8                USBIntEnableEndpoint
 .text.USBIntStatusEndpoint
                0x0000000000003af0        0xc /home/wesley/Sources/TUhandControl/TivaC/TivaWare/driverlib/gcc/libdriver.a(usb.o)
                0x0000000000003af0                USBIntStatusEndpoint
 .text.USBIntRegister
                0x0000000000003afc       0x1a /home/wesley/Sources/TUhandControl/TivaC/TivaWare/driverlib/gcc/libdriver.a(usb.o)
                0x0000000000003afc                USBIntRegister
 .text.USBEndpointStatus
                0x0000000000003b16       0x12 /home/wesley/Sources/TUhandControl/TivaC/TivaWare/driverlib/gcc/libdriver.a(usb.o)
                0x0000000000003b16                USBEndpointStatus
 .text.USBDevEndpointStatusClear
                0x0000000000003b28       0x5a /home/wesley/Sources/TUhandControl/TivaC/TivaWare/driverlib/gcc/libdriver.a(usb.o)
                0x0000000000003b28                USBDevEndpointStatusClear
 .text.USBDevEndpointStall
                0x0000000000003b82       0x30 /home/wesley/Sources/TUhandControl/TivaC/TivaWare/driverlib/gcc/libdriver.a(usb.o)
                0x0000000000003b82                USBDevEndpointStall
 .text.USBDevEndpointStallClear
                0x0000000000003bb2       0x40 /home/wesley/Sources/TUhandControl/TivaC/TivaWare/driverlib/gcc/libdriver.a(usb.o)
                0x0000000000003bb2                USBDevEndpointStallClear
 .text.USBDevConnect
                0x0000000000003bf2        0xa /home/wesley/Sources/TUhandControl/TivaC/TivaWare/driverlib/gcc/libdriver.a(usb.o)
                0x0000000000003bf2                USBDevConnect
 .text.USBDevDisconnect
                0x0000000000003bfc        0xa /home/wesley/Sources/TUhandControl/TivaC/TivaWare/driverlib/gcc/libdriver.a(usb.o)
                0x0000000000003bfc                USBDevDisconnect
 .text.USBDevAddrSet
                0x0000000000003c06        0x6 /home/wesley/Sources/TUhandControl/TivaC/TivaWare/driverlib/gcc/libdriver.a(usb.o)
                0x0000000000003c06                USBDevAddrSet
 .text.USBDevEndpointConfigSet
                0x0000000000003c0c       0x80 /home/wesley/Sources/TUhandControl/TivaC/TivaWare/driverlib/gcc/libdriver.a(usb.o)
                0x0000000000003c0c                USBDevEndpointConfigSet
 .text.USBFIFOConfigSet
                0x0000000000003c8c       0x44 /home/wesley/Sources/TUhandControl/TivaC/TivaWare/driverlib/gcc/libdriver.a(usb.o)
                0x0000000000003c8c                USBFIFOConfigSet
 .text.USBEndpointDMAConfigSet
                0x0000000000003cd0       0x4c /home/wesley/Sources/TUhandControl/TivaC/TivaWare/driverlib/gcc/libdriver.a(usb.o)
                0x0000000000003cd0                USBEndpointDMAConfigSet
 .text.USBEndpointDMAEnable
                0x0000000000003d1c       0x1e /home/wesley/Sources/TUhandControl/TivaC/TivaWare/driverlib/gcc/libdriver.a(usb.o)
                0x0000000000003d1c                USBEndpointDMAEnable
 .text.USBEndpointDMADisable
                0x0000000000003d3a       0x1e /home/wesley/Sources/TUhandControl/TivaC/TivaWare/driverlib/gcc/libdriver.a(usb.o)
                0x0000000000003d3a                USBEndpointDMADisable
 .text.USBEndpointDataAvail
                0x0000000000003d58       0x20 /home/wesley/Sources/TUhandControl/TivaC/TivaWare/driverlib/gcc/libdriver.a(usb.o)
                0x0000000000003d58                USBEndpointDataAvail
 .text.USBEndpointDataGet
                0x0000000000003d78       0x48 /home/wesley/Sources/TUhandControl/TivaC/TivaWare/driverlib/gcc/libdriver.a(usb.o)
                0x0000000000003d78                USBEndpointDataGet
 .text.USBDevEndpointDataAck
                0x0000000000003dc0       0x1e /home/wesley/Sources/TUhandControl/TivaC/TivaWare/driverlib/gcc/libdriver.a(usb.o)
                0x0000000000003dc0                USBDevEndpointDataAck
 .text.USBEndpointDataPut
                0x0000000000003dde       0x32 /home/wesley/Sources/TUhandControl/TivaC/TivaWare/driverlib/gcc/libdriver.a(usb.o)
                0x0000000000003dde                USBEndpointDataPut
 .text.USBEndpointDataSend
                0x0000000000003e10       0x2e /home/wesley/Sources/TUhandControl/TivaC/TivaWare/driverlib/gcc/libdriver.a(usb.o)
                0x0000000000003e10                USBEndpointDataSend
 .text.USBFIFOAddrGet
                0x0000000000003e3e        0x8 /home/wesley/Sources/TUhandControl/TivaC/TivaWare/driverlib/gcc/libdriver.a(usb.o)
                0x0000000000003e3e                USBFIFOAddrGet
 .text.USBEndpointDMAChannel
                0x0000000000003e46       0x1e /home/wesley/Sources/TUhandControl/TivaC/TivaWare/driverlib/gcc/libdriver.a(usb.o)
                0x0000000000003e46                USBEndpointDMAChannel
 .text.USBDevMode
                0x0000000000003e64        0x8 /home/wesley/Sources/TUhandControl/TivaC/TivaWare/driverlib/gcc/libdriver.a(usb.o)
                0x0000000000003e64                USBDevMode
 .text.USBOTGMode
                0x0000000000003e6c        0x8 /home/wesley/Sources/TUhandControl/TivaC/TivaWare/driverlib/gcc/libdriver.a(usb.o)
                0x0000000000003e6c                USBOTGMode
 .text.USBEndpointPacketCountSet
                0x0000000000003e74       0x12 /home/wesley/Sources/TUhandControl/TivaC/TivaWare/driverlib/gcc/libdriver.a(usb.o)
                0x0000000000003e74                USBEndpointPacketCountSet
 .text.USBControllerVersion
                0x0000000000003e86        0xa /home/wesley/Sources/TUhandControl/TivaC/TivaWare/driverlib/gcc/libdriver.a(usb.o)
                0x0000000000003e86                USBControllerVersion
 .text.USBClockEnable
                0x0000000000003e90        0xa /home/wesley/Sources/TUhandControl/TivaC/TivaWare/driverlib/gcc/libdriver.a(usb.o)
                0x0000000000003e90                USBClockEnable
 .text.USBDMAChannelIntEnable
                0x0000000000003e9a       0x10 /home/wesley/Sources/TUhandControl/TivaC/TivaWare/driverlib/gcc/libdriver.a(usb.o)
                0x0000000000003e9a                USBDMAChannelIntEnable
 .text.USBDMAChannelIntDisable
                0x0000000000003eaa       0x10 /home/wesley/Sources/TUhandControl/TivaC/TivaWare/driverlib/gcc/libdriver.a(usb.o)
                0x0000000000003eaa                USBDMAChannelIntDisable
 .text.USBDMAChannelIntStatus
                0x0000000000003eba        0x6 /home/wesley/Sources/TUhandControl/TivaC/TivaWare/driverlib/gcc/libdriver.a(usb.o)
                0x0000000000003eba                USBDMAChannelIntStatus
 .text.USBDMAChannelEnable
                0x0000000000003ec0       0x10 /home/wesley/Sources/TUhandControl/TivaC/TivaWare/driverlib/gcc/libdriver.a(usb.o)
                0x0000000000003ec0                USBDMAChannelEnable
 .text.USBDMAChannelDisable
                0x0000000000003ed0       0x10 /home/wesley/Sources/TUhandControl/TivaC/TivaWare/driverlib/gcc/libdriver.a(usb.o)
                0x0000000000003ed0                USBDMAChannelDisable
 .text.USBDMAChannelConfigSet
                0x0000000000003ee0       0x12 /home/wesley/Sources/TUhandControl/TivaC/TivaWare/driverlib/gcc/libdriver.a(usb.o)
                0x0000000000003ee0                USBDMAChannelConfigSet
 .text.USBDMAChannelStatus
                0x0000000000003ef2        0xe /home/wesley/Sources/TUhandControl/TivaC/TivaWare/driverlib/gcc/libdriver.a(usb.o)
                0x0000000000003ef2                USBDMAChannelStatus
 .text.USBDMAChannelAddressSet
                0x0000000000003f00        0xa /home/wesley/Sources/TUhandControl/TivaC/TivaWare/driverlib/gcc/libdriver.a(usb.o)
                0x0000000000003f00                USBDMAChannelAddressSet
 .text.USBDMAChannelCountSet
                0x0000000000003f0a        0xa /home/wesley/Sources/TUhandControl/TivaC/TivaWare/driverlib/gcc/libdriver.a(usb.o)
                0x0000000000003f0a                USBDMAChannelCountSet
 .text.USBULPIEnable
                0x0000000000003f14        0xe /home/wesley/Sources/TUhandControl/TivaC/TivaWare/driverlib/gcc/libdriver.a(usb.o)
                0x0000000000003f14                USBULPIEnable
 .text.USBULPIDisable
                0x0000000000003f22        0xe /home/wesley/Sources/TUhandControl/TivaC/TivaWare/driverlib/gcc/libdriver.a(usb.o)
                0x0000000000003f22                USBULPIDisable
 .text.USBULPIRegRead
                0x0000000000003f30       0x20 /home/wesley/Sources/TUhandControl/TivaC/TivaWare/driverlib/gcc/libdriver.a(usb.o)
                0x0000000000003f30                USBULPIRegRead
 .text.USBULPIRegWrite
                0x0000000000003f50       0x20 /home/wesley/Sources/TUhandControl/TivaC/TivaWare/driverlib/gcc/libdriver.a(usb.o)
                0x0000000000003f50                USBULPIRegWrite
 .text.USBDevLPMConfig
                0x0000000000003f70        0x8 /home/wesley/Sources/TUhandControl/TivaC/TivaWare/driverlib/gcc/libdriver.a(usb.o)
                0x0000000000003f70                USBDevLPMConfig
 .text.USBDevLPMEnable
                0x0000000000003f78        0xe /home/wesley/Sources/TUhandControl/TivaC/TivaWare/driverlib/gcc/libdriver.a(usb.o)
                0x0000000000003f78                USBDevLPMEnable
 .text.USBDevLPMDisable
                0x0000000000003f86        0xe /home/wesley/Sources/TUhandControl/TivaC/TivaWare/driverlib/gcc/libdriver.a(usb.o)
                0x0000000000003f86                USBDevLPMDisable
 .text.USBLPMIntStatus
                0x0000000000003f94        0x6 /home/wesley/Sources/TUhandControl/TivaC/TivaWare/driverlib/gcc/libdriver.a(usb.o)
                0x0000000000003f94                USBLPMIntStatus
 .text.USBLPMIntEnable
                0x0000000000003f9a        0xe /home/wesley/Sources/TUhandControl/TivaC/TivaWare/driverlib/gcc/libdriver.a(usb.o)
                0x0000000000003f9a                USBLPMIntEnable
 .text.CPUcpsid
                0x0000000000003fa8        0x8 /home/wesley/Sources/TUhandControl/TivaC/TivaWare/driverlib/gcc/libdriver.a(cpu.o)
                0x0000000000003fa8                CPUcpsid
 .text.CPUcpsie
                0x0000000000003fb0        0x8 /home/wesley/Sources/TUhandControl/TivaC/TivaWare/driverlib/gcc/libdriver.a(cpu.o)
                0x0000000000003fb0                CPUcpsie
 .text          0x0000000000003fb8      0x134 /usr/bin/../lib/gcc/arm-none-eabi/6.2.1/../../../../arm-none-eabi/lib/thumb/v7e-m/fpv4-sp/hard/libc.a(lib_a-memcpy.o)
                0x0000000000003fb8                memcpy
 .text.realloc  0x00000000000040ec       0x10 /usr/bin/../lib/gcc/arm-none-eabi/6.2.1/../../../../arm-none-eabi/lib/thumb/v7e-m/fpv4-sp/hard/libc.a(lib_a-realloc.o)
                0x00000000000040ec                realloc
 .text._realloc_r
                0x00000000000040fc      0x34c /usr/bin/../lib/gcc/arm-none-eabi/6.2.1/../../../../arm-none-eabi/lib/thumb/v7e-m/fpv4-sp/hard/libc.a(lib_a-reallocr.o)
                0x00000000000040fc                _realloc_r
 *fill*         0x0000000000004448       0x38 
 .text          0x0000000000004480       0xdc /usr/bin/../lib/gcc/arm-none-eabi/6.2.1/../../../../arm-none-eabi/lib/thumb/v7e-m/fpv4-sp/hard/libc.a(lib_a-strlen.o)
                0x0000000000004480                strlen
 .text._malloc_trim_r
                0x000000000000455c       0xa0 /usr/bin/../lib/gcc/arm-none-eabi/6.2.1/../../../../arm-none-eabi/lib/thumb/v7e-m/fpv4-sp/hard/libc.a(lib_a-freer.o)
                0x000000000000455c                _malloc_trim_r
 .text._free_r  0x00000000000045fc      0x1cc /usr/bin/../lib/gcc/arm-none-eabi/6.2.1/../../../../arm-none-eabi/lib/thumb/v7e-m/fpv4-sp/hard/libc.a(lib_a-freer.o)
                0x00000000000045fc                _free_r
 .text._malloc_r
                0x00000000000047c8      0x560 /usr/bin/../lib/gcc/arm-none-eabi/6.2.1/../../../../arm-none-eabi/lib/thumb/v7e-m/fpv4-sp/hard/libc.a(lib_a-mallocr.o)
                0x00000000000047c8                _malloc_r
 .text.memmove  0x0000000000004d28       0xc8 /usr/bin/../lib/gcc/arm-none-eabi/6.2.1/../../../../arm-none-eabi/lib/thumb/v7e-m/fpv4-sp/hard/libc.a(lib_a-memmove.o)
                0x0000000000004d28                memmove
 .text.__malloc_lock
                0x0000000000004df0        0x4 /usr/bin/../lib/gcc/arm-none-eabi/6.2.1/../../../../arm-none-eabi/lib/thumb/v7e-m/fpv4-sp/hard/libc.a(lib_a-mlock.o)
                0x0000000000004df0                __malloc_lock
 .text.__malloc_unlock
                0x0000000000004df4        0x4 /usr/bin/../lib/gcc/arm-none-eabi/6.2.1/../../../../arm-none-eabi/lib/thumb/v7e-m/fpv4-sp/hard/libc.a(lib_a-mlock.o)
                0x0000000000004df4                __malloc_unlock
 .text._sbrk_r  0x0000000000004df8       0x24 /usr/bin/../lib/gcc/arm-none-eabi/6.2.1/../../../../arm-none-eabi/lib/thumb/v7e-m/fpv4-sp/hard/libc.a(lib_a-sbrkr.o)
                0x0000000000004df8                _sbrk_r
 .text._sbrk    0x0000000000004e1c       0x1c /usr/bin/../lib/gcc/arm-none-eabi/6.2.1/../../../../arm-none-eabi/lib/thumb/v7e-m/fpv4-sp/hard/libnosys.a(sbrk.o)
                0x0000000000004e1c                _sbrk
 *(.glue_7t)
 .glue_7t       0x0000000000004e38        0x0 linker stubs
 *(.glue_7)
 .glue_7        0x0000000000004e38        0x0 linker stubs
 *(.rodata .rodata* .gnu.linkonce.r.*)
 .rodata._ZTVN8std_msgs4TimeE
                0x0000000000004e38       0x18 CMakeFiles/time_tf.axf.dir/time_tf.cpp.obj
                0x0000000000004e38                vtable for std_msgs::Time
 .rodata._ZTVN14rosserial_msgs9TopicInfoE
                0x0000000000004e50       0x18 CMakeFiles/time_tf.axf.dir/time_tf.cpp.obj
                0x0000000000004e50                vtable for rosserial_msgs::TopicInfo
 .rodata._ZTVN14rosserial_msgs3LogE
                0x0000000000004e68       0x18 CMakeFiles/time_tf.axf.dir/time_tf.cpp.obj
                0x0000000000004e68                vtable for rosserial_msgs::Log
 .rodata._ZTVN14rosserial_msgs20RequestParamResponseE
                0x0000000000004e80       0x18 CMakeFiles/time_tf.axf.dir/time_tf.cpp.obj
                0x0000000000004e80                vtable for rosserial_msgs::RequestParamResponse
 .rodata._ZTVN8std_msgs6HeaderE
                0x0000000000004e98       0x18 CMakeFiles/time_tf.axf.dir/time_tf.cpp.obj
                0x0000000000004e98                vtable for std_msgs::Header
 .rodata._ZTVN13geometry_msgs7Vector3E
                0x0000000000004eb0       0x18 CMakeFiles/time_tf.axf.dir/time_tf.cpp.obj
                0x0000000000004eb0                vtable for geometry_msgs::Vector3
 .rodata._ZTVN13geometry_msgs10QuaternionE
                0x0000000000004ec8       0x18 CMakeFiles/time_tf.axf.dir/time_tf.cpp.obj
                0x0000000000004ec8                vtable for geometry_msgs::Quaternion
 .rodata._ZTVN13geometry_msgs9TransformE
                0x0000000000004ee0       0x18 CMakeFiles/time_tf.axf.dir/time_tf.cpp.obj
                0x0000000000004ee0                vtable for geometry_msgs::Transform
 .rodata._ZTVN13geometry_msgs16TransformStampedE
                0x0000000000004ef8       0x18 CMakeFiles/time_tf.axf.dir/time_tf.cpp.obj
                0x0000000000004ef8                vtable for geometry_msgs::TransformStamped
 .rodata._ZTVN2tf9tfMessageE
                0x0000000000004f10       0x18 CMakeFiles/time_tf.axf.dir/time_tf.cpp.obj
                0x0000000000004f10                vtable for tf::tfMessage
 .rodata._ZTVN3ros11NodeHandle_I13TivaCHardwareLi25ELi25ELi512ELi512EEE
                0x0000000000004f28       0x14 CMakeFiles/time_tf.axf.dir/time_tf.cpp.obj
                0x0000000000004f28                vtable for ros::NodeHandle_<TivaCHardware, 25, 25, 512, 512>
 .rodata._GLOBAL__sub_I_nh.str1.1
                0x0000000000004f3c        0x4 CMakeFiles/time_tf.axf.dir/time_tf.cpp.obj
 .rodata._ZN13geometry_msgs10Quaternion6getMD5Ev.str1.1
                0x0000000000004f40       0x21 CMakeFiles/time_tf.axf.dir/time_tf.cpp.obj
 .rodata._ZN13geometry_msgs10Quaternion7getTypeEv.str1.1
                0x0000000000004f61       0x19 CMakeFiles/time_tf.axf.dir/time_tf.cpp.obj
 .rodata._ZN13geometry_msgs16TransformStamped6getMD5Ev.str1.1
                0x0000000000004f7a       0x21 CMakeFiles/time_tf.axf.dir/time_tf.cpp.obj
 .rodata._ZN13geometry_msgs16TransformStamped7getTypeEv.str1.1
                0x0000000000004f9b       0x1f CMakeFiles/time_tf.axf.dir/time_tf.cpp.obj
 .rodata._ZN13geometry_msgs7Vector36getMD5Ev.str1.1
                0x0000000000004fba       0x21 CMakeFiles/time_tf.axf.dir/time_tf.cpp.obj
 .rodata._ZN13geometry_msgs7Vector37getTypeEv.str1.1
                0x0000000000004fdb       0x16 CMakeFiles/time_tf.axf.dir/time_tf.cpp.obj
 .rodata._ZN13geometry_msgs9Transform6getMD5Ev.str1.1
                0x0000000000004ff1       0x21 CMakeFiles/time_tf.axf.dir/time_tf.cpp.obj
 .rodata._ZN13geometry_msgs9Transform7getTypeEv.str1.1
                0x0000000000005012       0x18 CMakeFiles/time_tf.axf.dir/time_tf.cpp.obj
 .rodata._ZN14rosserial_msgs20RequestParamResponse6getMD5Ev.str1.1
                0x000000000000502a       0x21 CMakeFiles/time_tf.axf.dir/time_tf.cpp.obj
 .rodata._ZN14rosserial_msgs3Log6getMD5Ev.str1.1
                0x000000000000504b       0x21 CMakeFiles/time_tf.axf.dir/time_tf.cpp.obj
 .rodata._ZN14rosserial_msgs3Log7getTypeEv.str1.1
                0x000000000000506c       0x13 CMakeFiles/time_tf.axf.dir/time_tf.cpp.obj
 .rodata._ZN14rosserial_msgs9TopicInfo6getMD5Ev.str1.1
                0x000000000000507f       0x21 CMakeFiles/time_tf.axf.dir/time_tf.cpp.obj
 .rodata._ZN14rosserial_msgs9TopicInfo7getTypeEv.str1.1
                0x00000000000050a0       0x19 CMakeFiles/time_tf.axf.dir/time_tf.cpp.obj
 .rodata._ZN14rosserial_msgsL12REQUESTPARAME
                0x00000000000050b9       0x1c CMakeFiles/time_tf.axf.dir/time_tf.cpp.obj
 .rodata._ZN2tf9tfMessage6getMD5Ev.str1.1
                0x00000000000050d5       0x21 CMakeFiles/time_tf.axf.dir/time_tf.cpp.obj
 .rodata._ZN2tf9tfMessage7getTypeEv.str1.1
                0x00000000000050f6        0xd CMakeFiles/time_tf.axf.dir/time_tf.cpp.obj
 .rodata._ZN3ros11NodeHandle_I13TivaCHardwareLi25ELi25ELi512ELi512EE15negotiateTopicsEv.str1.1
                0x0000000000005103        0xd CMakeFiles/time_tf.axf.dir/time_tf.cpp.obj
                                          0x1 (size before relaxing)
 .rodata._ZN3ros11NodeHandle_I13TivaCHardwareLi25ELi25ELi512ELi512EE7publishEiPKNS_3MsgE.str1.1
                0x0000000000005103       0x39 CMakeFiles/time_tf.axf.dir/time_tf.cpp.obj
 .rodata._ZN8std_msgs4Time6getMD5Ev.str1.1
                0x000000000000513c       0x21 CMakeFiles/time_tf.axf.dir/time_tf.cpp.obj
 .rodata._ZN8std_msgs4Time7getTypeEv.str1.1
                0x000000000000515d        0xe CMakeFiles/time_tf.axf.dir/time_tf.cpp.obj
 .rodata._ZN8std_msgs6Header6getMD5Ev.str1.1
                0x000000000000516b       0x21 CMakeFiles/time_tf.axf.dir/time_tf.cpp.obj
 .rodata._ZN8std_msgs6Header7getTypeEv.str1.1
                0x000000000000518c       0x10 CMakeFiles/time_tf.axf.dir/time_tf.cpp.obj
 .rodata.g_ppui8StringDescriptors
                0x000000000000519c       0x18 CMakeFiles/time_tf.axf.dir/home/wesley/Sources/TUhandControl/TivaC/catkin_rosserial_tut/build/rosserial_tivac_tutorials/ros_lib/usb_serial_structs.c.obj
                0x000000000000519c                g_ppui8StringDescriptors
 .rodata.g_pui8ConfigString
                0x00000000000051b4       0x36 CMakeFiles/time_tf.axf.dir/home/wesley/Sources/TUhandControl/TivaC/catkin_rosserial_tut/build/rosserial_tivac_tutorials/ros_lib/usb_serial_structs.c.obj
                0x00000000000051b4                g_pui8ConfigString
 .rodata.g_pui8ControlInterfaceString
                0x00000000000051ea       0x2c CMakeFiles/time_tf.axf.dir/home/wesley/Sources/TUhandControl/TivaC/catkin_rosserial_tut/build/rosserial_tivac_tutorials/ros_lib/usb_serial_structs.c.obj
                0x00000000000051ea                g_pui8ControlInterfaceString
 .rodata.g_pui8LangDescriptor
                0x0000000000005216        0x4 CMakeFiles/time_tf.axf.dir/home/wesley/Sources/TUhandControl/TivaC/catkin_rosserial_tut/build/rosserial_tivac_tutorials/ros_lib/usb_serial_structs.c.obj
                0x0000000000005216                g_pui8LangDescriptor
 .rodata.g_pui8ManufacturerString
                0x000000000000521a       0x24 CMakeFiles/time_tf.axf.dir/home/wesley/Sources/TUhandControl/TivaC/catkin_rosserial_tut/build/rosserial_tivac_tutorials/ros_lib/usb_serial_structs.c.obj
                0x000000000000521a                g_pui8ManufacturerString
 .rodata.g_pui8ProductString
                0x000000000000523e       0x22 CMakeFiles/time_tf.axf.dir/home/wesley/Sources/TUhandControl/TivaC/catkin_rosserial_tut/build/rosserial_tivac_tutorials/ros_lib/usb_serial_structs.c.obj
                0x000000000000523e                g_pui8ProductString
 .rodata.g_pui8SerialNumberString
                0x0000000000005260       0x12 CMakeFiles/time_tf.axf.dir/home/wesley/Sources/TUhandControl/TivaC/catkin_rosserial_tut/build/rosserial_tivac_tutorials/ros_lib/usb_serial_structs.c.obj
                0x0000000000005260                g_pui8SerialNumberString
 *fill*         0x0000000000005272        0x2 
 .rodata.g_pCDCCompSerConfigDescriptors
                0x0000000000005274        0x4 /home/wesley/Sources/TUhandControl/TivaC/TivaWare/usblib/gcc/libusb.a(usbdcdc.o)
                0x0000000000005274                g_pCDCCompSerConfigDescriptors
 .rodata.g_pCDCCompSerConfigDescriptorsHS
                0x0000000000005278        0x4 /home/wesley/Sources/TUhandControl/TivaC/TivaWare/usblib/gcc/libusb.a(usbdcdc.o)
                0x0000000000005278                g_pCDCCompSerConfigDescriptorsHS
 .rodata.g_ppCDCSerConfigDescriptors
                0x000000000000527c        0x4 /home/wesley/Sources/TUhandControl/TivaC/TivaWare/usblib/gcc/libusb.a(usbdcdc.o)
                0x000000000000527c                g_ppCDCSerConfigDescriptors
 .rodata.g_ppCDCSerConfigDescriptorsHS
                0x0000000000005280        0x4 /home/wesley/Sources/TUhandControl/TivaC/TivaWare/usblib/gcc/libusb.a(usbdcdc.o)
                0x0000000000005280                g_ppCDCSerConfigDescriptorsHS
 .rodata.g_pui8CDCSerCommInterface
                0x0000000000005284       0x23 /home/wesley/Sources/TUhandControl/TivaC/TivaWare/usblib/gcc/libusb.a(usbdcdc.o)
                0x0000000000005284                g_pui8CDCSerCommInterface
 .rodata.g_pui8CDCSerDataInterface
                0x00000000000052a7       0x17 /home/wesley/Sources/TUhandControl/TivaC/TivaWare/usblib/gcc/libusb.a(usbdcdc.o)
                0x00000000000052a7                g_pui8CDCSerDataInterface
 .rodata.g_pui8CDCSerDataInterfaceHS
                0x00000000000052be       0x17 /home/wesley/Sources/TUhandControl/TivaC/TivaWare/usblib/gcc/libusb.a(usbdcdc.o)
                0x00000000000052be                g_pui8CDCSerDataInterfaceHS
 *fill*         0x00000000000052d5        0x3 
 .rodata.g_sCDCCompSerConfigHeader
                0x00000000000052d8        0x8 /home/wesley/Sources/TUhandControl/TivaC/TivaWare/usblib/gcc/libusb.a(usbdcdc.o)
                0x00000000000052d8                g_sCDCCompSerConfigHeader
 .rodata.g_sCDCCompSerConfigHeaderHS
                0x00000000000052e0        0x8 /home/wesley/Sources/TUhandControl/TivaC/TivaWare/usblib/gcc/libusb.a(usbdcdc.o)
                0x00000000000052e0                g_sCDCCompSerConfigHeaderHS
 .rodata.g_sCDCHandlers
                0x00000000000052e8       0x30 /home/wesley/Sources/TUhandControl/TivaC/TivaWare/usblib/gcc/libusb.a(usbdcdc.o)
                0x00000000000052e8                g_sCDCHandlers
 .rodata.g_sCDCSerCommInterfaceSection
                0x0000000000005318        0x8 /home/wesley/Sources/TUhandControl/TivaC/TivaWare/usblib/gcc/libusb.a(usbdcdc.o)
                0x0000000000005318                g_sCDCSerCommInterfaceSection
 .rodata.g_sCDCSerConfigHeader
                0x0000000000005320        0x8 /home/wesley/Sources/TUhandControl/TivaC/TivaWare/usblib/gcc/libusb.a(usbdcdc.o)
                0x0000000000005320                g_sCDCSerConfigHeader
 .rodata.g_sCDCSerConfigHeaderHS
                0x0000000000005328        0x8 /home/wesley/Sources/TUhandControl/TivaC/TivaWare/usblib/gcc/libusb.a(usbdcdc.o)
                0x0000000000005328                g_sCDCSerConfigHeaderHS
 .rodata.g_sCDCSerConfigSection
                0x0000000000005330        0x8 /home/wesley/Sources/TUhandControl/TivaC/TivaWare/usblib/gcc/libusb.a(usbdcdc.o)
                0x0000000000005330                g_sCDCSerConfigSection
 .rodata.g_sCDCSerDataInterfaceSection
                0x0000000000005338        0x8 /home/wesley/Sources/TUhandControl/TivaC/TivaWare/usblib/gcc/libusb.a(usbdcdc.o)
                0x0000000000005338                g_sCDCSerDataInterfaceSection
 .rodata.g_sCDCSerDataInterfaceSectionHS
                0x0000000000005340        0x8 /home/wesley/Sources/TUhandControl/TivaC/TivaWare/usblib/gcc/libusb.a(usbdcdc.o)
                0x0000000000005340                g_sCDCSerDataInterfaceSectionHS
 .rodata.g_sIADSerConfigSection
                0x0000000000005348        0x8 /home/wesley/Sources/TUhandControl/TivaC/TivaWare/usblib/gcc/libusb.a(usbdcdc.o)
                0x0000000000005348                g_sIADSerConfigSection
 .rodata.g_psUSBDStdRequests
                0x0000000000005350       0x34 /home/wesley/Sources/TUhandControl/TivaC/TivaWare/usblib/gcc/libusb.a(usbdenum.o)
 .rodata.g_pui32Dii16Regs
                0x0000000000005384       0x14 /home/wesley/Sources/TUhandControl/TivaC/TivaWare/driverlib/gcc/libdriver.a(interrupt.o)
 .rodata.g_pui32EnRegs
                0x0000000000005398       0x14 /home/wesley/Sources/TUhandControl/TivaC/TivaWare/driverlib/gcc/libdriver.a(interrupt.o)
 *(.ARM.extab* .gnu.linkonce.armextab.*)
                0x00000000000053ac                . = ALIGN (0x4)
 *(.init)
                0x00000000000053ac                . = ALIGN (0x4)
                0x00000000000053ac                __preinit_array_start = .
 *(SORT(.preinit_array*))
 *(.preinit_array)
                0x00000000000053ac                __preinit_array_end = .
                0x00000000000053ac                . = ALIGN (0x4)
                0x00000000000053ac                __init_array_start = .
 *(SORT(.init_array.*))
 *(.init_array)
 .init_array    0x00000000000053ac        0x4 CMakeFiles/time_tf.axf.dir/time_tf.cpp.obj
                0x00000000000053b0                __init_array_end = .
                0x00000000000053b0                . = ALIGN (0x4)
 *(.fini)
                0x00000000000053b0                . = ALIGN (0x4)
                0x00000000000053b0                __fini_array_start = .
 *(.fini_array)
 *(SORT(.fini_array.*))
                0x00000000000053b0                __fini_array_end = .
                0x00000000000053b0                . = ALIGN (0x4)
                0x00000000000053b0                _etext = .

.vfp11_veneer   0x00000000000053b0        0x0
 .vfp11_veneer  0x00000000000053b0        0x0 linker stubs

.v4_bx          0x00000000000053b0        0x0
 .v4_bx         0x00000000000053b0        0x0 linker stubs

.iplt           0x00000000000053b0        0x0
 .iplt          0x00000000000053b0        0x0 CMakeFiles/time_tf.axf.dir/time_tf.cpp.obj

.rel.dyn        0x00000000000053b0        0x0
 .rel.iplt      0x00000000000053b0        0x0 CMakeFiles/time_tf.axf.dir/time_tf.cpp.obj

.data           0x0000000020000000      0xbf8 load address 0x00000000000053b0
                0x0000000020000000                . = ALIGN (0x4)
                0x0000000020000000                _data = .
 *(vtable)
 vtable         0x0000000020000000      0x26c /home/wesley/Sources/TUhandControl/TivaC/TivaWare/driverlib/gcc/libdriver.a(interrupt.o)
 *(.data .data* .gnu.linkonce.d.*)
 .data.base_link
                0x000000002000026c        0xb CMakeFiles/time_tf.axf.dir/time_tf.cpp.obj
                0x000000002000026c                base_link
 .data.odom     0x0000000020000277        0x6 CMakeFiles/time_tf.axf.dir/time_tf.cpp.obj
                0x0000000020000277                odom
 *fill*         0x000000002000027d        0x3 
 .data.g_sCDCDevice
                0x0000000020000280       0x60 CMakeFiles/time_tf.axf.dir/home/wesley/Sources/TUhandControl/TivaC/catkin_rosserial_tut/build/rosserial_tivac_tutorials/ros_lib/usb_serial_structs.c.obj
                0x0000000020000280                g_sCDCDevice
 .data.g_sRxBuffer
                0x00000000200002e0       0x38 CMakeFiles/time_tf.axf.dir/home/wesley/Sources/TUhandControl/TivaC/catkin_rosserial_tut/build/rosserial_tivac_tutorials/ros_lib/usb_serial_structs.c.obj
                0x00000000200002e0                g_sRxBuffer
 .data.g_sTxBuffer
                0x0000000020000318       0x38 CMakeFiles/time_tf.axf.dir/home/wesley/Sources/TUhandControl/TivaC/catkin_rosserial_tut/build/rosserial_tivac_tutorials/ros_lib/usb_serial_structs.c.obj
                0x0000000020000318                g_sTxBuffer
 .data.g_psCDCCompSerSections
                0x0000000020000350       0x10 /home/wesley/Sources/TUhandControl/TivaC/TivaWare/usblib/gcc/libusb.a(usbdcdc.o)
                0x0000000020000350                g_psCDCCompSerSections
 .data.g_psCDCCompSerSectionsHS
                0x0000000020000360       0x10 /home/wesley/Sources/TUhandControl/TivaC/TivaWare/usblib/gcc/libusb.a(usbdcdc.o)
                0x0000000020000360                g_psCDCCompSerSectionsHS
 .data.g_psCDCSerSections
                0x0000000020000370        0xc /home/wesley/Sources/TUhandControl/TivaC/TivaWare/usblib/gcc/libusb.a(usbdcdc.o)
                0x0000000020000370                g_psCDCSerSections
 .data.g_psCDCSerSectionsHS
                0x000000002000037c        0xc /home/wesley/Sources/TUhandControl/TivaC/TivaWare/usblib/gcc/libusb.a(usbdcdc.o)
                0x000000002000037c                g_psCDCSerSectionsHS
 .data.g_pui8CDCSerDescriptor
                0x0000000020000388        0x9 /home/wesley/Sources/TUhandControl/TivaC/TivaWare/usblib/gcc/libusb.a(usbdcdc.o)
                0x0000000020000388                g_pui8CDCSerDescriptor
 .data.g_pui8CDCSerDeviceDescriptor
                0x0000000020000391       0x12 /home/wesley/Sources/TUhandControl/TivaC/TivaWare/usblib/gcc/libusb.a(usbdcdc.o)
                0x0000000020000391                g_pui8CDCSerDeviceDescriptor
 .data.g_pui8IADSerDescriptor
                0x00000000200003a3        0x8 /home/wesley/Sources/TUhandControl/TivaC/TivaWare/usblib/gcc/libusb.a(usbdcdc.o)
                0x00000000200003a3                g_pui8IADSerDescriptor
 *fill*         0x00000000200003ab        0x1 
 .data.g_ui16MaxPacketSize
                0x00000000200003ac        0x2 /home/wesley/Sources/TUhandControl/TivaC/TivaWare/usblib/gcc/libusb.a(usbdcdc.o)
 *fill*         0x00000000200003ae        0x2 
 .data.g_ui32PLLDiv
                0x00000000200003b0        0x4 /home/wesley/Sources/TUhandControl/TivaC/TivaWare/usblib/gcc/libusb.a(usbdenum.o)
 .data.g_iUSBMode
                0x00000000200003b4        0x1 /home/wesley/Sources/TUhandControl/TivaC/TivaWare/usblib/gcc/libusb.a(usbmode.o)
                0x00000000200003b4                g_iUSBMode
 *fill*         0x00000000200003b5        0x3 
 .data._impure_ptr
                0x00000000200003b8        0x4 /usr/bin/../lib/gcc/arm-none-eabi/6.2.1/../../../../arm-none-eabi/lib/thumb/v7e-m/fpv4-sp/hard/libc.a(lib_a-impure.o)
                0x00000000200003b8                _impure_ptr
 *fill*         0x00000000200003bc        0x4 
 .data.impure_data
                0x00000000200003c0      0x428 /usr/bin/../lib/gcc/arm-none-eabi/6.2.1/../../../../arm-none-eabi/lib/thumb/v7e-m/fpv4-sp/hard/libc.a(lib_a-impure.o)
 .data.__malloc_av_
                0x00000000200007e8      0x408 /usr/bin/../lib/gcc/arm-none-eabi/6.2.1/../../../../arm-none-eabi/lib/thumb/v7e-m/fpv4-sp/hard/libc.a(lib_a-mallocr.o)
                0x00000000200007e8                __malloc_av_
 .data.__malloc_sbrk_base
                0x0000000020000bf0        0x4 /usr/bin/../lib/gcc/arm-none-eabi/6.2.1/../../../../arm-none-eabi/lib/thumb/v7e-m/fpv4-sp/hard/libc.a(lib_a-mallocr.o)
                0x0000000020000bf0                __malloc_sbrk_base
 .data.__malloc_trim_threshold
                0x0000000020000bf4        0x4 /usr/bin/../lib/gcc/arm-none-eabi/6.2.1/../../../../arm-none-eabi/lib/thumb/v7e-m/fpv4-sp/hard/libc.a(lib_a-mallocr.o)
                0x0000000020000bf4                __malloc_trim_threshold
                0x0000000020000bf8                _edata = .

.igot.plt       0x0000000020000bf8        0x0 load address 0x0000000000005fa8
 .igot.plt      0x0000000020000bf8        0x0 CMakeFiles/time_tf.axf.dir/time_tf.cpp.obj

.bss            0x0000000020000bf8      0xa70 load address 0x0000000000005fa8
                0x0000000020000bf8                . = ALIGN (0x4)
                0x0000000020000bf8                _bss = .
                0x0000000020000bf8                __bss_start__ = _bss
 *(.bss*)
 .bss.broadcaster
                0x0000000020000bf8       0x98 CMakeFiles/time_tf.axf.dir/time_tf.cpp.obj
                0x0000000020000bf8                broadcaster
 .bss.nh        0x0000000020000c90      0x52c CMakeFiles/time_tf.axf.dir/time_tf.cpp.obj
                0x0000000020000c90                nh
 *fill*         0x00000000200011bc        0x4 
 .bss.t         0x00000000200011c0       0x70 CMakeFiles/time_tf.axf.dir/time_tf.cpp.obj
                0x00000000200011c0                t
 .bss.g_ui32heartbeat
                0x0000000020001230        0x4 CMakeFiles/time_tf.axf.dir/home/wesley/Sources/TUhandControl/TivaC/catkin_rosserial_tut/build/rosserial_tivac_tutorials/ros_lib/tivac_hardware.cpp.obj
                0x0000000020001230                g_ui32heartbeat
 .bss.g_ui32milliseconds
                0x0000000020001234        0x4 CMakeFiles/time_tf.axf.dir/home/wesley/Sources/TUhandControl/TivaC/catkin_rosserial_tut/build/rosserial_tivac_tutorials/ros_lib/tivac_hardware.cpp.obj
                0x0000000020001234                g_ui32milliseconds
 .bss.g_bUSBConfigured
                0x0000000020001238        0x1 CMakeFiles/time_tf.axf.dir/home/wesley/Sources/TUhandControl/TivaC/catkin_rosserial_tut/build/rosserial_tivac_tutorials/ros_lib/usb_serial_structs.c.obj
 .bss.g_pui8DataBufferIn
                0x0000000020001239       0x40 /home/wesley/Sources/TUhandControl/TivaC/TivaWare/usblib/gcc/libusb.a(usbdenum.o)
 *fill*         0x0000000020001279        0x3 
 .bss.g_ui32ULPISupport
                0x000000002000127c        0x4 /home/wesley/Sources/TUhandControl/TivaC/TivaWare/usblib/gcc/libusb.a(usbdenum.o)
 .bss.ui32SOFDivide.6417
                0x0000000020001280        0x4 /home/wesley/Sources/TUhandControl/TivaC/TivaWare/usblib/gcc/libusb.a(usbdenum.o)
 .bss.g_psUSBDMAInst
                0x0000000020001284      0x110 /home/wesley/Sources/TUhandControl/TivaC/TivaWare/usblib/gcc/libusb.a(usbdma.o)
 .bss.g_pfnUSBModeCallback
                0x0000000020001394        0x4 /home/wesley/Sources/TUhandControl/TivaC/TivaWare/usblib/gcc/libusb.a(usbmode.o)
 .bss.g_bUSBTimerInitialized
                0x0000000020001398        0x1 /home/wesley/Sources/TUhandControl/TivaC/TivaWare/usblib/gcc/libusb.a(usbtick.o)
                0x0000000020001398                g_bUSBTimerInitialized
 *fill*         0x0000000020001399        0x3 
 .bss.g_ui32CurrentUSBTick
                0x000000002000139c        0x4 /home/wesley/Sources/TUhandControl/TivaC/TivaWare/usblib/gcc/libusb.a(usbtick.o)
                0x000000002000139c                g_ui32CurrentUSBTick
 .bss.g_ui32USBSOFCount
                0x00000000200013a0        0x4 /home/wesley/Sources/TUhandControl/TivaC/TivaWare/usblib/gcc/libusb.a(usbtick.o)
                0x00000000200013a0                g_ui32USBSOFCount
 .bss.__malloc_current_mallinfo
                0x00000000200013a4       0x28 /usr/bin/../lib/gcc/arm-none-eabi/6.2.1/../../../../arm-none-eabi/lib/thumb/v7e-m/fpv4-sp/hard/libc.a(lib_a-mallocr.o)
                0x00000000200013a4                __malloc_current_mallinfo
 .bss.__malloc_max_sbrked_mem
                0x00000000200013cc        0x4 /usr/bin/../lib/gcc/arm-none-eabi/6.2.1/../../../../arm-none-eabi/lib/thumb/v7e-m/fpv4-sp/hard/libc.a(lib_a-mallocr.o)
                0x00000000200013cc                __malloc_max_sbrked_mem
 .bss.__malloc_max_total_mem
                0x00000000200013d0        0x4 /usr/bin/../lib/gcc/arm-none-eabi/6.2.1/../../../../arm-none-eabi/lib/thumb/v7e-m/fpv4-sp/hard/libc.a(lib_a-mallocr.o)
                0x00000000200013d0                __malloc_max_total_mem
 .bss.__malloc_top_pad
                0x00000000200013d4        0x4 /usr/bin/../lib/gcc/arm-none-eabi/6.2.1/../../../../arm-none-eabi/lib/thumb/v7e-m/fpv4-sp/hard/libc.a(lib_a-mallocr.o)
                0x00000000200013d4                __malloc_top_pad
 .bss.heap_end.5239
                0x00000000200013d8        0x4 /usr/bin/../lib/gcc/arm-none-eabi/6.2.1/../../../../arm-none-eabi/lib/thumb/v7e-m/fpv4-sp/hard/libnosys.a(sbrk.o)
 *(COMMON)
 COMMON         0x00000000200013dc      0x200 CMakeFiles/time_tf.axf.dir/home/wesley/Sources/TUhandControl/TivaC/catkin_rosserial_tut/build/rosserial_tivac_tutorials/ros_lib/usb_serial_structs.c.obj
                0x00000000200013dc                g_pui8USBRxBuffer
                0x00000000200014dc                g_pui8USBTxBuffer
 COMMON         0x00000000200015dc       0x54 /home/wesley/Sources/TUhandControl/TivaC/TivaWare/usblib/gcc/libusb.a(usbdenum.o)
                0x00000000200015dc                g_psDCDInst
                0x000000002000162c                g_ppsDevInfo
 COMMON         0x0000000020001630       0x30 /home/wesley/Sources/TUhandControl/TivaC/TivaWare/usblib/gcc/libusb.a(usbtick.o)
                0x0000000020001630                g_pvTickInstance
                0x0000000020001648                g_pfnTickHandlers
 COMMON         0x0000000020001660        0x4 /usr/bin/../lib/gcc/arm-none-eabi/6.2.1/../../../../arm-none-eabi/lib/thumb/v7e-m/fpv4-sp/hard/libc.a(lib_a-reent.o)
                0x0000000020001660                errno
                0x0000000020001664                . = ALIGN (0x4)
                0x0000000020001664                _ebss = .
                0x0000000020001664                __bss_end__ = _ebss
                0x0000000020001668                . = ALIGN (0x8)
 *fill*         0x0000000020001664        0x4 
                [!provide]                        PROVIDE (__exidx_start, .)

.ARM.exidx
 *(.ARM.exidx* .gnu.linkonce.armexidx.*)
                [!provide]                        PROVIDE (__exidx_end, .)
                0x0000000020001668                . = ALIGN (0x4)
                0x0000000020001668                _end = .
                0x0000000020001668                PROVIDE (end, _end)
                0x0000000020008000                PROVIDE (_estack, (ORIGIN (SRAM) + LENGTH (SRAM)))
OUTPUT(/home/wesley/Sources/TUhandControl/TivaC/catkin_rosserial_tut/devel/share/rosserial_tivac_tutorials/time_tf.axf elf32-littlearm)

.comment        0x0000000000000000       0x6e
 .comment       0x0000000000000000       0x6e CMakeFiles/time_tf.axf.dir/time_tf.cpp.obj
                                         0x6f (size before relaxing)
 .comment       0x000000000000006e       0x6f CMakeFiles/time_tf.axf.dir/home/wesley/Sources/TUhandControl/TivaC/catkin_rosserial_tut/build/rosserial_tivac_tutorials/ros_lib/startup_gcc.c.obj
 .comment       0x000000000000006e       0x6f CMakeFiles/time_tf.axf.dir/home/wesley/Sources/TUhandControl/TivaC/catkin_rosserial_tut/build/rosserial_tivac_tutorials/ros_lib/time.cpp.obj
 .comment       0x000000000000006e       0x6f CMakeFiles/time_tf.axf.dir/home/wesley/Sources/TUhandControl/TivaC/catkin_rosserial_tut/build/rosserial_tivac_tutorials/ros_lib/tivac_hardware.cpp.obj
 .comment       0x000000000000006e       0x6f CMakeFiles/time_tf.axf.dir/home/wesley/Sources/TUhandControl/TivaC/catkin_rosserial_tut/build/rosserial_tivac_tutorials/ros_lib/usb_serial_structs.c.obj
 .comment       0x000000000000006e       0x6f /home/wesley/Sources/TUhandControl/TivaC/TivaWare/usblib/gcc/libusb.a(usbbuffer.o)
 .comment       0x000000000000006e       0x6f /home/wesley/Sources/TUhandControl/TivaC/TivaWare/usblib/gcc/libusb.a(usbdcdc.o)
 .comment       0x000000000000006e       0x6f /home/wesley/Sources/TUhandControl/TivaC/TivaWare/usblib/gcc/libusb.a(usbdenum.o)
 .comment       0x000000000000006e       0x6f /home/wesley/Sources/TUhandControl/TivaC/TivaWare/usblib/gcc/libusb.a(usbdhandler.o)
 .comment       0x000000000000006e       0x6f /home/wesley/Sources/TUhandControl/TivaC/TivaWare/usblib/gcc/libusb.a(usbdma.o)
 .comment       0x000000000000006e       0x6f /home/wesley/Sources/TUhandControl/TivaC/TivaWare/usblib/gcc/libusb.a(usbmode.o)
 .comment       0x000000000000006e       0x6f /home/wesley/Sources/TUhandControl/TivaC/TivaWare/usblib/gcc/libusb.a(usbringbuf.o)
 .comment       0x000000000000006e       0x6f /home/wesley/Sources/TUhandControl/TivaC/TivaWare/usblib/gcc/libusb.a(usbtick.o)
 .comment       0x000000000000006e       0x6f /home/wesley/Sources/TUhandControl/TivaC/TivaWare/usblib/gcc/libusb.a(usbulpi.o)
 .comment       0x000000000000006e       0x6f /home/wesley/Sources/TUhandControl/TivaC/TivaWare/usblib/gcc/libusb.a(usbdcdesc.o)
 .comment       0x000000000000006e       0x6f /home/wesley/Sources/TUhandControl/TivaC/TivaWare/usblib/gcc/libusb.a(usbdconfig.o)
 .comment       0x000000000000006e       0x6f /home/wesley/Sources/TUhandControl/TivaC/TivaWare/usblib/gcc/libusb.a(usbdesc.o)
 .comment       0x000000000000006e       0x6f /home/wesley/Sources/TUhandControl/TivaC/TivaWare/driverlib/gcc/libdriver.a(interrupt.o)
 .comment       0x000000000000006e       0x6f /home/wesley/Sources/TUhandControl/TivaC/TivaWare/driverlib/gcc/libdriver.a(sysctl.o)
 .comment       0x000000000000006e       0x6f /home/wesley/Sources/TUhandControl/TivaC/TivaWare/driverlib/gcc/libdriver.a(systick.o)
 .comment       0x000000000000006e       0x6f /home/wesley/Sources/TUhandControl/TivaC/TivaWare/driverlib/gcc/libdriver.a(udma.o)
 .comment       0x000000000000006e       0x6f /home/wesley/Sources/TUhandControl/TivaC/TivaWare/driverlib/gcc/libdriver.a(usb.o)
 .comment       0x000000000000006e       0x6f /home/wesley/Sources/TUhandControl/TivaC/TivaWare/driverlib/gcc/libdriver.a(cpu.o)

.ARM.attributes
                0x0000000000000000       0x37
 .ARM.attributes
                0x0000000000000000       0x39 CMakeFiles/time_tf.axf.dir/time_tf.cpp.obj
 .ARM.attributes
                0x0000000000000039       0x39 CMakeFiles/time_tf.axf.dir/home/wesley/Sources/TUhandControl/TivaC/catkin_rosserial_tut/build/rosserial_tivac_tutorials/ros_lib/startup_gcc.c.obj
 .ARM.attributes
                0x0000000000000072       0x39 CMakeFiles/time_tf.axf.dir/home/wesley/Sources/TUhandControl/TivaC/catkin_rosserial_tut/build/rosserial_tivac_tutorials/ros_lib/time.cpp.obj
 .ARM.attributes
                0x00000000000000ab       0x39 CMakeFiles/time_tf.axf.dir/home/wesley/Sources/TUhandControl/TivaC/catkin_rosserial_tut/build/rosserial_tivac_tutorials/ros_lib/tivac_hardware.cpp.obj
 .ARM.attributes
                0x00000000000000e4       0x39 CMakeFiles/time_tf.axf.dir/home/wesley/Sources/TUhandControl/TivaC/catkin_rosserial_tut/build/rosserial_tivac_tutorials/ros_lib/usb_serial_structs.c.obj
 .ARM.attributes
                0x000000000000011d       0x39 /home/wesley/Sources/TUhandControl/TivaC/TivaWare/usblib/gcc/libusb.a(usbbuffer.o)
 .ARM.attributes
                0x0000000000000156       0x39 /home/wesley/Sources/TUhandControl/TivaC/TivaWare/usblib/gcc/libusb.a(usbdcdc.o)
 .ARM.attributes
                0x000000000000018f       0x39 /home/wesley/Sources/TUhandControl/TivaC/TivaWare/usblib/gcc/libusb.a(usbdenum.o)
 .ARM.attributes
                0x00000000000001c8       0x39 /home/wesley/Sources/TUhandControl/TivaC/TivaWare/usblib/gcc/libusb.a(usbdhandler.o)
 .ARM.attributes
                0x0000000000000201       0x39 /home/wesley/Sources/TUhandControl/TivaC/TivaWare/usblib/gcc/libusb.a(usbdma.o)
 .ARM.attributes
                0x000000000000023a       0x39 /home/wesley/Sources/TUhandControl/TivaC/TivaWare/usblib/gcc/libusb.a(usbmode.o)
 .ARM.attributes
                0x0000000000000273       0x39 /home/wesley/Sources/TUhandControl/TivaC/TivaWare/usblib/gcc/libusb.a(usbringbuf.o)
 .ARM.attributes
                0x00000000000002ac       0x39 /home/wesley/Sources/TUhandControl/TivaC/TivaWare/usblib/gcc/libusb.a(usbtick.o)
 .ARM.attributes
                0x00000000000002e5       0x39 /home/wesley/Sources/TUhandControl/TivaC/TivaWare/usblib/gcc/libusb.a(usbulpi.o)
 .ARM.attributes
                0x000000000000031e       0x39 /home/wesley/Sources/TUhandControl/TivaC/TivaWare/usblib/gcc/libusb.a(usbdcdesc.o)
 .ARM.attributes
                0x0000000000000357       0x39 /home/wesley/Sources/TUhandControl/TivaC/TivaWare/usblib/gcc/libusb.a(usbdconfig.o)
 .ARM.attributes
                0x0000000000000390       0x39 /home/wesley/Sources/TUhandControl/TivaC/TivaWare/usblib/gcc/libusb.a(usbdesc.o)
 .ARM.attributes
                0x00000000000003c9       0x39 /home/wesley/Sources/TUhandControl/TivaC/TivaWare/driverlib/gcc/libdriver.a(interrupt.o)
 .ARM.attributes
                0x0000000000000402       0x39 /home/wesley/Sources/TUhandControl/TivaC/TivaWare/driverlib/gcc/libdriver.a(sysctl.o)
 .ARM.attributes
                0x000000000000043b       0x39 /home/wesley/Sources/TUhandControl/TivaC/TivaWare/driverlib/gcc/libdriver.a(systick.o)
 .ARM.attributes
                0x0000000000000474       0x39 /home/wesley/Sources/TUhandControl/TivaC/TivaWare/driverlib/gcc/libdriver.a(udma.o)
 .ARM.attributes
                0x00000000000004ad       0x39 /home/wesley/Sources/TUhandControl/TivaC/TivaWare/driverlib/gcc/libdriver.a(usb.o)
 .ARM.attributes
                0x00000000000004e6       0x39 /home/wesley/Sources/TUhandControl/TivaC/TivaWare/driverlib/gcc/libdriver.a(cpu.o)
 .ARM.attributes
                0x000000000000051f       0x20 /usr/bin/../lib/gcc/arm-none-eabi/6.2.1/../../../../arm-none-eabi/lib/thumb/v7e-m/fpv4-sp/hard/libc.a(lib_a-memcpy.o)
 .ARM.attributes
                0x000000000000053f       0x34 /usr/bin/../lib/gcc/arm-none-eabi/6.2.1/../../../../arm-none-eabi/lib/thumb/v7e-m/fpv4-sp/hard/libc.a(lib_a-realloc.o)
 .ARM.attributes
                0x0000000000000573       0x34 /usr/bin/../lib/gcc/arm-none-eabi/6.2.1/../../../../arm-none-eabi/lib/thumb/v7e-m/fpv4-sp/hard/libc.a(lib_a-reallocr.o)
 .ARM.attributes
                0x00000000000005a7       0x20 /usr/bin/../lib/gcc/arm-none-eabi/6.2.1/../../../../arm-none-eabi/lib/thumb/v7e-m/fpv4-sp/hard/libc.a(lib_a-strlen.o)
 .ARM.attributes
                0x00000000000005c7       0x34 /usr/bin/../lib/gcc/arm-none-eabi/6.2.1/../../../../arm-none-eabi/lib/thumb/v7e-m/fpv4-sp/hard/libc.a(lib_a-freer.o)
 .ARM.attributes
                0x00000000000005fb       0x34 /usr/bin/../lib/gcc/arm-none-eabi/6.2.1/../../../../arm-none-eabi/lib/thumb/v7e-m/fpv4-sp/hard/libc.a(lib_a-impure.o)
 .ARM.attributes
                0x000000000000062f       0x34 /usr/bin/../lib/gcc/arm-none-eabi/6.2.1/../../../../arm-none-eabi/lib/thumb/v7e-m/fpv4-sp/hard/libc.a(lib_a-mallocr.o)
 .ARM.attributes
                0x0000000000000663       0x34 /usr/bin/../lib/gcc/arm-none-eabi/6.2.1/../../../../arm-none-eabi/lib/thumb/v7e-m/fpv4-sp/hard/libc.a(lib_a-memmove.o)
 .ARM.attributes
                0x0000000000000697       0x34 /usr/bin/../lib/gcc/arm-none-eabi/6.2.1/../../../../arm-none-eabi/lib/thumb/v7e-m/fpv4-sp/hard/libc.a(lib_a-mlock.o)
 .ARM.attributes
                0x00000000000006cb       0x34 /usr/bin/../lib/gcc/arm-none-eabi/6.2.1/../../../../arm-none-eabi/lib/thumb/v7e-m/fpv4-sp/hard/libc.a(lib_a-sbrkr.o)
 .ARM.attributes
                0x00000000000006ff       0x34 /usr/bin/../lib/gcc/arm-none-eabi/6.2.1/../../../../arm-none-eabi/lib/thumb/v7e-m/fpv4-sp/hard/libc.a(lib_a-reent.o)
 .ARM.attributes
                0x0000000000000733       0x34 /usr/bin/../lib/gcc/arm-none-eabi/6.2.1/../../../../arm-none-eabi/lib/thumb/v7e-m/fpv4-sp/hard/libnosys.a(sbrk.o)

.debug_frame    0x0000000000000000      0x258
 .debug_frame   0x0000000000000000       0x20 /usr/bin/../lib/gcc/arm-none-eabi/6.2.1/../../../../arm-none-eabi/lib/thumb/v7e-m/fpv4-sp/hard/libc.a(lib_a-realloc.o)
 .debug_frame   0x0000000000000020       0x68 /usr/bin/../lib/gcc/arm-none-eabi/6.2.1/../../../../arm-none-eabi/lib/thumb/v7e-m/fpv4-sp/hard/libc.a(lib_a-reallocr.o)
 .debug_frame   0x0000000000000088       0x74 /usr/bin/../lib/gcc/arm-none-eabi/6.2.1/../../../../arm-none-eabi/lib/thumb/v7e-m/fpv4-sp/hard/libc.a(lib_a-freer.o)
 .debug_frame   0x00000000000000fc       0x58 /usr/bin/../lib/gcc/arm-none-eabi/6.2.1/../../../../arm-none-eabi/lib/thumb/v7e-m/fpv4-sp/hard/libc.a(lib_a-mallocr.o)
 .debug_frame   0x0000000000000154       0x30 /usr/bin/../lib/gcc/arm-none-eabi/6.2.1/../../../../arm-none-eabi/lib/thumb/v7e-m/fpv4-sp/hard/libc.a(lib_a-memmove.o)
 .debug_frame   0x0000000000000184       0x30 /usr/bin/../lib/gcc/arm-none-eabi/6.2.1/../../../../arm-none-eabi/lib/thumb/v7e-m/fpv4-sp/hard/libc.a(lib_a-mlock.o)
 .debug_frame   0x00000000000001b4       0x2c /usr/bin/../lib/gcc/arm-none-eabi/6.2.1/../../../../arm-none-eabi/lib/thumb/v7e-m/fpv4-sp/hard/libc.a(lib_a-sbrkr.o)
 .debug_frame   0x00000000000001e0       0x58 /usr/bin/../lib/gcc/arm-none-eabi/6.2.1/../../../../arm-none-eabi/lib/thumb/v7e-m/fpv4-sp/hard/libc.a(lib_a-reent.o)
 .debug_frame   0x0000000000000238       0x20 /usr/bin/../lib/gcc/arm-none-eabi/6.2.1/../../../../arm-none-eabi/lib/thumb/v7e-m/fpv4-sp/hard/libnosys.a(sbrk.o)
