******************************************************************************
                  TI ARM Linker Unix v16.9.1                   
******************************************************************************
>> Linked Sun Mar 26 16:29:09 2017

OUTPUT FILE NAME:   <SPI_stepper.out>
ENTRY POINT SYMBOL: "_c_int00"  address: 00000d1d


MEMORY CONFIGURATION

         name            origin    length      used     unused   attr    fill
----------------------  --------  ---------  --------  --------  ----  --------
  FLASH                 00000000   00040000  000010b0  0003ef50  R  X
  SRAM                  20000000   00008000  00000220  00007de0  RW X


SEGMENT ALLOCATION MAP

run origin  load origin   length   init length attrs members
----------  ----------- ---------- ----------- ----- -------
00000000    00000000    000010b4   000010b4    r-x
  00000000    00000000    0000026c   0000026c    r-- .intvecs
  0000026c    0000026c    00000d24   00000d24    r-x .text
  00000f90    00000f90    000000fc   000000fc    r-- .const
  00001090    00001090    00000024   00000024    r-- .cinit
20000000    20000000    00000220   00000000    rw-
  20000000    20000000    00000200   00000000    rw- .stack
  20000200    20000200    00000020   00000000    rw- .data


SECTION ALLOCATION MAP

 output                                  attributes/
section   page    origin      length       input sections
--------  ----  ----------  ----------   ----------------
.intvecs   0    00000000    0000026c     
                  00000000    0000026c     tm4c123gh6pm_startup_ccs.obj (.intvecs)

.text      0    0000026c    00000d24     
                  0000026c    00000604     main.obj (.text)
                  00000870    00000132     driverlib.lib : gpio.obj (.text:GPIOPadConfigSet)
                  000009a2    00000002     rtsv7M4_T_le_v4SPD16_eabi.lib : mpu_init.obj (.text)
                  000009a4    00000110     driverlib.lib : sysctl.obj (.text:SysCtlClockGet)
                  00000ab4    000000f4                   : sysctl.obj (.text:SysCtlClockSet)
                  00000ba8    0000009c     rtsv7M4_T_le_v4SPD16_eabi.lib : memcpy_t2.obj (.text)
                  00000c44    00000070                                   : autoinit.obj (.text)
                  00000cb4    00000068                                   : copy_decompress_lzss.obj (.text:decompress:lzss)
                  00000d1c    00000054                                   : boot.obj (.text)
                  00000d70    00000054                                   : exit.obj (.text)
                  00000dc4    0000004c                                   : cpy_tbl.obj (.text)
                  00000e10    00000048     driverlib.lib : gpio.obj (.text:GPIOPinConfigure)
                  00000e58    0000003c                   : ssi.obj (.text:SSIConfigSetExpClk)
                  00000e94    00000034                   : sysctl.obj (.text:SysCtlPeripheralEnable)
                  00000ec8    0000002a                   : gpio.obj (.text:GPIODirModeSet)
                  00000ef2    00000018                   : gpio.obj (.text:GPIOPinTypeGPIOOutput)
                  00000f0a    00000002     rtsv7M4_T_le_v4SPD16_eabi.lib : startup.obj (.text)
                  00000f0c    00000018                                   : args_main.obj (.text)
                  00000f24    00000014                                   : _lock.obj (.text)
                  00000f38    00000012     driverlib.lib : gpio.obj (.text:GPIOPinTypeSSI)
                  00000f4a    0000000e     rtsv7M4_T_le_v4SPD16_eabi.lib : copy_decompress_none.obj (.text:decompress:none)
                  00000f58    0000000c     tm4c123gh6pm_startup_ccs.obj (.text)
                  00000f64    0000000a     driverlib.lib : ssi.obj (.text:SSIDataPut)
                  00000f6e    0000000a                   : ssi.obj (.text:SSIEnable)
                  00000f78    00000008                   : ssi.obj (.text:SSIBusy)
                  00000f80    00000006                   : gpio.obj (.text:GPIOPinWrite)
                  00000f86    00000006                   : sysctl.obj (.text:SysCtlDelay)
                  00000f8c    00000004     rtsv7M4_T_le_v4SPD16_eabi.lib : pre_init.obj (.text)

.const     0    00000f90    000000fc     
                  00000f90    00000090     driverlib.lib : gpio.obj (.const:g_pui32GPIOBaseAddrs)
                  00001020    0000006c                   : sysctl.obj (.const:g_pui32Xtals)

.cinit     0    00001090    00000024     
                  00001090    00000011     (.cinit..data.load) [load image, compression = lzss]
                  000010a1    00000003     --HOLE-- [fill = 0]
                  000010a4    00000008     (__TI_handler_table)
                  000010ac    00000008     (__TI_cinit_table)

.init_array 
*          0    00000000    00000000     UNINITIALIZED

.data      0    20000200    00000020     UNINITIALIZED
                  20000200    0000000c     rtsv7M4_T_le_v4SPD16_eabi.lib : exit.obj (.data:$O1$$)
                  2000020c    00000008                                   : _lock.obj (.data:$O1$$)
                  20000214    00000005     main.obj (.data)
                  20000219    00000003     --HOLE--
                  2000021c    00000004     rtsv7M4_T_le_v4SPD16_eabi.lib : stkdepth_vars.obj (.data)

.stack     0    20000000    00000200     UNINITIALIZED
                  20000000    00000200     --HOLE--

MODULE SUMMARY

       Module                         code   ro data   rw data
       ------                         ----   -------   -------
    ./
       main.obj                       1540   0         5      
       tm4c123gh6pm_startup_ccs.obj   12     620       0      
    +--+------------------------------+------+---------+---------+
       Total:                         1552   620       5      
                                                              
    /home/wesley/Sources/TUhandControl/TivaC/TivaWare/driverlib/ccs/Debug/driverlib.lib
       sysctl.obj                     574    108       0      
       gpio.obj                       468    144       0      
       ssi.obj                        88     0         0      
    +--+------------------------------+------+---------+---------+
       Total:                         1130   252       0      
                                                              
    /home/wesley/ti/ccsv7/tools/compiler/ti-cgt-arm_16.9.1.LTS/lib/rtsv7M4_T_le_v4SPD16_eabi.lib
       memcpy_t2.obj                  156    0         0      
       autoinit.obj                   112    0         0      
       copy_decompress_lzss.obj       104    0         0      
       exit.obj                       84     0         12     
       boot.obj                       84     0         0      
       cpy_tbl.obj                    76     0         0      
       _lock.obj                      20     0         8      
       args_main.obj                  24     0         0      
       copy_decompress_none.obj       14     0         0      
       pre_init.obj                   4      0         0      
       stkdepth_vars.obj              0      0         4      
       mpu_init.obj                   2      0         0      
       startup.obj                    2      0         0      
    +--+------------------------------+------+---------+---------+
       Total:                         682    0         24     
                                                              
       Stack:                         0      0         512    
       Linker Generated:              0      33        0      
    +--+------------------------------+------+---------+---------+
       Grand Total:                   3364   905       541    


LINKER GENERATED COPY TABLES

__TI_cinit_table @ 000010ac records: 1, size/record: 8, table size: 8
	.data: load addr=00001090, load size=00000011 bytes, run addr=20000200, run size=00000020 bytes, compression=lzss


LINKER GENERATED HANDLER TABLE

__TI_handler_table @ 000010a4 records: 2, size/record: 4, table size: 8
	index: 0, handler: __TI_decompress_lzss
	index: 1, handler: __TI_decompress_none


GLOBAL SYMBOLS: SORTED ALPHABETICALLY BY Name 

address   name                           
-------   ----                           
00000d71  C$$EXIT                        
20000215  CR0_reg                        
20000216  CR1_reg                        
20000217  CR2_reg                        
20000218  CR3_reg                        
00000369  ClearStepperRegisters          
00000ec9  GPIODirModeSet                 
00000871  GPIOPadConfigSet               
00000e11  GPIOPinConfigure               
00000ef3  GPIOPinTypeGPIOOutput          
00000f39  GPIOPinTypeSSI                 
00000f81  GPIOPinWrite                   
00000f59  ResetISR                       
000002c7  Reverse16                      
0000026d  Reverse8                       
UNDEFED   SHT$$INIT_ARRAY$$Base          
UNDEFED   SHT$$INIT_ARRAY$$Limit         
00000321  SPIWriteByte                   
00000f79  SSIBusy                        
00000e59  SSIConfigSetExpClk             
00000f65  SSIDataPut                     
00000f6f  SSIEnable                      
000003bd  SetStepperCurrent              
000005cb  SetStepperDirection            
00000631  SetStepperStepMode             
000005fd  StepperEnable                  
000009a5  SysCtlClockGet                 
00000ab5  SysCtlClockSet                 
00000f87  SysCtlDelay                    
00000e95  SysCtlPeripheralEnable         
20000214  WR_reg                         
20000200  __STACK_END                    
00000200  __STACK_SIZE                   
20000200  __STACK_TOP                    
000010ac  __TI_CINIT_Base                
000010b4  __TI_CINIT_Limit               
000010a4  __TI_Handler_Table_Base        
000010ac  __TI_Handler_Table_Limit       
00000c45  __TI_auto_init                 
20000200  __TI_cleanup_ptr               
00000cb5  __TI_decompress_lzss           
00000f4b  __TI_decompress_none           
20000204  __TI_dtors_ptr                 
20000208  __TI_enable_exit_profile_output
ffffffff  __TI_pprof_out_hndl            
ffffffff  __TI_prof_data_size            
ffffffff  __TI_prof_data_start           
00000000  __TI_static_base__             
00000ba9  __aeabi_memcpy                 
00000ba9  __aeabi_memcpy4                
00000ba9  __aeabi_memcpy8                
ffffffff  __binit__                      
ffffffff  __c_args__                     
000009a3  __mpu_init                     
20000000  __stack                        
00000f0d  _args_main                     
00000d1d  _c_int00                       
2000020c  _lock                          
00000f33  _nop                           
00000f2b  _register_lock                 
00000f25  _register_unlock               
00000f0b  _system_post_cinit             
00000f8d  _system_pre_init               
20000210  _unlock                        
00000d75  abort                          
ffffffff  binit                          
00000dc5  copy_in                        
00000d7d  exit                           
00000000  g_pfnVectors                   
00000777  main                           
2000021c  main_func_sp                   
00000ba9  memcpy                         


GLOBAL SYMBOLS: SORTED BY Symbol Address 

address   name                           
-------   ----                           
00000000  __TI_static_base__             
00000000  g_pfnVectors                   
00000200  __STACK_SIZE                   
0000026d  Reverse8                       
000002c7  Reverse16                      
00000321  SPIWriteByte                   
00000369  ClearStepperRegisters          
000003bd  SetStepperCurrent              
000005cb  SetStepperDirection            
000005fd  StepperEnable                  
00000631  SetStepperStepMode             
00000777  main                           
00000871  GPIOPadConfigSet               
000009a3  __mpu_init                     
000009a5  SysCtlClockGet                 
00000ab5  SysCtlClockSet                 
00000ba9  __aeabi_memcpy                 
00000ba9  __aeabi_memcpy4                
00000ba9  __aeabi_memcpy8                
00000ba9  memcpy                         
00000c45  __TI_auto_init                 
00000cb5  __TI_decompress_lzss           
00000d1d  _c_int00                       
00000d71  C$$EXIT                        
00000d75  abort                          
00000d7d  exit                           
00000dc5  copy_in                        
00000e11  GPIOPinConfigure               
00000e59  SSIConfigSetExpClk             
00000e95  SysCtlPeripheralEnable         
00000ec9  GPIODirModeSet                 
00000ef3  GPIOPinTypeGPIOOutput          
00000f0b  _system_post_cinit             
00000f0d  _args_main                     
00000f25  _register_unlock               
00000f2b  _register_lock                 
00000f33  _nop                           
00000f39  GPIOPinTypeSSI                 
00000f4b  __TI_decompress_none           
00000f59  ResetISR                       
00000f65  SSIDataPut                     
00000f6f  SSIEnable                      
00000f79  SSIBusy                        
00000f81  GPIOPinWrite                   
00000f87  SysCtlDelay                    
00000f8d  _system_pre_init               
000010a4  __TI_Handler_Table_Base        
000010ac  __TI_CINIT_Base                
000010ac  __TI_Handler_Table_Limit       
000010b4  __TI_CINIT_Limit               
20000000  __stack                        
20000200  __STACK_END                    
20000200  __STACK_TOP                    
20000200  __TI_cleanup_ptr               
20000204  __TI_dtors_ptr                 
20000208  __TI_enable_exit_profile_output
2000020c  _lock                          
20000210  _unlock                        
20000214  WR_reg                         
20000215  CR0_reg                        
20000216  CR1_reg                        
20000217  CR2_reg                        
20000218  CR3_reg                        
2000021c  main_func_sp                   
ffffffff  __TI_pprof_out_hndl            
ffffffff  __TI_prof_data_size            
ffffffff  __TI_prof_data_start           
ffffffff  __binit__                      
ffffffff  __c_args__                     
ffffffff  binit                          
UNDEFED   SHT$$INIT_ARRAY$$Base          
UNDEFED   SHT$$INIT_ARRAY$$Limit         

[72 symbols]
