Archive member included to satisfy reference by file (symbol)

/home/wesley/Sources/TUhandControl/TivaC/TivaWare/usblib/gcc/libusb.a(usbbuffer.o)
                              CMakeFiles/freertos123.axf.dir/freertos_demo.cpp.obj (USBBufferInit)
/home/wesley/Sources/TUhandControl/TivaC/TivaWare/usblib/gcc/libusb.a(usbdcdc.o)
                              CMakeFiles/freertos123.axf.dir/freertos_demo.cpp.obj (USBDCDCInit)
/home/wesley/Sources/TUhandControl/TivaC/TivaWare/usblib/gcc/libusb.a(usbdenum.o)
                              /home/wesley/Sources/TUhandControl/TivaC/TivaWare/usblib/gcc/libusb.a(usbdcdc.o) (USBDCDDeviceInfoInit)
/home/wesley/Sources/TUhandControl/TivaC/TivaWare/usblib/gcc/libusb.a(usbdhandler.o)
                              CMakeFiles/freertos123.axf.dir/freertos_demo.cpp.obj (USB0DeviceIntHandler)
/home/wesley/Sources/TUhandControl/TivaC/TivaWare/usblib/gcc/libusb.a(usbdma.o)
                              /home/wesley/Sources/TUhandControl/TivaC/TivaWare/usblib/gcc/libusb.a(usbdenum.o) (USBLibDMAInit)
/home/wesley/Sources/TUhandControl/TivaC/TivaWare/usblib/gcc/libusb.a(usbmode.o)
                              CMakeFiles/freertos123.axf.dir/freertos_demo.cpp.obj (USBStackModeSet)
/home/wesley/Sources/TUhandControl/TivaC/TivaWare/usblib/gcc/libusb.a(usbringbuf.o)
                              /home/wesley/Sources/TUhandControl/TivaC/TivaWare/usblib/gcc/libusb.a(usbbuffer.o) (USBRingBufFlush)
/home/wesley/Sources/TUhandControl/TivaC/TivaWare/usblib/gcc/libusb.a(usbtick.o)
                              /home/wesley/Sources/TUhandControl/TivaC/TivaWare/usblib/gcc/libusb.a(usbdcdc.o) (InternalUSBTickInit)
/home/wesley/Sources/TUhandControl/TivaC/TivaWare/usblib/gcc/libusb.a(usbulpi.o)
                              /home/wesley/Sources/TUhandControl/TivaC/TivaWare/usblib/gcc/libusb.a(usbdenum.o) (ULPIConfigSet)
/home/wesley/Sources/TUhandControl/TivaC/TivaWare/usblib/gcc/libusb.a(usbdcdesc.o)
                              /home/wesley/Sources/TUhandControl/TivaC/TivaWare/usblib/gcc/libusb.a(usbdenum.o) (USBDCDConfigDescGetSize)
/home/wesley/Sources/TUhandControl/TivaC/TivaWare/usblib/gcc/libusb.a(usbdconfig.o)
                              /home/wesley/Sources/TUhandControl/TivaC/TivaWare/usblib/gcc/libusb.a(usbdenum.o) (USBDeviceConfig)
/home/wesley/Sources/TUhandControl/TivaC/TivaWare/usblib/gcc/libusb.a(usbdesc.o)
                              /home/wesley/Sources/TUhandControl/TivaC/TivaWare/usblib/gcc/libusb.a(usbdcdesc.o) (USBDescGetNum)
/home/wesley/Sources/TUhandControl/TivaC/TivaWare/usblib/gcc/libusb.a(usbhostenum.o)
                              /home/wesley/Sources/TUhandControl/TivaC/TivaWare/usblib/gcc/libusb.a(usbmode.o) (USBHCDPowerConfigGet)
/home/wesley/Sources/TUhandControl/TivaC/TivaWare/usblib/gcc/libusb.a(usbhhub.o)
                              /home/wesley/Sources/TUhandControl/TivaC/TivaWare/usblib/gcc/libusb.a(usbhostenum.o) (USBHHubMain)
/home/wesley/Sources/TUhandControl/TivaC/TivaWare/driverlib/gcc/libdriver.a(interrupt.o)
                              CMakeFiles/freertos123.axf.dir/home/wesley/Sources/TUhandControl/TivaC/TivaWare/utils/ringbuf.c.obj (IntMasterEnable)
/home/wesley/Sources/TUhandControl/TivaC/TivaWare/driverlib/gcc/libdriver.a(sysctl.o)
                              /home/wesley/Sources/TUhandControl/TivaC/TivaWare/usblib/gcc/libusb.a(usbdenum.o) (SysCtlPeripheralReset)
/home/wesley/Sources/TUhandControl/TivaC/TivaWare/driverlib/gcc/libdriver.a(uart.o)
                              CMakeFiles/freertos123.axf.dir/freertos_demo.cpp.obj (UARTClockSourceSet)
/home/wesley/Sources/TUhandControl/TivaC/TivaWare/driverlib/gcc/libdriver.a(udma.o)
                              /home/wesley/Sources/TUhandControl/TivaC/TivaWare/usblib/gcc/libusb.a(usbdma.o) (uDMAChannelEnable)
/home/wesley/Sources/TUhandControl/TivaC/TivaWare/driverlib/gcc/libdriver.a(usb.o)
                              /home/wesley/Sources/TUhandControl/TivaC/TivaWare/usblib/gcc/libusb.a(usbmode.o) (USBHostSuspend)
/home/wesley/Sources/TUhandControl/TivaC/TivaWare/driverlib/gcc/libdriver.a(cpu.o)
                              /home/wesley/Sources/TUhandControl/TivaC/TivaWare/driverlib/gcc/libdriver.a(interrupt.o) (CPUcpsid)
/usr/bin/../lib/gcc/arm-none-eabi/6.2.1/thumb/v7e-m/fpv4-sp/hard/libgcc.a(_arm_addsubdf3.o)
                              CMakeFiles/freertos123.axf.dir/home/wesley/Sources/TUhandControl/TivaC/catkin_rosserial_tut/build/rosserial_tivac_tutorials/ros_lib/duration.cpp.obj (__aeabi_i2d)
/usr/bin/../lib/gcc/arm-none-eabi/6.2.1/thumb/v7e-m/fpv4-sp/hard/libgcc.a(_arm_muldivdf3.o)
                              CMakeFiles/freertos123.axf.dir/home/wesley/Sources/TUhandControl/TivaC/catkin_rosserial_tut/build/rosserial_tivac_tutorials/ros_lib/duration.cpp.obj (__aeabi_dmul)
/usr/bin/../lib/gcc/arm-none-eabi/6.2.1/thumb/v7e-m/fpv4-sp/hard/libgcc.a(_arm_fixdfsi.o)
[...]
Memory Configuration

Name             Origin             Length             Attributes
FLASH            0x0000000000000000 0x0000000000040000 xr
SRAM             0x0000000020000000 0x0000000000008000 xrw
*default*        0x0000000000000000 0xffffffffffffffff

Linker script and memory map

LOAD CMakeFiles/freertos123.axf.dir/freertos_demo.cpp.obj
LOAD CMakeFiles/freertos123.axf.dir/spin_task.cpp.obj
LOAD CMakeFiles/freertos123.axf.dir/publish_task.cpp.obj
LOAD CMakeFiles/freertos123.axf.dir/subscribe_task.cpp.obj
LOAD CMakeFiles/freertos123.axf.dir/home/wesley/Sources/TUhandControl/TivaC/TivaWare/utils/uartstdio.c.obj
LOAD CMakeFiles/freertos123.axf.dir/home/wesley/Sources/TUhandControl/TivaC/TivaWare/third_party/FreeRTOS/Source/list.c.obj
LOAD CMakeFiles/freertos123.axf.dir/home/wesley/Sources/TUhandControl/TivaC/TivaWare/third_party/FreeRTOS/Source/tasks.c.obj
LOAD CMakeFiles/freertos123.axf.dir/home/wesley/Sources/TUhandControl/TivaC/TivaWare/third_party/FreeRTOS/Source/queue.c.obj
LOAD CMakeFiles/freertos123.axf.dir/home/wesley/Sources/TUhandControl/TivaC/TivaWare/third_party/FreeRTOS/Source/portable/MemMang/heap_3.c.obj
LOAD CMakeFiles/freertos123.axf.dir/home/wesley/Sources/TUhandControl/TivaC/TivaWare/third_party/FreeRTOS/Source/portable/GCC/ARM_CM4F/port.c.obj
LOAD CMakeFiles/freertos123.axf.dir/startup_gcc.c.obj
LOAD CMakeFiles/freertos123.axf.dir/home/wesley/Sources/TUhandControl/TivaC/TivaWare/utils/ringbuf.c.obj
LOAD CMakeFiles/freertos123.axf.dir/home/wesley/Sources/TUhandControl/TivaC/catkin_rosserial_tut/build/rosserial_tivac_tutorials/ros_lib/duration.cpp.obj
LOAD CMakeFiles/freertos123.axf.dir/home/wesley/Sources/TUhandControl/TivaC/catkin_rosserial_tut/build/rosserial_tivac_tutorials/ros_lib/time.cpp.obj
LOAD CMakeFiles/freertos123.axf.dir/home/wesley/Sources/TUhandControl/TivaC/catkin_rosserial_tut/build/rosserial_tivac_tutorials/ros_lib/tivac_hardware.cpp.obj
LOAD CMakeFiles/freertos123.axf.dir/home/wesley/Sources/TUhandControl/TivaC/catkin_rosserial_tut/build/rosserial_tivac_tutorials/ros_lib/usb_serial_structs.c.obj
LOAD /home/wesley/Sources/TUhandControl/TivaC/TivaWare/usblib/gcc/libusb.a
LOAD /home/wesley/Sources/TUhandControl/TivaC/TivaWare/driverlib/gcc/libdriver.a
LOAD /usr/bin/../lib/gcc/arm-none-eabi/6.2.1/../../../../arm-none-eabi/lib/thumb/v7e-m/fpv4-sp/hard/libstdc++.a
LOAD /usr/bin/../lib/gcc/arm-none-eabi/6.2.1/../../../../arm-none-eabi/lib/thumb/v7e-m/fpv4-sp/hard/libm.a
START GROUP
LOAD /usr/bin/../lib/gcc/arm-none-eabi/6.2.1/thumb/v7e-m/fpv4-sp/hard/libgcc.a
LOAD /usr/bin/../lib/gcc/arm-none-eabi/6.2.1/thumb/v7e-m/fpv4-sp/hard/libgcc.a
LOAD /usr/bin/../lib/gcc/arm-none-eabi/6.2.1/../../../../arm-none-eabi/lib/thumb/v7e-m/fpv4-sp/hard/libc.a
LOAD /usr/bin/../lib/gcc/arm-none-eabi/6.2.1/../../../../arm-none-eabi/lib/thumb/v7e-m/fpv4-sp/hard/libm.a
LOAD /usr/bin/../lib/gcc/arm-none-eabi/6.2.1/../../../../arm-none-eabi/lib/thumb/v7e-m/fpv4-sp/hard/libnosys.a
END GROUP

.text           0x0000000000000000     0x6740
                0x0000000000000000                . = ALIGN (0x4)
                0x0000000000000000                _text = .
 *(.isr_vector)
 .isr_vector    0x0000000000000000      0x26c CMakeFiles/freertos123.axf.dir/startup_gcc.c.obj
                0x0000000000000000                g_pfnVectors
 *(.text .text* .gnu.linkonce.t.*)
 .text._ZNK8std_msgs4Time9serializeEPh
                0x000000000000026c       0x28 CMakeFiles/freertos123.axf.dir/freertos_demo.cpp.obj
                0x000000000000026c                std_msgs::Time::serialize(unsigned char*) const
 .text._ZN8std_msgs4Time11deserializeEPh
                0x0000000000000294       0x3c CMakeFiles/freertos123.axf.dir/freertos_demo.cpp.obj
                0x0000000000000294                std_msgs::Time::deserialize(unsigned char*)
 .text._ZN8std_msgs4Time7getTypeEv
                0x00000000000002d0        0x8 CMakeFiles/freertos123.axf.dir/freertos_demo.cpp.obj
                0x00000000000002d0                std_msgs::Time::getType()
 .text._ZN8std_msgs4Time6getMD5Ev
                0x00000000000002d8        0x8 CMakeFiles/freertos123.axf.dir/freertos_demo.cpp.obj
                0x00000000000002d8                std_msgs::Time::getMD5()
 .text._ZN14rosserial_msgs9TopicInfo7getTypeEv
                0x00000000000002e0        0x8 CMakeFiles/freertos123.axf.dir/freertos_demo.cpp.obj
                0x00000000000002e0                rosserial_msgs::TopicInfo::getType()
 .text._ZN14rosserial_msgs9TopicInfo6getMD5Ev
                0x00000000000002e8        0x8 CMakeFiles/freertos123.axf.dir/freertos_demo.cpp.obj
                0x00000000000002e8                rosserial_msgs::TopicInfo::getMD5()
 .text._ZN14rosserial_msgs3Log7getTypeEv
                0x00000000000002f0        0x8 CMakeFiles/freertos123.axf.dir/freertos_demo.cpp.obj
                0x00000000000002f0                rosserial_msgs::Log::getType()
 .text._ZN14rosserial_msgs3Log6getMD5Ev
                0x00000000000002f8        0x8 CMakeFiles/freertos123.axf.dir/freertos_demo.cpp.obj
                0x00000000000002f8                rosserial_msgs::Log::getMD5()
 .text._ZN14rosserial_msgs20RequestParamResponse7getTypeEv
                0x0000000000000300        0x8 CMakeFiles/freertos123.axf.dir/freertos_demo.cpp.obj
                0x0000000000000300                rosserial_msgs::RequestParamResponse::getType()
 .text._ZN14rosserial_msgs20RequestParamResponse6getMD5Ev
                0x0000000000000308        0x8 CMakeFiles/freertos123.axf.dir/freertos_demo.cpp.obj
                0x0000000000000308                rosserial_msgs::RequestParamResponse::getMD5()
 .text._ZN3ros11NodeHandle_I13TivaCHardwareLi25ELi25ELi512ELi512EE9connectedEv
                0x0000000000000310        0x6 CMakeFiles/freertos123.axf.dir/freertos_demo.cpp.obj
                0x0000000000000310                ros::NodeHandle_<TivaCHardware, 25, 25, 512, 512>::connected()
 *fill*         0x0000000000000316        0x2 
 .text._ZN3ros11NodeHandle_I13TivaCHardwareLi25ELi25ELi512ELi512EE7publishEiPKNS_3MsgE
                0x0000000000000318       0xe0 CMakeFiles/freertos123.axf.dir/freertos_demo.cpp.obj
                0x0000000000000318                ros::NodeHandle_<TivaCHardware, 25, 25, 512, 512>::publish(int, ros::Msg const*)
 .text._ZN13TivaCHardware4initEv
                0x00000000000003f8       0xf4 CMakeFiles/freertos123.axf.dir/freertos_demo.cpp.obj
                0x00000000000003f8                TivaCHardware::init()
 .text.vApplicationStackOverflowHook
                0x00000000000004ec       0x24 CMakeFiles/freertos123.axf.dir/freertos_demo.cpp.obj
                0x00000000000004ec                vApplicationStackOverflowHook
 .text.startup.main
                0x0000000000000510       0xec CMakeFiles/freertos123.axf.dir/freertos_demo.cpp.obj
                0x0000000000000510                main
 .text.__malloc_lock
                0x00000000000005fc        0x4 CMakeFiles/freertos123.axf.dir/freertos_demo.cpp.obj
                0x00000000000005fc                __malloc_lock
 .text.__malloc_unlock
                0x0000000000000600        0x4 CMakeFiles/freertos123.axf.dir/freertos_demo.cpp.obj
                0x0000000000000600                __malloc_unlock
 .text._ZN3ros3Msg8varToArrIPhmEEvT_T0_
                0x0000000000000604       0x14 CMakeFiles/freertos123.axf.dir/freertos_demo.cpp.obj
                0x0000000000000604                void ros::Msg::varToArr<unsigned char*, unsigned long>(unsigned char*, unsigned long)
 .text._ZNK14rosserial_msgs9TopicInfo9serializeEPh
                0x0000000000000618       0x86 CMakeFiles/freertos123.axf.dir/freertos_demo.cpp.obj
                0x0000000000000618                rosserial_msgs::TopicInfo::serialize(unsigned char*) const
 .text._ZNK14rosserial_msgs20RequestParamResponse9serializeEPh
                0x000000000000069e       0xe2 CMakeFiles/freertos123.axf.dir/freertos_demo.cpp.obj
                0x000000000000069e                rosserial_msgs::RequestParamResponse::serialize(unsigned char*) const
 .text._ZNK14rosserial_msgs3Log9serializeEPh
                0x0000000000000780       0x2c CMakeFiles/freertos123.axf.dir/freertos_demo.cpp.obj
                0x0000000000000780                rosserial_msgs::Log::serialize(unsigned char*) const
 .text._ZN3ros3Msg8arrToVarImPhEEvRT_T0_
                0x00000000000007ac       0x1e CMakeFiles/freertos123.axf.dir/freertos_demo.cpp.obj
                0x00000000000007ac                void ros::Msg::arrToVar<unsigned long, unsigned char*>(unsigned long&, unsigned char*)
 .text._ZN14rosserial_msgs9TopicInfo11deserializeEPh
                0x00000000000007ca       0xb6 CMakeFiles/freertos123.axf.dir/freertos_demo.cpp.obj
                0x00000000000007ca                rosserial_msgs::TopicInfo::deserialize(unsigned char*)
 .text._ZN14rosserial_msgs20RequestParamResponse11deserializeEPh
                0x0000000000000880      0x12e CMakeFiles/freertos123.axf.dir/freertos_demo.cpp.obj
                0x0000000000000880                rosserial_msgs::RequestParamResponse::deserialize(unsigned char*)
 .text._ZN14rosserial_msgs3Log11deserializeEPh
                0x00000000000009ae       0x36 CMakeFiles/freertos123.axf.dir/freertos_demo.cpp.obj
                0x00000000000009ae                rosserial_msgs::Log::deserialize(unsigned char*)
 .text._ZN3ros11NodeHandle_I13TivaCHardwareLi25ELi25ELi512ELi512EE15requestSyncTimeEv
                0x00000000000009e4       0x28 CMakeFiles/freertos123.axf.dir/freertos_demo.cpp.obj
                0x00000000000009e4                ros::NodeHandle_<TivaCHardware, 25, 25, 512, 512>::requestSyncTime()
 .text._ZN3ros11NodeHandle_I13TivaCHardwareLi25ELi25ELi512ELi512EE15negotiateTopicsEv
                0x0000000000000a0c       0xbc CMakeFiles/freertos123.axf.dir/freertos_demo.cpp.obj
                0x0000000000000a0c                ros::NodeHandle_<TivaCHardware, 25, 25, 512, 512>::negotiateTopics()
 .text._ZN3ros11NodeHandle_I13TivaCHardwareLi25ELi25ELi512ELi512EE8syncTimeEPh
                0x0000000000000ac8       0x80 CMakeFiles/freertos123.axf.dir/freertos_demo.cpp.obj
                0x0000000000000ac8                ros::NodeHandle_<TivaCHardware, 25, 25, 512, 512>::syncTime(unsigned char*)
 .text._ZN3ros11NodeHandle_I13TivaCHardwareLi25ELi25ELi512ELi512EE8spinOnceEv
                0x0000000000000b48      0x230 CMakeFiles/freertos123.axf.dir/freertos_demo.cpp.obj
                0x0000000000000b48                ros::NodeHandle_<TivaCHardware, 25, 25, 512, 512>::spinOnce()
 .text.startup._GLOBAL__sub_I_nh
                0x0000000000000d78       0x78 CMakeFiles/freertos123.axf.dir/freertos_demo.cpp.obj
 .text._ZL8spinTaskPv
                0x0000000000000df0       0x44 CMakeFiles/freertos123.axf.dir/spin_task.cpp.obj
 .text._Z12spinInitTaskPN3ros11NodeHandle_I13TivaCHardwareLi25ELi25ELi512ELi512EEE
                0x0000000000000e34       0x5c CMakeFiles/freertos123.axf.dir/spin_task.cpp.obj
                0x0000000000000e34                spinInitTask(ros::NodeHandle_<TivaCHardware, 25, 25, 512, 512>*)
 .text._ZNK8std_msgs5Int329serializeEPh
                0x0000000000000e90       0x14 CMakeFiles/freertos123.axf.dir/publish_task.cpp.obj
                0x0000000000000e90                std_msgs::Int32::serialize(unsigned char*) const
 .text._ZN8std_msgs5Int3211deserializeEPh
                0x0000000000000ea4        0x8 CMakeFiles/freertos123.axf.dir/publish_task.cpp.obj
                0x0000000000000ea4                std_msgs::Int32::deserialize(unsigned char*)
 .text._ZN8std_msgs5Int327getTypeEv
                0x0000000000000eac        0x8 CMakeFiles/freertos123.axf.dir/publish_task.cpp.obj
                0x0000000000000eac                std_msgs::Int32::getType()
 .text._ZN8std_msgs5Int326getMD5Ev
                0x0000000000000eb4        0x8 CMakeFiles/freertos123.axf.dir/publish_task.cpp.obj
                0x0000000000000eb4                std_msgs::Int32::getMD5()
 .text._ZL11publishTaskPv
                0x0000000000000ebc       0x54 CMakeFiles/freertos123.axf.dir/publish_task.cpp.obj
 .text._Z15publishInitTaskPN3ros11NodeHandle_I13TivaCHardwareLi25ELi25ELi512ELi512EEE
                0x0000000000000f10       0x60 CMakeFiles/freertos123.axf.dir/publish_task.cpp.obj
                0x0000000000000f10                publishInitTask(ros::NodeHandle_<TivaCHardware, 25, 25, 512, 512>*)
 .text.startup._GLOBAL__sub_I_int_msg
                0x0000000000000f70       0x28 CMakeFiles/freertos123.axf.dir/publish_task.cpp.obj
 .text._ZN8std_msgs6String7getTypeEv
                0x0000000000000f98        0x8 CMakeFiles/freertos123.axf.dir/subscribe_task.cpp.obj
                0x0000000000000f98                std_msgs::String::getType()
 .text._ZN8std_msgs6String6getMD5Ev
                0x0000000000000fa0        0x8 CMakeFiles/freertos123.axf.dir/subscribe_task.cpp.obj
                0x0000000000000fa0                std_msgs::String::getMD5()
 .text._ZN8std_msgs6String11deserializeEPh
                0x0000000000000fa8       0x3a CMakeFiles/freertos123.axf.dir/subscribe_task.cpp.obj
                0x0000000000000fa8                std_msgs::String::deserialize(unsigned char*)
 .text._ZN3ros10SubscriberIN8std_msgs6StringEvE8callbackEPh
                0x0000000000000fe2       0x18 CMakeFiles/freertos123.axf.dir/subscribe_task.cpp.obj
                0x0000000000000fe2                ros::Subscriber<std_msgs::String, void>::callback(unsigned char*)
 .text._ZN3ros10SubscriberIN8std_msgs6StringEvE15getEndpointTypeEv
                0x0000000000000ffa        0x4 CMakeFiles/freertos123.axf.dir/subscribe_task.cpp.obj
                0x0000000000000ffa                ros::Subscriber<std_msgs::String, void>::getEndpointType()
 *fill*         0x0000000000000ffe        0x2 
 .text._ZN3ros10SubscriberIN8std_msgs6StringEvE10getMsgTypeEv
                0x0000000000001000        0x8 CMakeFiles/freertos123.axf.dir/subscribe_task.cpp.obj
                0x0000000000001000                ros::Subscriber<std_msgs::String, void>::getMsgType()
 .text._ZN3ros10SubscriberIN8std_msgs6StringEvE9getMsgMD5Ev
                0x0000000000001008        0x8 CMakeFiles/freertos123.axf.dir/subscribe_task.cpp.obj
                0x0000000000001008                ros::Subscriber<std_msgs::String, void>::getMsgMD5()
 .text._ZL13subscribeTaskPv
                0x0000000000001010       0x58 CMakeFiles/freertos123.axf.dir/subscribe_task.cpp.obj
 .text._ZNK8std_msgs6String9serializeEPh
                0x0000000000001068       0x2e CMakeFiles/freertos123.axf.dir/subscribe_task.cpp.obj
                0x0000000000001068                std_msgs::String::serialize(unsigned char*) const
 *fill*         0x0000000000001096        0x2 
 .text._ZL6str_cbRKN8std_msgs6StringE
                0x0000000000001098       0x2c CMakeFiles/freertos123.axf.dir/subscribe_task.cpp.obj
 .text._Z17subscribeInitTaskPN3ros11NodeHandle_I13TivaCHardwareLi25ELi25ELi512ELi512EEE
                0x00000000000010c4       0x78 CMakeFiles/freertos123.axf.dir/subscribe_task.cpp.obj
                0x00000000000010c4                subscribeInitTask(ros::NodeHandle_<TivaCHardware, 25, 25, 512, 512>*)
 .text.startup._GLOBAL__sub_I_g_pStrQueue
                0x000000000000113c       0x34 CMakeFiles/freertos123.axf.dir/subscribe_task.cpp.obj
 .text.UARTStdioConfig
                0x0000000000001170       0x64 CMakeFiles/freertos123.axf.dir/home/wesley/Sources/TUhandControl/TivaC/TivaWare/utils/uartstdio.c.obj
                0x0000000000001170                UARTStdioConfig
 .text.UARTwrite
                0x00000000000011d4       0x44 CMakeFiles/freertos123.axf.dir/home/wesley/Sources/TUhandControl/TivaC/TivaWare/utils/uartstdio.c.obj
                0x00000000000011d4                UARTwrite
 .text.UARTvprintf
                0x0000000000001218      0x1a8 CMakeFiles/freertos123.axf.dir/home/wesley/Sources/TUhandControl/TivaC/TivaWare/utils/uartstdio.c.obj
                0x0000000000001218                UARTvprintf
 .text.UARTprintf
                0x00000000000013c0       0x1a CMakeFiles/freertos123.axf.dir/home/wesley/Sources/TUhandControl/TivaC/TivaWare/utils/uartstdio.c.obj
                0x00000000000013c0                UARTprintf
 .text.vListInitialise
                0x00000000000013da       0x16 CMakeFiles/freertos123.axf.dir/home/wesley/Sources/TUhandControl/TivaC/TivaWare/third_party/FreeRTOS/Source/list.c.obj
                0x00000000000013da                vListInitialise
 .text.vListInitialiseItem
                0x00000000000013f0        0x6 CMakeFiles/freertos123.axf.dir/home/wesley/Sources/TUhandControl/TivaC/TivaWare/third_party/FreeRTOS/Source/list.c.obj
                0x00000000000013f0                vListInitialiseItem
 .text.vListInsertEnd
                0x00000000000013f6       0x18 CMakeFiles/freertos123.axf.dir/home/wesley/Sources/TUhandControl/TivaC/TivaWare/third_party/FreeRTOS/Source/list.c.obj
                0x00000000000013f6                vListInsertEnd
 .text.vListInsert
                0x000000000000140e       0x2e CMakeFiles/freertos123.axf.dir/home/wesley/Sources/TUhandControl/TivaC/TivaWare/third_party/FreeRTOS/Source/list.c.obj
                0x000000000000140e                vListInsert
 .text.uxListRemove
                0x000000000000143c       0x20 CMakeFiles/freertos123.axf.dir/home/wesley/Sources/TUhandControl/TivaC/TivaWare/third_party/FreeRTOS/Source/list.c.obj
                0x000000000000143c                uxListRemove
 .text.prvIdleTask
                0x000000000000145c        0x2 CMakeFiles/freertos123.axf.dir/home/wesley/Sources/TUhandControl/TivaC/TivaWare/third_party/FreeRTOS/Source/tasks.c.obj
 *fill*         0x000000000000145e        0x2 
 .text.prvResetNextTaskUnblockTime
                0x0000000000001460       0x24 CMakeFiles/freertos123.axf.dir/home/wesley/Sources/TUhandControl/TivaC/TivaWare/third_party/FreeRTOS/Source/tasks.c.obj
 .text.prvAddCurrentTaskToDelayedList
                0x0000000000001484       0x50 CMakeFiles/freertos123.axf.dir/home/wesley/Sources/TUhandControl/TivaC/TivaWare/third_party/FreeRTOS/Source/tasks.c.obj
 .text.xTaskGenericCreate.part.4
                0x00000000000014d4      0x204 CMakeFiles/freertos123.axf.dir/home/wesley/Sources/TUhandControl/TivaC/TivaWare/third_party/FreeRTOS/Source/tasks.c.obj
 .text.vTaskSetTimeOutState.part.5
                0x00000000000016d8       0x12 CMakeFiles/freertos123.axf.dir/home/wesley/Sources/TUhandControl/TivaC/TivaWare/third_party/FreeRTOS/Source/tasks.c.obj
 .text.xTaskGenericCreate
                0x00000000000016ea       0x3c CMakeFiles/freertos123.axf.dir/home/wesley/Sources/TUhandControl/TivaC/TivaWare/third_party/FreeRTOS/Source/tasks.c.obj
                0x00000000000016ea                xTaskGenericCreate
 *fill*         0x0000000000001726        0x2 
 .text.vTaskStartScheduler
                0x0000000000001728       0x84 CMakeFiles/freertos123.axf.dir/home/wesley/Sources/TUhandControl/TivaC/TivaWare/third_party/FreeRTOS/Source/tasks.c.obj
                0x0000000000001728                vTaskStartScheduler
 .text.vTaskSuspendAll
                0x00000000000017ac       0x10 CMakeFiles/freertos123.axf.dir/home/wesley/Sources/TUhandControl/TivaC/TivaWare/third_party/FreeRTOS/Source/tasks.c.obj
                0x00000000000017ac                vTaskSuspendAll
 .text.xTaskGetTickCount
                0x00000000000017bc        0xc CMakeFiles/freertos123.axf.dir/home/wesley/Sources/TUhandControl/TivaC/TivaWare/third_party/FreeRTOS/Source/tasks.c.obj
                0x00000000000017bc                xTaskGetTickCount
 .text.xTaskIncrementTick
                0x00000000000017c8      0x128 CMakeFiles/freertos123.axf.dir/home/wesley/Sources/TUhandControl/TivaC/TivaWare/third_party/FreeRTOS/Source/tasks.c.obj
                0x00000000000017c8                xTaskIncrementTick
 .text.xTaskResumeAll
                0x00000000000018f0       0xf0 CMakeFiles/freertos123.axf.dir/home/wesley/Sources/TUhandControl/TivaC/TivaWare/third_party/FreeRTOS/Source/tasks.c.obj
                0x00000000000018f0                xTaskResumeAll
 .text.vTaskDelayUntil
                0x00000000000019e0       0xbc CMakeFiles/freertos123.axf.dir/home/wesley/Sources/TUhandControl/TivaC/TivaWare/third_party/FreeRTOS/Source/tasks.c.obj
                0x00000000000019e0                vTaskDelayUntil
 .text.vTaskSwitchContext
                0x0000000000001a9c       0xb0 CMakeFiles/freertos123.axf.dir/home/wesley/Sources/TUhandControl/TivaC/TivaWare/third_party/FreeRTOS/Source/tasks.c.obj
                0x0000000000001a9c                vTaskSwitchContext
 .text.vTaskPlaceOnEventList
                0x0000000000001b4c       0x70 CMakeFiles/freertos123.axf.dir/home/wesley/Sources/TUhandControl/TivaC/TivaWare/third_party/FreeRTOS/Source/tasks.c.obj
                0x0000000000001b4c                vTaskPlaceOnEventList
 .text.xTaskRemoveFromEventList
                0x0000000000001bbc       0x84 CMakeFiles/freertos123.axf.dir/home/wesley/Sources/TUhandControl/TivaC/TivaWare/third_party/FreeRTOS/Source/tasks.c.obj
                0x0000000000001bbc                xTaskRemoveFromEventList
 .text.vTaskSetTimeOutState
                0x0000000000001c40       0x20 CMakeFiles/freertos123.axf.dir/home/wesley/Sources/TUhandControl/TivaC/TivaWare/third_party/FreeRTOS/Source/tasks.c.obj
                0x0000000000001c40                vTaskSetTimeOutState
 .text.xTaskCheckForTimeOut
                0x0000000000001c60       0x74 CMakeFiles/freertos123.axf.dir/home/wesley/Sources/TUhandControl/TivaC/TivaWare/third_party/FreeRTOS/Source/tasks.c.obj
                0x0000000000001c60                xTaskCheckForTimeOut
 .text.vTaskMissedYield
                0x0000000000001cd4        0xc CMakeFiles/freertos123.axf.dir/home/wesley/Sources/TUhandControl/TivaC/TivaWare/third_party/FreeRTOS/Source/tasks.c.obj
                0x0000000000001cd4                vTaskMissedYield
 .text.unlikely.prvCopyDataToQueue
                0x0000000000001ce0       0x5c CMakeFiles/freertos123.axf.dir/home/wesley/Sources/TUhandControl/TivaC/TivaWare/third_party/FreeRTOS/Source/queue.c.obj
 .text.unlikely.prvCopyDataFromQueue
                0x0000000000001d3c       0x2a CMakeFiles/freertos123.axf.dir/home/wesley/Sources/TUhandControl/TivaC/TivaWare/third_party/FreeRTOS/Source/queue.c.obj
 .text.prvUnlockQueue
                0x0000000000001d66       0x6c CMakeFiles/freertos123.axf.dir/home/wesley/Sources/TUhandControl/TivaC/TivaWare/third_party/FreeRTOS/Source/queue.c.obj
 *fill*         0x0000000000001dd2        0x2 
 .text.xQueueGenericReset
                0x0000000000001dd4       0x80 CMakeFiles/freertos123.axf.dir/home/wesley/Sources/TUhandControl/TivaC/TivaWare/third_party/FreeRTOS/Source/queue.c.obj
                0x0000000000001dd4                xQueueGenericReset
 .text.xQueueGenericCreate
                0x0000000000001e54       0x5c CMakeFiles/freertos123.axf.dir/home/wesley/Sources/TUhandControl/TivaC/TivaWare/third_party/FreeRTOS/Source/queue.c.obj
                0x0000000000001e54                xQueueGenericCreate
 .text.xQueueGenericSend
                0x0000000000001eb0      0x14c CMakeFiles/freertos123.axf.dir/home/wesley/Sources/TUhandControl/TivaC/TivaWare/third_party/FreeRTOS/Source/queue.c.obj
                0x0000000000001eb0                xQueueGenericSend
 .text.xQueueGenericReceive
                0x0000000000001ffc      0x138 CMakeFiles/freertos123.axf.dir/home/wesley/Sources/TUhandControl/TivaC/TivaWare/third_party/FreeRTOS/Source/queue.c.obj
                0x0000000000001ffc                xQueueGenericReceive
 .text.pvPortMalloc
                0x0000000000002134       0x18 CMakeFiles/freertos123.axf.dir/home/wesley/Sources/TUhandControl/TivaC/TivaWare/third_party/FreeRTOS/Source/portable/MemMang/heap_3.c.obj
                0x0000000000002134                pvPortMalloc
 .text.vPortFree
                0x000000000000214c       0x1a CMakeFiles/freertos123.axf.dir/home/wesley/Sources/TUhandControl/TivaC/TivaWare/third_party/FreeRTOS/Source/portable/MemMang/heap_3.c.obj
                0x000000000000214c                vPortFree
 *fill*         0x0000000000002166        0x2 
 .text.prvTaskExitError
                0x0000000000002168       0x30 CMakeFiles/freertos123.axf.dir/home/wesley/Sources/TUhandControl/TivaC/TivaWare/third_party/FreeRTOS/Source/portable/GCC/ARM_CM4F/port.c.obj
 .text.prvPortStartFirstTask
                0x0000000000002198       0x20 CMakeFiles/freertos123.axf.dir/home/wesley/Sources/TUhandControl/TivaC/TivaWare/third_party/FreeRTOS/Source/portable/GCC/ARM_CM4F/port.c.obj
 .text.vPortEnableVFP
                0x00000000000021b8       0x14 CMakeFiles/freertos123.axf.dir/home/wesley/Sources/TUhandControl/TivaC/TivaWare/third_party/FreeRTOS/Source/portable/GCC/ARM_CM4F/port.c.obj
 .text.pxPortInitialiseStack
                0x00000000000021cc       0x24 CMakeFiles/freertos123.axf.dir/home/wesley/Sources/TUhandControl/TivaC/TivaWare/third_party/FreeRTOS/Source/portable/GCC/ARM_CM4F/port.c.obj
                0x00000000000021cc                pxPortInitialiseStack
 .text.vPortSVCHandler
                0x00000000000021f0       0x20 CMakeFiles/freertos123.axf.dir/home/wesley/Sources/TUhandControl/TivaC/TivaWare/third_party/FreeRTOS/Source/portable/GCC/ARM_CM4F/port.c.obj
                0x00000000000021f0                vPortSVCHandler
 .text.vPortEnterCritical
                0x0000000000002210       0x44 CMakeFiles/freertos123.axf.dir/home/wesley/Sources/TUhandControl/TivaC/TivaWare/third_party/FreeRTOS/Source/portable/GCC/ARM_CM4F/port.c.obj
                0x0000000000002210                vPortEnterCritical
 .text.vPortExitCritical
                0x0000000000002254       0x28 CMakeFiles/freertos123.axf.dir/home/wesley/Sources/TUhandControl/TivaC/TivaWare/third_party/FreeRTOS/Source/portable/GCC/ARM_CM4F/port.c.obj
                0x0000000000002254                vPortExitCritical
 .text.xPortPendSVHandler
                0x000000000000227c       0x60 CMakeFiles/freertos123.axf.dir/home/wesley/Sources/TUhandControl/TivaC/TivaWare/third_party/FreeRTOS/Source/portable/GCC/ARM_CM4F/port.c.obj
                0x000000000000227c                xPortPendSVHandler
 .text.xPortSysTickHandler
                0x00000000000022dc       0x30 CMakeFiles/freertos123.axf.dir/home/wesley/Sources/TUhandControl/TivaC/TivaWare/third_party/FreeRTOS/Source/portable/GCC/ARM_CM4F/port.c.obj
                0x00000000000022dc                xPortSysTickHandler
 .text.vPortSetupTimerInterrupt
                0x000000000000230c       0x18 CMakeFiles/freertos123.axf.dir/home/wesley/Sources/TUhandControl/TivaC/TivaWare/third_party/FreeRTOS/Source/portable/GCC/ARM_CM4F/port.c.obj
                0x000000000000230c                vPortSetupTimerInterrupt
 .text.xPortStartScheduler
                0x0000000000002324       0xec CMakeFiles/freertos123.axf.dir/home/wesley/Sources/TUhandControl/TivaC/TivaWare/third_party/FreeRTOS/Source/portable/GCC/ARM_CM4F/port.c.obj
                0x0000000000002324                xPortStartScheduler
 .text.IntDefaultHandler
                0x0000000000002410       0x10 CMakeFiles/freertos123.axf.dir/startup_gcc.c.obj
 .text.UsageISR
                0x0000000000002420       0x7c CMakeFiles/freertos123.axf.dir/startup_gcc.c.obj
 .text.BusISR   0x000000000000249c       0x10 CMakeFiles/freertos123.axf.dir/startup_gcc.c.obj
 .text.MPUISR   0x00000000000024ac       0x10 CMakeFiles/freertos123.axf.dir/startup_gcc.c.obj
 .text.FaultISR
                0x00000000000024bc       0x10 CMakeFiles/freertos123.axf.dir/startup_gcc.c.obj
 .text.NmiSR    0x00000000000024cc       0x10 CMakeFiles/freertos123.axf.dir/startup_gcc.c.obj
 .text.ResetISR
                0x00000000000024dc       0x94 CMakeFiles/freertos123.axf.dir/startup_gcc.c.obj
                0x00000000000024dc                ResetISR
 .text._ZN3ros16normalizeSecNSecERmS0_
                0x0000000000002570       0x1c CMakeFiles/freertos123.axf.dir/home/wesley/Sources/TUhandControl/TivaC/catkin_rosserial_tut/build/rosserial_tivac_tutorials/ros_lib/time.cpp.obj
                0x0000000000002570                ros::normalizeSecNSec(unsigned long&, unsigned long&)
 .text.TxHandler
                0x000000000000258c        0x4 CMakeFiles/freertos123.axf.dir/home/wesley/Sources/TUhandControl/TivaC/catkin_rosserial_tut/build/rosserial_tivac_tutorials/ros_lib/usb_serial_structs.c.obj
                0x000000000000258c                TxHandler
 .text.RxHandler
                0x0000000000002590       0x14 CMakeFiles/freertos123.axf.dir/home/wesley/Sources/TUhandControl/TivaC/catkin_rosserial_tut/build/rosserial_tivac_tutorials/ros_lib/usb_serial_structs.c.obj
                0x0000000000002590                RxHandler
 .text.ControlHandler
                0x00000000000025a4       0x34 CMakeFiles/freertos123.axf.dir/home/wesley/Sources/TUhandControl/TivaC/catkin_rosserial_tut/build/rosserial_tivac_tutorials/ros_lib/usb_serial_structs.c.obj
                0x00000000000025a4                ControlHandler
 .text.ScheduleNextTransmission
                0x00000000000025d8       0x9a /home/wesley/Sources/TUhandControl/TivaC/TivaWare/usblib/gcc/libusb.a(usbbuffer.o)
 .text.USBBufferInit
                0x0000000000002672       0x16 /home/wesley/Sources/TUhandControl/TivaC/TivaWare/usblib/gcc/libusb.a(usbbuffer.o)
                0x0000000000002672                USBBufferInit
 .text.USBBufferWrite
                0x0000000000002688       0x2e /home/wesley/Sources/TUhandControl/TivaC/TivaWare/usblib/gcc/libusb.a(usbbuffer.o)
                0x0000000000002688                USBBufferWrite
 .text.USBBufferFlush
                0x00000000000026b6        0x6 /home/wesley/Sources/TUhandControl/TivaC/TivaWare/usblib/gcc/libusb.a(usbbuffer.o)
                0x00000000000026b6                USBBufferFlush
 .text.USBBufferRead
                0x00000000000026bc       0x26 /home/wesley/Sources/TUhandControl/TivaC/TivaWare/usblib/gcc/libusb.a(usbbuffer.o)
                0x00000000000026bc                USBBufferRead
 .text.USBBufferDataAvailable
                0x00000000000026e2        0x6 /home/wesley/Sources/TUhandControl/TivaC/TivaWare/usblib/gcc/libusb.a(usbbuffer.o)
                0x00000000000026e2                USBBufferDataAvailable
 .text.USBBufferEventCallback
                0x00000000000026e8      0x12e /home/wesley/Sources/TUhandControl/TivaC/TivaWare/usblib/gcc/libusb.a(usbbuffer.o)
                0x00000000000026e8                USBBufferEventCallback
 *fill*         0x0000000000002816        0x2 
 .text.SetDeferredOpFlag
                0x0000000000002818       0x1c /home/wesley/Sources/TUhandControl/TivaC/TivaWare/usblib/gcc/libusb.a(usbdcdc.o)
 .text.DeviceConsumedAllData
                0x0000000000002834       0x16 /home/wesley/Sources/TUhandControl/TivaC/TivaWare/usblib/gcc/libusb.a(usbdcdc.o)
 .text.SendBreak
                0x000000000000284a       0x3c /home/wesley/Sources/TUhandControl/TivaC/TivaWare/usblib/gcc/libusb.a(usbdcdc.o)
 .text.SendLineCodingChange
                0x0000000000002886       0x24 /home/wesley/Sources/TUhandControl/TivaC/TivaWare/usblib/gcc/libusb.a(usbdcdc.o)
 .text.SendLineStateChange
                0x00000000000028aa       0x24 /home/wesley/Sources/TUhandControl/TivaC/TivaWare/usblib/gcc/libusb.a(usbdcdc.o)
 .text.HandleConfigChange
                0x00000000000028ce       0x32 /home/wesley/Sources/TUhandControl/TivaC/TivaWare/usblib/gcc/libusb.a(usbdcdc.o)
 .text.HandleDevice
                0x0000000000002900       0xa6 /home/wesley/Sources/TUhandControl/TivaC/TivaWare/usblib/gcc/libusb.a(usbdcdc.o)
 .text.HandleDisconnect
                0x00000000000029a6       0x1e /home/wesley/Sources/TUhandControl/TivaC/TivaWare/usblib/gcc/libusb.a(usbdcdc.o)
 .text.HandleSuspend
                0x00000000000029c4       0x14 /home/wesley/Sources/TUhandControl/TivaC/TivaWare/usblib/gcc/libusb.a(usbdcdc.o)
 .text.HandleResume
                0x00000000000029d8       0x14 /home/wesley/Sources/TUhandControl/TivaC/TivaWare/usblib/gcc/libusb.a(usbdcdc.o)
 .text.SendSerialState
                0x00000000000029ec       0x92 /home/wesley/Sources/TUhandControl/TivaC/TivaWare/usblib/gcc/libusb.a(usbdcdc.o)
 .text.HandleEP0Data
                0x0000000000002a7e       0x4c /home/wesley/Sources/TUhandControl/TivaC/TivaWare/usblib/gcc/libusb.a(usbdcdc.o)
 .text.HandleRequests
                0x0000000000002aca       0xfc /home/wesley/Sources/TUhandControl/TivaC/TivaWare/usblib/gcc/libusb.a(usbdcdc.o)
 .text.CDCTickHandler
                0x0000000000002bc6       0x9e /home/wesley/Sources/TUhandControl/TivaC/TivaWare/usblib/gcc/libusb.a(usbdcdc.o)
 .text.ProcessDataFromHost
                0x0000000000002c64       0x74 /home/wesley/Sources/TUhandControl/TivaC/TivaWare/usblib/gcc/libusb.a(usbdcdc.o)
                0x0000000000002c64                ProcessDataFromHost
 .text.ProcessNotificationToHost
                0x0000000000002cd8       0x34 /home/wesley/Sources/TUhandControl/TivaC/TivaWare/usblib/gcc/libusb.a(usbdcdc.o)
                0x0000000000002cd8                ProcessNotificationToHost
 .text.ProcessDataToHost
                0x0000000000002d0c       0x60 /home/wesley/Sources/TUhandControl/TivaC/TivaWare/usblib/gcc/libusb.a(usbdcdc.o)
                0x0000000000002d0c                ProcessDataToHost
 .text.HandleEndpoints
                0x0000000000002d6c       0x4c /home/wesley/Sources/TUhandControl/TivaC/TivaWare/usblib/gcc/libusb.a(usbdcdc.o)
 .text.USBDCDCCompositeInit
                0x0000000000002db8       0xe8 /home/wesley/Sources/TUhandControl/TivaC/TivaWare/usblib/gcc/libusb.a(usbdcdc.o)
                0x0000000000002db8                USBDCDCCompositeInit
 .text.USBDCDCInit
                0x0000000000002ea0       0x4c /home/wesley/Sources/TUhandControl/TivaC/TivaWare/usblib/gcc/libusb.a(usbdcdc.o)
                0x0000000000002ea0                USBDCDCInit
 .text.USBDCDCPacketWrite
                0x0000000000002eec       0x58 /home/wesley/Sources/TUhandControl/TivaC/TivaWare/usblib/gcc/libusb.a(usbdcdc.o)
                0x0000000000002eec                USBDCDCPacketWrite
 .text.USBDCDCPacketRead
                0x0000000000002f44       0x92 /home/wesley/Sources/TUhandControl/TivaC/TivaWare/usblib/gcc/libusb.a(usbdcdc.o)
                0x0000000000002f44                USBDCDCPacketRead
 *fill*         0x0000000000002fd6        0x2 
 .text.USBDCDCTxPacketAvailable
                0x0000000000002fd8       0x14 /home/wesley/Sources/TUhandControl/TivaC/TivaWare/usblib/gcc/libusb.a(usbdcdc.o)
                0x0000000000002fd8                USBDCDCTxPacketAvailable
 .text.USBDCDCRxPacketAvailable
                0x0000000000002fec       0x30 /home/wesley/Sources/TUhandControl/TivaC/TivaWare/usblib/gcc/libusb.a(usbdcdc.o)
                0x0000000000002fec                USBDCDCRxPacketAvailable
 .text.USBDSetAddress
                0x000000000000301c       0x24 /home/wesley/Sources/TUhandControl/TivaC/TivaWare/usblib/gcc/libusb.a(usbdenum.o)
 .text.USBDEP0StateTx.isra.0
                0x0000000000003040       0x70 /home/wesley/Sources/TUhandControl/TivaC/TivaWare/usblib/gcc/libusb.a(usbdenum.o)
 .text.USBDGetConfiguration
                0x00000000000030b0       0x34 /home/wesley/Sources/TUhandControl/TivaC/TivaWare/usblib/gcc/libusb.a(usbdenum.o)
 .text.USBDEP0StateTxConfig.isra.1
                0x00000000000030e4      0x148 /home/wesley/Sources/TUhandControl/TivaC/TivaWare/usblib/gcc/libusb.a(usbdenum.o)
 .text.USBDCDStallEP0.constprop.7
                0x000000000000322c       0x1c /home/wesley/Sources/TUhandControl/TivaC/TivaWare/usblib/gcc/libusb.a(usbdenum.o)
 .text.USBDGetStatus
                0x0000000000003248       0x6c /home/wesley/Sources/TUhandControl/TivaC/TivaWare/usblib/gcc/libusb.a(usbdenum.o)
 .text.USBDClearFeature
                0x00000000000032b4       0x74 /home/wesley/Sources/TUhandControl/TivaC/TivaWare/usblib/gcc/libusb.a(usbdenum.o)
 .text.USBDSetFeature
                0x0000000000003328       0x64 /home/wesley/Sources/TUhandControl/TivaC/TivaWare/usblib/gcc/libusb.a(usbdenum.o)
 .text.USBDGetDescriptor
                0x000000000000338c      0x124 /home/wesley/Sources/TUhandControl/TivaC/TivaWare/usblib/gcc/libusb.a(usbdenum.o)
 .text.USBDSetDescriptor
                0x00000000000034b0       0x18 /home/wesley/Sources/TUhandControl/TivaC/TivaWare/usblib/gcc/libusb.a(usbdenum.o)
 .text.USBDSetConfiguration
                0x00000000000034c8       0x88 /home/wesley/Sources/TUhandControl/TivaC/TivaWare/usblib/gcc/libusb.a(usbdenum.o)
 .text.USBDGetInterface
                0x0000000000003550       0x44 /home/wesley/Sources/TUhandControl/TivaC/TivaWare/usblib/gcc/libusb.a(usbdenum.o)
 .text.USBDSetInterface
                0x0000000000003594       0x98 /home/wesley/Sources/TUhandControl/TivaC/TivaWare/usblib/gcc/libusb.a(usbdenum.o)
 .text.USBDSyncFrame
                0x000000000000362c       0x18 /home/wesley/Sources/TUhandControl/TivaC/TivaWare/usblib/gcc/libusb.a(usbdenum.o)
 .text.USBDReadAndDispatchRequest.isra.2
                0x0000000000003644       0x68 /home/wesley/Sources/TUhandControl/TivaC/TivaWare/usblib/gcc/libusb.a(usbdenum.o)
 .text.USBDCDDeviceInfoInit
                0x00000000000036ac       0x48 /home/wesley/Sources/TUhandControl/TivaC/TivaWare/usblib/gcc/libusb.a(usbdenum.o)
                0x00000000000036ac                USBDCDDeviceInfoInit
 .text.USBDCDInit
                0x00000000000036f4      0x14c /home/wesley/Sources/TUhandControl/TivaC/TivaWare/usblib/gcc/libusb.a(usbdenum.o)
                0x00000000000036f4                USBDCDInit
 .text.USBDCDRequestDataEP0
                0x0000000000003840       0x14 /home/wesley/Sources/TUhandControl/TivaC/TivaWare/usblib/gcc/libusb.a(usbdenum.o)
                0x0000000000003840                USBDCDRequestDataEP0
 .text.USBDCDSendDataEP0
                0x0000000000003854       0x10 /home/wesley/Sources/TUhandControl/TivaC/TivaWare/usblib/gcc/libusb.a(usbdenum.o)
                0x0000000000003854                USBDCDSendDataEP0
 .text.USBDCDStallEP0
                0x0000000000003864       0x1c /home/wesley/Sources/TUhandControl/TivaC/TivaWare/usblib/gcc/libusb.a(usbdenum.o)
                0x0000000000003864                USBDCDStallEP0
 .text.USBDCDFeatureGet
                0x0000000000003880       0x18 /home/wesley/Sources/TUhandControl/TivaC/TivaWare/usblib/gcc/libusb.a(usbdenum.o)
                0x0000000000003880                USBDCDFeatureGet
 .text.USBDeviceResumeTickHandler
                0x0000000000003898       0x50 /home/wesley/Sources/TUhandControl/TivaC/TivaWare/usblib/gcc/libusb.a(usbdenum.o)
                0x0000000000003898                USBDeviceResumeTickHandler
 .text.USBDeviceEnumHandler
                0x00000000000038e8       0xcc /home/wesley/Sources/TUhandControl/TivaC/TivaWare/usblib/gcc/libusb.a(usbdenum.o)
                0x00000000000038e8                USBDeviceEnumHandler
 .text.USBDeviceEnumResetHandler
                0x00000000000039b4       0x44 /home/wesley/Sources/TUhandControl/TivaC/TivaWare/usblib/gcc/libusb.a(usbdenum.o)
                0x00000000000039b4                USBDeviceEnumResetHandler
 .text.USBDeviceIntHandlerInternal
                0x00000000000039f8      0x144 /home/wesley/Sources/TUhandControl/TivaC/TivaWare/usblib/gcc/libusb.a(usbdenum.o)
                0x00000000000039f8                USBDeviceIntHandlerInternal
 .text.USB0DeviceIntHandler
                0x0000000000003b3c       0x18 /home/wesley/Sources/TUhandControl/TivaC/TivaWare/usblib/gcc/libusb.a(usbdhandler.o)
                0x0000000000003b3c                USB0DeviceIntHandler
 .text.uDMAUSBChannelStatus
                0x0000000000003b54       0x22 /home/wesley/Sources/TUhandControl/TivaC/TivaWare/usblib/gcc/libusb.a(usbdma.o)
 .text.DMAUSBIntStatusClear
                0x0000000000003b76        0xe /home/wesley/Sources/TUhandControl/TivaC/TivaWare/usblib/gcc/libusb.a(usbdma.o)
 .text.uDMAUSBChannelIntDisable
                0x0000000000003b84        0x2 /home/wesley/Sources/TUhandControl/TivaC/TivaWare/usblib/gcc/libusb.a(usbdma.o)
 .text.iDMAUSBArbSizeSet
                0x0000000000003b86        0x2 /home/wesley/Sources/TUhandControl/TivaC/TivaWare/usblib/gcc/libusb.a(usbdma.o)
 .text.DMAUSBStatus
                0x0000000000003b88        0x4 /home/wesley/Sources/TUhandControl/TivaC/TivaWare/usblib/gcc/libusb.a(usbdma.o)
 .text.iDMAUSBChannelRelease
                0x0000000000003b8c       0x3a /home/wesley/Sources/TUhandControl/TivaC/TivaWare/usblib/gcc/libusb.a(usbdma.o)
 .text.iDMAUSBChannelAllocate
                0x0000000000003bc6       0x82 /home/wesley/Sources/TUhandControl/TivaC/TivaWare/usblib/gcc/libusb.a(usbdma.o)
 .text.iDMAUSBChannelDisable
                0x0000000000003c48       0x32 /home/wesley/Sources/TUhandControl/TivaC/TivaWare/usblib/gcc/libusb.a(usbdma.o)
 .text.iDMAUSBChannelIntDisable
                0x0000000000003c7a        0x8 /home/wesley/Sources/TUhandControl/TivaC/TivaWare/usblib/gcc/libusb.a(usbdma.o)
 .text.iDMAUSBChannelIntEnable
                0x0000000000003c82        0x8 /home/wesley/Sources/TUhandControl/TivaC/TivaWare/usblib/gcc/libusb.a(usbdma.o)
 .text.iDMAUSBChannelEnable
                0x0000000000003c8a       0x50 /home/wesley/Sources/TUhandControl/TivaC/TivaWare/usblib/gcc/libusb.a(usbdma.o)
 .text.iDMAUSBIntStatus
                0x0000000000003cda        0x6 /home/wesley/Sources/TUhandControl/TivaC/TivaWare/usblib/gcc/libusb.a(usbdma.o)
 .text.uDMAUSBUnitSizeSet
                0x0000000000003ce0       0x60 /home/wesley/Sources/TUhandControl/TivaC/TivaWare/usblib/gcc/libusb.a(usbdma.o)
 .text.uDMAUSBArbSizeSet
                0x0000000000003d40       0x6e /home/wesley/Sources/TUhandControl/TivaC/TivaWare/usblib/gcc/libusb.a(usbdma.o)
 .text.uDMAUSBIntStatus
                0x0000000000003dae       0x2c /home/wesley/Sources/TUhandControl/TivaC/TivaWare/usblib/gcc/libusb.a(usbdma.o)
 .text.uDMAUSBChannelRelease
                0x0000000000003dda       0x56 /home/wesley/Sources/TUhandControl/TivaC/TivaWare/usblib/gcc/libusb.a(usbdma.o)
 .text.uDMAUSBChannelEnable
                0x0000000000003e30       0x6a /home/wesley/Sources/TUhandControl/TivaC/TivaWare/usblib/gcc/libusb.a(usbdma.o)
 .text.uDMAUSBChannelDisable
                0x0000000000003e9a       0x4e /home/wesley/Sources/TUhandControl/TivaC/TivaWare/usblib/gcc/libusb.a(usbdma.o)
 .text.uDMAUSBChannelAllocate
                0x0000000000003ee8       0xb4 /home/wesley/Sources/TUhandControl/TivaC/TivaWare/usblib/gcc/libusb.a(usbdma.o)
 .text.DMAUSBIntHandler
                0x0000000000003f9c       0x32 /home/wesley/Sources/TUhandControl/TivaC/TivaWare/usblib/gcc/libusb.a(usbdma.o)
 .text.iDMAUSBTransfer
                0x0000000000003fce       0xde /home/wesley/Sources/TUhandControl/TivaC/TivaWare/usblib/gcc/libusb.a(usbdma.o)
 .text.iDMAUSBChannelStatus
                0x00000000000040ac       0x34 /home/wesley/Sources/TUhandControl/TivaC/TivaWare/usblib/gcc/libusb.a(usbdma.o)
 .text.uDMAUSBTransfer
                0x00000000000040e0       0xb8 /home/wesley/Sources/TUhandControl/TivaC/TivaWare/usblib/gcc/libusb.a(usbdma.o)
 .text.iDMAUSBUnitSizeSet
                0x0000000000004198        0x2 /home/wesley/Sources/TUhandControl/TivaC/TivaWare/usblib/gcc/libusb.a(usbdma.o)
 .text.uDMAUSBChannelIntEnable
                0x000000000000419a        0x2 /home/wesley/Sources/TUhandControl/TivaC/TivaWare/usblib/gcc/libusb.a(usbdma.o)
 .text.USBLibDMAInit
                0x000000000000419c      0x164 /home/wesley/Sources/TUhandControl/TivaC/TivaWare/usblib/gcc/libusb.a(usbdma.o)
                0x000000000000419c                USBLibDMAInit
 .text.USBStackModeSet
                0x0000000000004300       0x1c /home/wesley/Sources/TUhandControl/TivaC/TivaWare/usblib/gcc/libusb.a(usbmode.o)
                0x0000000000004300                USBStackModeSet
 .text.UpdateIndexAtomic
                0x000000000000431c       0x2a /home/wesley/Sources/TUhandControl/TivaC/TivaWare/usblib/gcc/libusb.a(usbringbuf.o)
 .text.USBRingBufFlush
                0x0000000000004346       0x18 /home/wesley/Sources/TUhandControl/TivaC/TivaWare/usblib/gcc/libusb.a(usbringbuf.o)
                0x0000000000004346                USBRingBufFlush
 .text.USBRingBufUsed
                0x000000000000435e       0x12 /home/wesley/Sources/TUhandControl/TivaC/TivaWare/usblib/gcc/libusb.a(usbringbuf.o)
                0x000000000000435e                USBRingBufUsed
 .text.USBRingBufFree
                0x0000000000004370        0xe /home/wesley/Sources/TUhandControl/TivaC/TivaWare/usblib/gcc/libusb.a(usbringbuf.o)
                0x0000000000004370                USBRingBufFree
 .text.USBRingBufContigUsed
                0x000000000000437e       0x10 /home/wesley/Sources/TUhandControl/TivaC/TivaWare/usblib/gcc/libusb.a(usbringbuf.o)
                0x000000000000437e                USBRingBufContigUsed
 .text.USBRingBufContigFree
                0x000000000000438e       0x1a /home/wesley/Sources/TUhandControl/TivaC/TivaWare/usblib/gcc/libusb.a(usbringbuf.o)
                0x000000000000438e                USBRingBufContigFree
 .text.USBRingBufReadOne
                0x00000000000043a8       0x16 /home/wesley/Sources/TUhandControl/TivaC/TivaWare/usblib/gcc/libusb.a(usbringbuf.o)
                0x00000000000043a8                USBRingBufReadOne
 .text.USBRingBufRead
                0x00000000000043be       0x1a /home/wesley/Sources/TUhandControl/TivaC/TivaWare/usblib/gcc/libusb.a(usbringbuf.o)
                0x00000000000043be                USBRingBufRead
 .text.USBRingBufAdvanceRead
                0x00000000000043d8       0x1c /home/wesley/Sources/TUhandControl/TivaC/TivaWare/usblib/gcc/libusb.a(usbringbuf.o)
                0x00000000000043d8                USBRingBufAdvanceRead
 .text.USBRingBufAdvanceWrite
                0x00000000000043f4       0x36 /home/wesley/Sources/TUhandControl/TivaC/TivaWare/usblib/gcc/libusb.a(usbringbuf.o)
                0x00000000000043f4                USBRingBufAdvanceWrite
 .text.USBRingBufWriteOne
                0x000000000000442a       0x12 /home/wesley/Sources/TUhandControl/TivaC/TivaWare/usblib/gcc/libusb.a(usbringbuf.o)
                0x000000000000442a                USBRingBufWriteOne
 .text.USBRingBufWrite
                0x000000000000443c       0x1a /home/wesley/Sources/TUhandControl/TivaC/TivaWare/usblib/gcc/libusb.a(usbringbuf.o)
                0x000000000000443c                USBRingBufWrite
 .text.USBRingBufInit
                0x0000000000004456        0xc /home/wesley/Sources/TUhandControl/TivaC/TivaWare/usblib/gcc/libusb.a(usbringbuf.o)
                0x0000000000004456                USBRingBufInit
 *fill*         0x0000000000004462        0x2 
 .text.InternalUSBTickInit
                0x0000000000004464       0x30 /home/wesley/Sources/TUhandControl/TivaC/TivaWare/usblib/gcc/libusb.a(usbtick.o)
                0x0000000000004464                InternalUSBTickInit
 .text.InternalUSBRegisterTickHandler
                0x0000000000004494       0x30 /home/wesley/Sources/TUhandControl/TivaC/TivaWare/usblib/gcc/libusb.a(usbtick.o)
                0x0000000000004494                InternalUSBRegisterTickHandler
 .text.InternalUSBStartOfFrameTick
                0x00000000000044c4       0x34 /home/wesley/Sources/TUhandControl/TivaC/TivaWare/usblib/gcc/libusb.a(usbtick.o)
                0x00000000000044c4                InternalUSBStartOfFrameTick
 .text.ULPIConfigSet
                0x00000000000044f8       0x54 /home/wesley/Sources/TUhandControl/TivaC/TivaWare/usblib/gcc/libusb.a(usbulpi.o)
                0x00000000000044f8                ULPIConfigSet
 .text.NextConfigDescGet
                0x000000000000454c       0x34 /home/wesley/Sources/TUhandControl/TivaC/TivaWare/usblib/gcc/libusb.a(usbdcdesc.o)
 .text.USBDCDConfigDescGetSize
                0x0000000000004580       0x1e /home/wesley/Sources/TUhandControl/TivaC/TivaWare/usblib/gcc/libusb.a(usbdcdesc.o)
                0x0000000000004580                USBDCDConfigDescGetSize
 .text.USBDCDConfigDescGetNum
                0x000000000000459e       0x2a /home/wesley/Sources/TUhandControl/TivaC/TivaWare/usblib/gcc/libusb.a(usbdcdesc.o)
                0x000000000000459e                USBDCDConfigDescGetNum
 .text.USBDCDConfigDescGet
                0x00000000000045c8       0x58 /home/wesley/Sources/TUhandControl/TivaC/TivaWare/usblib/gcc/libusb.a(usbdcdesc.o)
                0x00000000000045c8                USBDCDConfigDescGet
 .text.USBDCDConfigGetInterface
                0x0000000000004620       0x58 /home/wesley/Sources/TUhandControl/TivaC/TivaWare/usblib/gcc/libusb.a(usbdcdesc.o)
                0x0000000000004620                USBDCDConfigGetInterface
 .text.USBDCDConfigGetInterfaceEndpoint
                0x0000000000004678       0x38 /home/wesley/Sources/TUhandControl/TivaC/TivaWare/usblib/gcc/libusb.a(usbdcdesc.o)
                0x0000000000004678                USBDCDConfigGetInterfaceEndpoint
 .text.GetEPDescriptorType
                0x00000000000046b0       0x44 /home/wesley/Sources/TUhandControl/TivaC/TivaWare/usblib/gcc/libusb.a(usbdconfig.o)
 .text.USBDeviceConfig
                0x00000000000046f4      0x164 /home/wesley/Sources/TUhandControl/TivaC/TivaWare/usblib/gcc/libusb.a(usbdconfig.o)
                0x00000000000046f4                USBDeviceConfig
 .text.USBDeviceConfigAlternate
                0x0000000000004858       0x88 /home/wesley/Sources/TUhandControl/TivaC/TivaWare/usblib/gcc/libusb.a(usbdconfig.o)
                0x0000000000004858                USBDeviceConfigAlternate
 .text.USBDescGetNum
                0x00000000000048e0       0x24 /home/wesley/Sources/TUhandControl/TivaC/TivaWare/usblib/gcc/libusb.a(usbdesc.o)
                0x00000000000048e0                USBDescGetNum
 .text.USBDescGet
                0x0000000000004904       0x28 /home/wesley/Sources/TUhandControl/TivaC/TivaWare/usblib/gcc/libusb.a(usbdesc.o)
                0x0000000000004904                USBDescGet
 .text.IntMasterEnable
                0x000000000000492c        0xe /home/wesley/Sources/TUhandControl/TivaC/TivaWare/driverlib/gcc/libdriver.a(interrupt.o)
                0x000000000000492c                IntMasterEnable
 .text.IntMasterDisable
                0x000000000000493a        0xe /home/wesley/Sources/TUhandControl/TivaC/TivaWare/driverlib/gcc/libdriver.a(interrupt.o)
                0x000000000000493a                IntMasterDisable
 .text.IntRegister
                0x0000000000004948       0x34 /home/wesley/Sources/TUhandControl/TivaC/TivaWare/driverlib/gcc/libdriver.a(interrupt.o)
                0x0000000000004948                IntRegister
 .text.IntEnable
                0x000000000000497c       0x60 /home/wesley/Sources/TUhandControl/TivaC/TivaWare/driverlib/gcc/libdriver.a(interrupt.o)
                0x000000000000497c                IntEnable
 .text.IntDisable
                0x00000000000049dc       0x60 /home/wesley/Sources/TUhandControl/TivaC/TivaWare/driverlib/gcc/libdriver.a(interrupt.o)
                0x00000000000049dc                IntDisable
 .text.IntIsEnabled
                0x0000000000004a3c       0x64 /home/wesley/Sources/TUhandControl/TivaC/TivaWare/driverlib/gcc/libdriver.a(interrupt.o)
                0x0000000000004a3c                IntIsEnabled
 .text.SysCtlPeripheralReset
                0x0000000000004aa0       0x40 /home/wesley/Sources/TUhandControl/TivaC/TivaWare/driverlib/gcc/libdriver.a(sysctl.o)
                0x0000000000004aa0                SysCtlPeripheralReset
 .text.SysCtlPeripheralEnable
                0x0000000000004ae0       0x28 /home/wesley/Sources/TUhandControl/TivaC/TivaWare/driverlib/gcc/libdriver.a(sysctl.o)
                0x0000000000004ae0                SysCtlPeripheralEnable
 .text.SysCtlUSBPLLEnable
                0x0000000000004b08       0x10 /home/wesley/Sources/TUhandControl/TivaC/TivaWare/driverlib/gcc/libdriver.a(sysctl.o)
                0x0000000000004b08                SysCtlUSBPLLEnable
 .text.UARTClockSourceSet
                0x0000000000004b18        0x6 /home/wesley/Sources/TUhandControl/TivaC/TivaWare/driverlib/gcc/libdriver.a(uart.o)
                0x0000000000004b18                UARTClockSourceSet
 *fill*         0x0000000000004b1e        0x2 
 .text.uDMAChannelEnable
                0x0000000000004b20       0x14 /home/wesley/Sources/TUhandControl/TivaC/TivaWare/driverlib/gcc/libdriver.a(udma.o)
                0x0000000000004b20                uDMAChannelEnable
 .text.uDMAChannelDisable
                0x0000000000004b34       0x14 /home/wesley/Sources/TUhandControl/TivaC/TivaWare/driverlib/gcc/libdriver.a(udma.o)
                0x0000000000004b34                uDMAChannelDisable
 .text.uDMAChannelAttributeDisable
                0x0000000000004b48       0x4c /home/wesley/Sources/TUhandControl/TivaC/TivaWare/driverlib/gcc/libdriver.a(udma.o)
                0x0000000000004b48                uDMAChannelAttributeDisable
 .text.uDMAChannelControlSet
                0x0000000000004b94       0x20 /home/wesley/Sources/TUhandControl/TivaC/TivaWare/driverlib/gcc/libdriver.a(udma.o)
                0x0000000000004b94                uDMAChannelControlSet
 .text.uDMAChannelTransferSet
                0x0000000000004bb4       0x88 /home/wesley/Sources/TUhandControl/TivaC/TivaWare/driverlib/gcc/libdriver.a(udma.o)
                0x0000000000004bb4                uDMAChannelTransferSet
 .text.uDMAChannelModeGet
                0x0000000000004c3c       0x24 /home/wesley/Sources/TUhandControl/TivaC/TivaWare/driverlib/gcc/libdriver.a(udma.o)
                0x0000000000004c3c                uDMAChannelModeGet
 .text._USBIntNumberGet.isra.0
                0x0000000000004c60       0x34 /home/wesley/Sources/TUhandControl/TivaC/TivaWare/driverlib/gcc/libdriver.a(usb.o)
 .text.USBHostResume
                0x0000000000004c94       0x12 /home/wesley/Sources/TUhandControl/TivaC/TivaWare/driverlib/gcc/libdriver.a(usb.o)
                0x0000000000004c94                USBHostResume
 *fill*         0x0000000000004ca6        0x2 
 .text.USBIntEnableControl
                0x0000000000004ca8       0x28 /home/wesley/Sources/TUhandControl/TivaC/TivaWare/driverlib/gcc/libdriver.a(usb.o)
                0x0000000000004ca8                USBIntEnableControl
 .text.USBIntStatusControl
                0x0000000000004cd0       0x3c /home/wesley/Sources/TUhandControl/TivaC/TivaWare/driverlib/gcc/libdriver.a(usb.o)
                0x0000000000004cd0                USBIntStatusControl
 .text.USBIntEnableEndpoint
                0x0000000000004d0c       0x18 /home/wesley/Sources/TUhandControl/TivaC/TivaWare/driverlib/gcc/libdriver.a(usb.o)
                0x0000000000004d0c                USBIntEnableEndpoint
 .text.USBIntStatusEndpoint
                0x0000000000004d24        0xc /home/wesley/Sources/TUhandControl/TivaC/TivaWare/driverlib/gcc/libdriver.a(usb.o)
                0x0000000000004d24                USBIntStatusEndpoint
 .text.USBIntRegister
                0x0000000000004d30       0x1a /home/wesley/Sources/TUhandControl/TivaC/TivaWare/driverlib/gcc/libdriver.a(usb.o)
                0x0000000000004d30                USBIntRegister
 .text.USBEndpointStatus
                0x0000000000004d4a       0x12 /home/wesley/Sources/TUhandControl/TivaC/TivaWare/driverlib/gcc/libdriver.a(usb.o)
                0x0000000000004d4a                USBEndpointStatus
 .text.USBDevEndpointStatusClear
                0x0000000000004d5c       0x5a /home/wesley/Sources/TUhandControl/TivaC/TivaWare/driverlib/gcc/libdriver.a(usb.o)
                0x0000000000004d5c                USBDevEndpointStatusClear
 .text.USBDevEndpointStall
                0x0000000000004db6       0x30 /home/wesley/Sources/TUhandControl/TivaC/TivaWare/driverlib/gcc/libdriver.a(usb.o)
                0x0000000000004db6                USBDevEndpointStall
 .text.USBDevEndpointStallClear
                0x0000000000004de6       0x40 /home/wesley/Sources/TUhandControl/TivaC/TivaWare/driverlib/gcc/libdriver.a(usb.o)
                0x0000000000004de6                USBDevEndpointStallClear
 .text.USBDevConnect
                0x0000000000004e26        0xa /home/wesley/Sources/TUhandControl/TivaC/TivaWare/driverlib/gcc/libdriver.a(usb.o)
                0x0000000000004e26                USBDevConnect
 .text.USBDevDisconnect
                0x0000000000004e30        0xa /home/wesley/Sources/TUhandControl/TivaC/TivaWare/driverlib/gcc/libdriver.a(usb.o)
                0x0000000000004e30                USBDevDisconnect
 .text.USBDevAddrSet
                0x0000000000004e3a        0x6 /home/wesley/Sources/TUhandControl/TivaC/TivaWare/driverlib/gcc/libdriver.a(usb.o)
                0x0000000000004e3a                USBDevAddrSet
 .text.USBDevEndpointConfigSet
                0x0000000000004e40       0x80 /home/wesley/Sources/TUhandControl/TivaC/TivaWare/driverlib/gcc/libdriver.a(usb.o)
                0x0000000000004e40                USBDevEndpointConfigSet
 .text.USBFIFOConfigSet
                0x0000000000004ec0       0x44 /home/wesley/Sources/TUhandControl/TivaC/TivaWare/driverlib/gcc/libdriver.a(usb.o)
                0x0000000000004ec0                USBFIFOConfigSet
 .text.USBEndpointDMAConfigSet
                0x0000000000004f04       0x4c /home/wesley/Sources/TUhandControl/TivaC/TivaWare/driverlib/gcc/libdriver.a(usb.o)
                0x0000000000004f04                USBEndpointDMAConfigSet
 .text.USBEndpointDMAEnable
                0x0000000000004f50       0x1e /home/wesley/Sources/TUhandControl/TivaC/TivaWare/driverlib/gcc/libdriver.a(usb.o)
                0x0000000000004f50                USBEndpointDMAEnable
 .text.USBEndpointDMADisable
                0x0000000000004f6e       0x1e /home/wesley/Sources/TUhandControl/TivaC/TivaWare/driverlib/gcc/libdriver.a(usb.o)
                0x0000000000004f6e                USBEndpointDMADisable
 .text.USBEndpointDataAvail
                0x0000000000004f8c       0x20 /home/wesley/Sources/TUhandControl/TivaC/TivaWare/driverlib/gcc/libdriver.a(usb.o)
                0x0000000000004f8c                USBEndpointDataAvail
 .text.USBEndpointDataGet
                0x0000000000004fac       0x48 /home/wesley/Sources/TUhandControl/TivaC/TivaWare/driverlib/gcc/libdriver.a(usb.o)
                0x0000000000004fac                USBEndpointDataGet
 .text.USBDevEndpointDataAck
                0x0000000000004ff4       0x1e /home/wesley/Sources/TUhandControl/TivaC/TivaWare/driverlib/gcc/libdriver.a(usb.o)
                0x0000000000004ff4                USBDevEndpointDataAck
 .text.USBEndpointDataPut
                0x0000000000005012       0x32 /home/wesley/Sources/TUhandControl/TivaC/TivaWare/driverlib/gcc/libdriver.a(usb.o)
                0x0000000000005012                USBEndpointDataPut
 .text.USBEndpointDataSend
                0x0000000000005044       0x2e /home/wesley/Sources/TUhandControl/TivaC/TivaWare/driverlib/gcc/libdriver.a(usb.o)
                0x0000000000005044                USBEndpointDataSend
 .text.USBFIFOAddrGet
                0x0000000000005072        0x8 /home/wesley/Sources/TUhandControl/TivaC/TivaWare/driverlib/gcc/libdriver.a(usb.o)
                0x0000000000005072                USBFIFOAddrGet
 .text.USBEndpointDMAChannel
                0x000000000000507a       0x1e /home/wesley/Sources/TUhandControl/TivaC/TivaWare/driverlib/gcc/libdriver.a(usb.o)
                0x000000000000507a                USBEndpointDMAChannel
 .text.USBDevMode
                0x0000000000005098        0x8 /home/wesley/Sources/TUhandControl/TivaC/TivaWare/driverlib/gcc/libdriver.a(usb.o)
                0x0000000000005098                USBDevMode
 .text.USBOTGMode
                0x00000000000050a0        0x8 /home/wesley/Sources/TUhandControl/TivaC/TivaWare/driverlib/gcc/libdriver.a(usb.o)
                0x00000000000050a0                USBOTGMode
 .text.USBEndpointPacketCountSet
                0x00000000000050a8       0x12 /home/wesley/Sources/TUhandControl/TivaC/TivaWare/driverlib/gcc/libdriver.a(usb.o)
                0x00000000000050a8                USBEndpointPacketCountSet
 .text.USBControllerVersion
                0x00000000000050ba        0xa /home/wesley/Sources/TUhandControl/TivaC/TivaWare/driverlib/gcc/libdriver.a(usb.o)
                0x00000000000050ba                USBControllerVersion
 .text.USBClockEnable
                0x00000000000050c4        0xa /home/wesley/Sources/TUhandControl/TivaC/TivaWare/driverlib/gcc/libdriver.a(usb.o)
                0x00000000000050c4                USBClockEnable
 .text.USBDMAChannelIntEnable
                0x00000000000050ce       0x10 /home/wesley/Sources/TUhandControl/TivaC/TivaWare/driverlib/gcc/libdriver.a(usb.o)
                0x00000000000050ce                USBDMAChannelIntEnable
 .text.USBDMAChannelIntDisable
                0x00000000000050de       0x10 /home/wesley/Sources/TUhandControl/TivaC/TivaWare/driverlib/gcc/libdriver.a(usb.o)
                0x00000000000050de                USBDMAChannelIntDisable
 .text.USBDMAChannelIntStatus
                0x00000000000050ee        0x6 /home/wesley/Sources/TUhandControl/TivaC/TivaWare/driverlib/gcc/libdriver.a(usb.o)
                0x00000000000050ee                USBDMAChannelIntStatus
 .text.USBDMAChannelEnable
                0x00000000000050f4       0x10 /home/wesley/Sources/TUhandControl/TivaC/TivaWare/driverlib/gcc/libdriver.a(usb.o)
                0x00000000000050f4                USBDMAChannelEnable
 .text.USBDMAChannelDisable
                0x0000000000005104       0x10 /home/wesley/Sources/TUhandControl/TivaC/TivaWare/driverlib/gcc/libdriver.a(usb.o)
                0x0000000000005104                USBDMAChannelDisable
 .text.USBDMAChannelConfigSet
                0x0000000000005114       0x12 /home/wesley/Sources/TUhandControl/TivaC/TivaWare/driverlib/gcc/libdriver.a(usb.o)
                0x0000000000005114                USBDMAChannelConfigSet
 .text.USBDMAChannelStatus
                0x0000000000005126        0xe /home/wesley/Sources/TUhandControl/TivaC/TivaWare/driverlib/gcc/libdriver.a(usb.o)
                0x0000000000005126                USBDMAChannelStatus
 .text.USBDMAChannelAddressSet
                0x0000000000005134        0xa /home/wesley/Sources/TUhandControl/TivaC/TivaWare/driverlib/gcc/libdriver.a(usb.o)
                0x0000000000005134                USBDMAChannelAddressSet
 .text.USBDMAChannelCountSet
                0x000000000000513e        0xa /home/wesley/Sources/TUhandControl/TivaC/TivaWare/driverlib/gcc/libdriver.a(usb.o)
                0x000000000000513e                USBDMAChannelCountSet
 .text.USBULPIEnable
                0x0000000000005148        0xe /home/wesley/Sources/TUhandControl/TivaC/TivaWare/driverlib/gcc/libdriver.a(usb.o)
                0x0000000000005148                USBULPIEnable
 .text.USBULPIDisable
                0x0000000000005156        0xe /home/wesley/Sources/TUhandControl/TivaC/TivaWare/driverlib/gcc/libdriver.a(usb.o)
                0x0000000000005156                USBULPIDisable
 .text.USBULPIRegRead
                0x0000000000005164       0x20 /home/wesley/Sources/TUhandControl/TivaC/TivaWare/driverlib/gcc/libdriver.a(usb.o)
                0x0000000000005164                USBULPIRegRead
 .text.USBULPIRegWrite
                0x0000000000005184       0x20 /home/wesley/Sources/TUhandControl/TivaC/TivaWare/driverlib/gcc/libdriver.a(usb.o)
                0x0000000000005184                USBULPIRegWrite
 .text.USBDevLPMConfig
                0x00000000000051a4        0x8 /home/wesley/Sources/TUhandControl/TivaC/TivaWare/driverlib/gcc/libdriver.a(usb.o)
                0x00000000000051a4                USBDevLPMConfig
 .text.USBDevLPMEnable
                0x00000000000051ac        0xe /home/wesley/Sources/TUhandControl/TivaC/TivaWare/driverlib/gcc/libdriver.a(usb.o)
                0x00000000000051ac                USBDevLPMEnable
 .text.USBDevLPMDisable
                0x00000000000051ba        0xe /home/wesley/Sources/TUhandControl/TivaC/TivaWare/driverlib/gcc/libdriver.a(usb.o)
                0x00000000000051ba                USBDevLPMDisable
 .text.USBLPMIntStatus
                0x00000000000051c8        0x6 /home/wesley/Sources/TUhandControl/TivaC/TivaWare/driverlib/gcc/libdriver.a(usb.o)
                0x00000000000051c8                USBLPMIntStatus
 .text.USBLPMIntEnable
                0x00000000000051ce        0xe /home/wesley/Sources/TUhandControl/TivaC/TivaWare/driverlib/gcc/libdriver.a(usb.o)
                0x00000000000051ce                USBLPMIntEnable
 .text.CPUcpsid
                0x00000000000051dc        0x8 /home/wesley/Sources/TUhandControl/TivaC/TivaWare/driverlib/gcc/libdriver.a(cpu.o)
                0x00000000000051dc                CPUcpsid
 .text.CPUcpsie
                0x00000000000051e4        0x8 /home/wesley/Sources/TUhandControl/TivaC/TivaWare/driverlib/gcc/libdriver.a(cpu.o)
                0x00000000000051e4                CPUcpsie
 .text.malloc   0x00000000000051ec       0x10 /usr/bin/../lib/gcc/arm-none-eabi/6.2.1/../../../../arm-none-eabi/lib/thumb/v7e-m/fpv4-sp/hard/libc.a(lib_a-malloc.o)
                0x00000000000051ec                malloc
 .text.free     0x00000000000051fc       0x10 /usr/bin/../lib/gcc/arm-none-eabi/6.2.1/../../../../arm-none-eabi/lib/thumb/v7e-m/fpv4-sp/hard/libc.a(lib_a-malloc.o)
                0x00000000000051fc                free
 .text._malloc_r
                0x000000000000520c      0x560 /usr/bin/../lib/gcc/arm-none-eabi/6.2.1/../../../../arm-none-eabi/lib/thumb/v7e-m/fpv4-sp/hard/libc.a(lib_a-mallocr.o)
                0x000000000000520c                _malloc_r
 .text          0x000000000000576c      0x134 /usr/bin/../lib/gcc/arm-none-eabi/6.2.1/../../../../arm-none-eabi/lib/thumb/v7e-m/fpv4-sp/hard/libc.a(lib_a-memcpy.o)
                0x000000000000576c                memcpy
 .text.memset   0x00000000000058a0       0x9c /usr/bin/../lib/gcc/arm-none-eabi/6.2.1/../../../../arm-none-eabi/lib/thumb/v7e-m/fpv4-sp/hard/libc.a(lib_a-memset.o)
                0x00000000000058a0                memset
 .text.realloc  0x000000000000593c       0x10 /usr/bin/../lib/gcc/arm-none-eabi/6.2.1/../../../../arm-none-eabi/lib/thumb/v7e-m/fpv4-sp/hard/libc.a(lib_a-realloc.o)
                0x000000000000593c                realloc
 .text._realloc_r
                0x000000000000594c      0x34c /usr/bin/../lib/gcc/arm-none-eabi/6.2.1/../../../../arm-none-eabi/lib/thumb/v7e-m/fpv4-sp/hard/libc.a(lib_a-reallocr.o)
                0x000000000000594c                _realloc_r
 .text._sbrk_r  0x0000000000005c98       0x24 /usr/bin/../lib/gcc/arm-none-eabi/6.2.1/../../../../arm-none-eabi/lib/thumb/v7e-m/fpv4-sp/hard/libc.a(lib_a-sbrkr.o)
                0x0000000000005c98                _sbrk_r
 *fill*         0x0000000000005cbc        0x4 
 .text          0x0000000000005cc0       0xdc /usr/bin/../lib/gcc/arm-none-eabi/6.2.1/../../../../arm-none-eabi/lib/thumb/v7e-m/fpv4-sp/hard/libc.a(lib_a-strlen.o)
                0x0000000000005cc0                strlen
 .text._malloc_trim_r
                0x0000000000005d9c       0xa0 /usr/bin/../lib/gcc/arm-none-eabi/6.2.1/../../../../arm-none-eabi/lib/thumb/v7e-m/fpv4-sp/hard/libc.a(lib_a-freer.o)
                0x0000000000005d9c                _malloc_trim_r
 .text._free_r  0x0000000000005e3c      0x1cc /usr/bin/../lib/gcc/arm-none-eabi/6.2.1/../../../../arm-none-eabi/lib/thumb/v7e-m/fpv4-sp/hard/libc.a(lib_a-freer.o)
                0x0000000000005e3c                _free_r
 .text.memmove  0x0000000000006008       0xc8 /usr/bin/../lib/gcc/arm-none-eabi/6.2.1/../../../../arm-none-eabi/lib/thumb/v7e-m/fpv4-sp/hard/libc.a(lib_a-memmove.o)
                0x0000000000006008                memmove
 .text._sbrk    0x00000000000060d0       0x1c /usr/bin/../lib/gcc/arm-none-eabi/6.2.1/../../../../arm-none-eabi/lib/thumb/v7e-m/fpv4-sp/hard/libnosys.a(sbrk.o)
                0x00000000000060d0                _sbrk
 *(.glue_7t)
 .glue_7t       0x00000000000060ec        0x0 linker stubs
 *(.glue_7)
 .glue_7        0x00000000000060ec        0x0 linker stubs
 *(.rodata .rodata* .gnu.linkonce.r.*)
 .rodata._ZTVN8std_msgs4TimeE
                0x00000000000060ec       0x18 CMakeFiles/freertos123.axf.dir/freertos_demo.cpp.obj
                0x00000000000060ec                vtable for std_msgs::Time
 .rodata._ZTVN14rosserial_msgs9TopicInfoE
                0x0000000000006104       0x18 CMakeFiles/freertos123.axf.dir/freertos_demo.cpp.obj
                0x0000000000006104                vtable for rosserial_msgs::TopicInfo
 .rodata._ZTVN14rosserial_msgs3LogE
                0x000000000000611c       0x18 CMakeFiles/freertos123.axf.dir/freertos_demo.cpp.obj
                0x000000000000611c                vtable for rosserial_msgs::Log
 .rodata._ZTVN14rosserial_msgs20RequestParamResponseE
                0x0000000000006134       0x18 CMakeFiles/freertos123.axf.dir/freertos_demo.cpp.obj
                0x0000000000006134                vtable for rosserial_msgs::RequestParamResponse
 .rodata._ZTVN3ros11NodeHandle_I13TivaCHardwareLi25ELi25ELi512ELi512EEE
                0x000000000000614c       0x14 CMakeFiles/freertos123.axf.dir/freertos_demo.cpp.obj
                0x000000000000614c                vtable for ros::NodeHandle_<TivaCHardware, 25, 25, 512, 512>
 .rodata._ZN14rosserial_msgs20RequestParamResponse6getMD5Ev.str1.1
                0x0000000000006160       0x21 CMakeFiles/freertos123.axf.dir/freertos_demo.cpp.obj
 .rodata._ZN14rosserial_msgs3Log6getMD5Ev.str1.1
                0x0000000000006181       0x21 CMakeFiles/freertos123.axf.dir/freertos_demo.cpp.obj
 .rodata._ZN14rosserial_msgs3Log7getTypeEv.str1.1
                0x00000000000061a2       0x13 CMakeFiles/freertos123.axf.dir/freertos_demo.cpp.obj
 .rodata._ZN14rosserial_msgs9TopicInfo6getMD5Ev.str1.1
                0x00000000000061b5       0x21 CMakeFiles/freertos123.axf.dir/freertos_demo.cpp.obj
 .rodata._ZN14rosserial_msgs9TopicInfo7getTypeEv.str1.1
                0x00000000000061d6       0x19 CMakeFiles/freertos123.axf.dir/freertos_demo.cpp.obj
 .rodata._ZN14rosserial_msgsL12REQUESTPARAME
                0x00000000000061ef       0x1c CMakeFiles/freertos123.axf.dir/freertos_demo.cpp.obj
 .rodata._ZN3ros11NodeHandle_I13TivaCHardwareLi25ELi25ELi512ELi512EE15negotiateTopicsEv.str1.1
                0x000000000000620b       0x19 CMakeFiles/freertos123.axf.dir/freertos_demo.cpp.obj
                                          0x1 (size before relaxing)
 .rodata._ZN3ros11NodeHandle_I13TivaCHardwareLi25ELi25ELi512ELi512EE7publishEiPKNS_3MsgE.str1.1
                0x000000000000620b       0x39 CMakeFiles/freertos123.axf.dir/freertos_demo.cpp.obj
 .rodata._ZN8std_msgs4Time6getMD5Ev.str1.1
                0x0000000000006244       0x21 CMakeFiles/freertos123.axf.dir/freertos_demo.cpp.obj
 .rodata._ZN8std_msgs4Time7getTypeEv.str1.1
                0x0000000000006265        0xe CMakeFiles/freertos123.axf.dir/freertos_demo.cpp.obj
 .rodata.main.str1.1
                0x0000000000006273      0x102 CMakeFiles/freertos123.axf.dir/freertos_demo.cpp.obj
 .rodata.vApplicationStackOverflowHook.str1.1
                0x0000000000006375       0x10 CMakeFiles/freertos123.axf.dir/freertos_demo.cpp.obj
 .rodata._Z12spinInitTaskPN3ros11NodeHandle_I13TivaCHardwareLi25ELi25ELi512ELi512EEE.str1.1
                0x0000000000006385        0x5 CMakeFiles/freertos123.axf.dir/spin_task.cpp.obj
 *fill*         0x000000000000638a        0x2 
 .rodata._ZTVN8std_msgs5Int32E
                0x000000000000638c       0x18 CMakeFiles/freertos123.axf.dir/publish_task.cpp.obj
                0x000000000000638c                vtable for std_msgs::Int32
 .rodata._GLOBAL__sub_I_int_msg.str1.1
                0x00000000000063a4        0xb CMakeFiles/freertos123.axf.dir/publish_task.cpp.obj
 .rodata._Z15publishInitTaskPN3ros11NodeHandle_I13TivaCHardwareLi25ELi25ELi512ELi512EEE.str1.1
                0x00000000000063af        0x8 CMakeFiles/freertos123.axf.dir/publish_task.cpp.obj
 .rodata._ZN8std_msgs5Int326getMD5Ev.str1.1
                0x00000000000063b7       0x21 CMakeFiles/freertos123.axf.dir/publish_task.cpp.obj
 .rodata._ZN8std_msgs5Int327getTypeEv.str1.1
                0x00000000000063d8        0xf CMakeFiles/freertos123.axf.dir/publish_task.cpp.obj
 *fill*         0x00000000000063e7        0x1 
 .rodata._ZTVN8std_msgs6StringE
                0x00000000000063e8       0x18 CMakeFiles/freertos123.axf.dir/subscribe_task.cpp.obj
                0x00000000000063e8                vtable for std_msgs::String
 .rodata._ZTVN3ros10SubscriberIN8std_msgs6StringEvEE
                0x0000000000006400       0x18 CMakeFiles/freertos123.axf.dir/subscribe_task.cpp.obj
                0x0000000000006400                vtable for ros::Subscriber<std_msgs::String, void>
 .rodata._GLOBAL__sub_I_g_pStrQueue.str1.1
                0x0000000000006418        0x4 CMakeFiles/freertos123.axf.dir/subscribe_task.cpp.obj
 .rodata._Z17subscribeInitTaskPN3ros11NodeHandle_I13TivaCHardwareLi25ELi25ELi512ELi512EEE.str1.1
                0x000000000000641c        0xa CMakeFiles/freertos123.axf.dir/subscribe_task.cpp.obj
 .rodata._ZL13subscribeTaskPv.str1.1
                0x0000000000006426        0x1 CMakeFiles/freertos123.axf.dir/subscribe_task.cpp.obj
 .rodata._ZL6str_cbRKN8std_msgs6StringE.str1.1
                0x0000000000006426       0x1c CMakeFiles/freertos123.axf.dir/subscribe_task.cpp.obj
 .rodata._ZN8std_msgs6String6getMD5Ev.str1.1
                0x0000000000006442       0x21 CMakeFiles/freertos123.axf.dir/subscribe_task.cpp.obj
 .rodata._ZN8std_msgs6String7getTypeEv.str1.1
                0x0000000000006463       0x10 CMakeFiles/freertos123.axf.dir/subscribe_task.cpp.obj
 .rodata.UARTvprintf.str1.1
                0x0000000000006473       0x19 CMakeFiles/freertos123.axf.dir/home/wesley/Sources/TUhandControl/TivaC/TivaWare/utils/uartstdio.c.obj
 .rodata.g_ui32UARTBase
                0x000000000000648c        0xc CMakeFiles/freertos123.axf.dir/home/wesley/Sources/TUhandControl/TivaC/TivaWare/utils/uartstdio.c.obj
 .rodata.g_ui32UARTPeriph
                0x0000000000006498        0xc CMakeFiles/freertos123.axf.dir/home/wesley/Sources/TUhandControl/TivaC/TivaWare/utils/uartstdio.c.obj
 .rodata.vTaskStartScheduler.str1.1
                0x00000000000064a4        0x5 CMakeFiles/freertos123.axf.dir/home/wesley/Sources/TUhandControl/TivaC/TivaWare/third_party/FreeRTOS/Source/tasks.c.obj
 .rodata.BusISR.str1.1
                0x00000000000064a9        0xa CMakeFiles/freertos123.axf.dir/startup_gcc.c.obj
 .rodata.FaultISR.str1.1
                0x00000000000064b3        0xc CMakeFiles/freertos123.axf.dir/startup_gcc.c.obj
 .rodata.IntDefaultHandler.str1.1
                0x00000000000064bf       0x15 CMakeFiles/freertos123.axf.dir/startup_gcc.c.obj
 .rodata.MPUISR.str1.1
                0x00000000000064d4        0xa CMakeFiles/freertos123.axf.dir/startup_gcc.c.obj
 .rodata.NmiSR.str1.1
                0x00000000000064de        0x9 CMakeFiles/freertos123.axf.dir/startup_gcc.c.obj
 .rodata.UsageISR.str1.1
                0x00000000000064e7       0x3b CMakeFiles/freertos123.axf.dir/startup_gcc.c.obj
 *fill*         0x0000000000006522        0x2 
 .rodata.g_ppui8StringDescriptors
                0x0000000000006524       0x18 CMakeFiles/freertos123.axf.dir/home/wesley/Sources/TUhandControl/TivaC/catkin_rosserial_tut/build/rosserial_tivac_tutorials/ros_lib/usb_serial_structs.c.obj
                0x0000000000006524                g_ppui8StringDescriptors
 .rodata.g_pui8ConfigString
                0x000000000000653c       0x36 CMakeFiles/freertos123.axf.dir/home/wesley/Sources/TUhandControl/TivaC/catkin_rosserial_tut/build/rosserial_tivac_tutorials/ros_lib/usb_serial_structs.c.obj
                0x000000000000653c                g_pui8ConfigString
 .rodata.g_pui8ControlInterfaceString
                0x0000000000006572       0x2c CMakeFiles/freertos123.axf.dir/home/wesley/Sources/TUhandControl/TivaC/catkin_rosserial_tut/build/rosserial_tivac_tutorials/ros_lib/usb_serial_structs.c.obj
                0x0000000000006572                g_pui8ControlInterfaceString
 .rodata.g_pui8LangDescriptor
                0x000000000000659e        0x4 CMakeFiles/freertos123.axf.dir/home/wesley/Sources/TUhandControl/TivaC/catkin_rosserial_tut/build/rosserial_tivac_tutorials/ros_lib/usb_serial_structs.c.obj
                0x000000000000659e                g_pui8LangDescriptor
 .rodata.g_pui8ManufacturerString
                0x00000000000065a2       0x24 CMakeFiles/freertos123.axf.dir/home/wesley/Sources/TUhandControl/TivaC/catkin_rosserial_tut/build/rosserial_tivac_tutorials/ros_lib/usb_serial_structs.c.obj
                0x00000000000065a2                g_pui8ManufacturerString
 .rodata.g_pui8ProductString
                0x00000000000065c6       0x22 CMakeFiles/freertos123.axf.dir/home/wesley/Sources/TUhandControl/TivaC/catkin_rosserial_tut/build/rosserial_tivac_tutorials/ros_lib/usb_serial_structs.c.obj
                0x00000000000065c6                g_pui8ProductString
 .rodata.g_pui8SerialNumberString
                0x00000000000065e8       0x12 CMakeFiles/freertos123.axf.dir/home/wesley/Sources/TUhandControl/TivaC/catkin_rosserial_tut/build/rosserial_tivac_tutorials/ros_lib/usb_serial_structs.c.obj
                0x00000000000065e8                g_pui8SerialNumberString
 *fill*         0x00000000000065fa        0x2 
 .rodata.g_pCDCCompSerConfigDescriptors
                0x00000000000065fc        0x4 /home/wesley/Sources/TUhandControl/TivaC/TivaWare/usblib/gcc/libusb.a(usbdcdc.o)
                0x00000000000065fc                g_pCDCCompSerConfigDescriptors
 .rodata.g_pCDCCompSerConfigDescriptorsHS
                0x0000000000006600        0x4 /home/wesley/Sources/TUhandControl/TivaC/TivaWare/usblib/gcc/libusb.a(usbdcdc.o)
                0x0000000000006600                g_pCDCCompSerConfigDescriptorsHS
 .rodata.g_ppCDCSerConfigDescriptors
                0x0000000000006604        0x4 /home/wesley/Sources/TUhandControl/TivaC/TivaWare/usblib/gcc/libusb.a(usbdcdc.o)
                0x0000000000006604                g_ppCDCSerConfigDescriptors
 .rodata.g_ppCDCSerConfigDescriptorsHS
                0x0000000000006608        0x4 /home/wesley/Sources/TUhandControl/TivaC/TivaWare/usblib/gcc/libusb.a(usbdcdc.o)
                0x0000000000006608                g_ppCDCSerConfigDescriptorsHS
 .rodata.g_pui8CDCSerCommInterface
                0x000000000000660c       0x23 /home/wesley/Sources/TUhandControl/TivaC/TivaWare/usblib/gcc/libusb.a(usbdcdc.o)
                0x000000000000660c                g_pui8CDCSerCommInterface
 .rodata.g_pui8CDCSerDataInterface
                0x000000000000662f       0x17 /home/wesley/Sources/TUhandControl/TivaC/TivaWare/usblib/gcc/libusb.a(usbdcdc.o)
                0x000000000000662f                g_pui8CDCSerDataInterface
 .rodata.g_pui8CDCSerDataInterfaceHS
                0x0000000000006646       0x17 /home/wesley/Sources/TUhandControl/TivaC/TivaWare/usblib/gcc/libusb.a(usbdcdc.o)
                0x0000000000006646                g_pui8CDCSerDataInterfaceHS
 *fill*         0x000000000000665d        0x3 
 .rodata.g_sCDCCompSerConfigHeader
                0x0000000000006660        0x8 /home/wesley/Sources/TUhandControl/TivaC/TivaWare/usblib/gcc/libusb.a(usbdcdc.o)
                0x0000000000006660                g_sCDCCompSerConfigHeader
 .rodata.g_sCDCCompSerConfigHeaderHS
                0x0000000000006668        0x8 /home/wesley/Sources/TUhandControl/TivaC/TivaWare/usblib/gcc/libusb.a(usbdcdc.o)
                0x0000000000006668                g_sCDCCompSerConfigHeaderHS
 .rodata.g_sCDCHandlers
                0x0000000000006670       0x30 /home/wesley/Sources/TUhandControl/TivaC/TivaWare/usblib/gcc/libusb.a(usbdcdc.o)
                0x0000000000006670                g_sCDCHandlers
 .rodata.g_sCDCSerCommInterfaceSection
                0x00000000000066a0        0x8 /home/wesley/Sources/TUhandControl/TivaC/TivaWare/usblib/gcc/libusb.a(usbdcdc.o)
                0x00000000000066a0                g_sCDCSerCommInterfaceSection
 .rodata.g_sCDCSerConfigHeader
                0x00000000000066a8        0x8 /home/wesley/Sources/TUhandControl/TivaC/TivaWare/usblib/gcc/libusb.a(usbdcdc.o)
                0x00000000000066a8                g_sCDCSerConfigHeader
 .rodata.g_sCDCSerConfigHeaderHS
                0x00000000000066b0        0x8 /home/wesley/Sources/TUhandControl/TivaC/TivaWare/usblib/gcc/libusb.a(usbdcdc.o)
                0x00000000000066b0                g_sCDCSerConfigHeaderHS
 .rodata.g_sCDCSerConfigSection
                0x00000000000066b8        0x8 /home/wesley/Sources/TUhandControl/TivaC/TivaWare/usblib/gcc/libusb.a(usbdcdc.o)
                0x00000000000066b8                g_sCDCSerConfigSection
 .rodata.g_sCDCSerDataInterfaceSection
                0x00000000000066c0        0x8 /home/wesley/Sources/TUhandControl/TivaC/TivaWare/usblib/gcc/libusb.a(usbdcdc.o)
                0x00000000000066c0                g_sCDCSerDataInterfaceSection
 .rodata.g_sCDCSerDataInterfaceSectionHS
                0x00000000000066c8        0x8 /home/wesley/Sources/TUhandControl/TivaC/TivaWare/usblib/gcc/libusb.a(usbdcdc.o)
                0x00000000000066c8                g_sCDCSerDataInterfaceSectionHS
 .rodata.g_sIADSerConfigSection
                0x00000000000066d0        0x8 /home/wesley/Sources/TUhandControl/TivaC/TivaWare/usblib/gcc/libusb.a(usbdcdc.o)
                0x00000000000066d0                g_sIADSerConfigSection
 .rodata.g_psUSBDStdRequests
                0x00000000000066d8       0x34 /home/wesley/Sources/TUhandControl/TivaC/TivaWare/usblib/gcc/libusb.a(usbdenum.o)
 .rodata.g_pui32Dii16Regs
                0x000000000000670c       0x14 /home/wesley/Sources/TUhandControl/TivaC/TivaWare/driverlib/gcc/libdriver.a(interrupt.o)
 .rodata.g_pui32EnRegs
                0x0000000000006720       0x14 /home/wesley/Sources/TUhandControl/TivaC/TivaWare/driverlib/gcc/libdriver.a(interrupt.o)
 *(.ARM.extab* .gnu.linkonce.armextab.*)
                0x0000000000006734                . = ALIGN (0x4)
 *(.init)
                0x0000000000006734                . = ALIGN (0x4)
                0x0000000000006734                __preinit_array_start = .
 *(SORT(.preinit_array*))
 *(.preinit_array)
                0x0000000000006734                __preinit_array_end = .
                0x0000000000006734                . = ALIGN (0x4)
                0x0000000000006734                __init_array_start = .
 *(SORT(.init_array.*))
 *(.init_array)
 .init_array    0x0000000000006734        0x4 CMakeFiles/freertos123.axf.dir/freertos_demo.cpp.obj
 .init_array    0x0000000000006738        0x4 CMakeFiles/freertos123.axf.dir/publish_task.cpp.obj
 .init_array    0x000000000000673c        0x4 CMakeFiles/freertos123.axf.dir/subscribe_task.cpp.obj
                0x0000000000006740                __init_array_end = .
                0x0000000000006740                . = ALIGN (0x4)
 *(.fini)
                0x0000000000006740                . = ALIGN (0x4)
                0x0000000000006740                __fini_array_start = .
 *(.fini_array)
 *(SORT(.fini_array.*))
                0x0000000000006740                __fini_array_end = .
                0x0000000000006740                . = ALIGN (0x4)
                0x0000000000006740                _etext = .

.vfp11_veneer   0x0000000000006740        0x0
 .vfp11_veneer  0x0000000000006740        0x0 linker stubs

.v4_bx          0x0000000000006740        0x0
 .v4_bx         0x0000000000006740        0x0 linker stubs

.iplt           0x0000000000006740        0x0
 .iplt          0x0000000000006740        0x0 CMakeFiles/freertos123.axf.dir/freertos_demo.cpp.obj

.rel.dyn        0x0000000000006740        0x0
 .rel.iplt      0x0000000000006740        0x0 CMakeFiles/freertos123.axf.dir/freertos_demo.cpp.obj

.data           0x0000000020000000      0xbe8 load address 0x0000000000006740
                0x0000000020000000                . = ALIGN (0x4)
                0x0000000020000000                _data = .
 *(vtable)
 vtable         0x0000000020000000      0x26c /home/wesley/Sources/TUhandControl/TivaC/TivaWare/driverlib/gcc/libdriver.a(interrupt.o)
 *(.data .data* .gnu.linkonce.d.*)
 .data.uxCriticalNesting
                0x000000002000026c        0x4 CMakeFiles/freertos123.axf.dir/home/wesley/Sources/TUhandControl/TivaC/TivaWare/third_party/FreeRTOS/Source/portable/GCC/ARM_CM4F/port.c.obj
 .data.g_sCDCDevice
                0x0000000020000270       0x60 CMakeFiles/freertos123.axf.dir/home/wesley/Sources/TUhandControl/TivaC/catkin_rosserial_tut/build/rosserial_tivac_tutorials/ros_lib/usb_serial_structs.c.obj
                0x0000000020000270                g_sCDCDevice
 .data.g_sRxBuffer
                0x00000000200002d0       0x38 CMakeFiles/freertos123.axf.dir/home/wesley/Sources/TUhandControl/TivaC/catkin_rosserial_tut/build/rosserial_tivac_tutorials/ros_lib/usb_serial_structs.c.obj
                0x00000000200002d0                g_sRxBuffer
 .data.g_sTxBuffer
                0x0000000020000308       0x38 CMakeFiles/freertos123.axf.dir/home/wesley/Sources/TUhandControl/TivaC/catkin_rosserial_tut/build/rosserial_tivac_tutorials/ros_lib/usb_serial_structs.c.obj
                0x0000000020000308                g_sTxBuffer
 .data.g_psCDCCompSerSections
                0x0000000020000340       0x10 /home/wesley/Sources/TUhandControl/TivaC/TivaWare/usblib/gcc/libusb.a(usbdcdc.o)
                0x0000000020000340                g_psCDCCompSerSections
 .data.g_psCDCCompSerSectionsHS
                0x0000000020000350       0x10 /home/wesley/Sources/TUhandControl/TivaC/TivaWare/usblib/gcc/libusb.a(usbdcdc.o)
                0x0000000020000350                g_psCDCCompSerSectionsHS
 .data.g_psCDCSerSections
                0x0000000020000360        0xc /home/wesley/Sources/TUhandControl/TivaC/TivaWare/usblib/gcc/libusb.a(usbdcdc.o)
                0x0000000020000360                g_psCDCSerSections
 .data.g_psCDCSerSectionsHS
                0x000000002000036c        0xc /home/wesley/Sources/TUhandControl/TivaC/TivaWare/usblib/gcc/libusb.a(usbdcdc.o)
                0x000000002000036c                g_psCDCSerSectionsHS
 .data.g_pui8CDCSerDescriptor
                0x0000000020000378        0x9 /home/wesley/Sources/TUhandControl/TivaC/TivaWare/usblib/gcc/libusb.a(usbdcdc.o)
                0x0000000020000378                g_pui8CDCSerDescriptor
 .data.g_pui8CDCSerDeviceDescriptor
                0x0000000020000381       0x12 /home/wesley/Sources/TUhandControl/TivaC/TivaWare/usblib/gcc/libusb.a(usbdcdc.o)
                0x0000000020000381                g_pui8CDCSerDeviceDescriptor
 .data.g_pui8IADSerDescriptor
                0x0000000020000393        0x8 /home/wesley/Sources/TUhandControl/TivaC/TivaWare/usblib/gcc/libusb.a(usbdcdc.o)
                0x0000000020000393                g_pui8IADSerDescriptor
 *fill*         0x000000002000039b        0x1 
 .data.g_ui16MaxPacketSize
                0x000000002000039c        0x2 /home/wesley/Sources/TUhandControl/TivaC/TivaWare/usblib/gcc/libusb.a(usbdcdc.o)
 *fill*         0x000000002000039e        0x2 
 .data.g_ui32PLLDiv
                0x00000000200003a0        0x4 /home/wesley/Sources/TUhandControl/TivaC/TivaWare/usblib/gcc/libusb.a(usbdenum.o)
 .data.g_iUSBMode
                0x00000000200003a4        0x1 /home/wesley/Sources/TUhandControl/TivaC/TivaWare/usblib/gcc/libusb.a(usbmode.o)
                0x00000000200003a4                g_iUSBMode
 *fill*         0x00000000200003a5        0x3 
 .data._impure_ptr
                0x00000000200003a8        0x4 /usr/bin/../lib/gcc/arm-none-eabi/6.2.1/../../../../arm-none-eabi/lib/thumb/v7e-m/fpv4-sp/hard/libc.a(lib_a-impure.o)
                0x00000000200003a8                _impure_ptr
 *fill*         0x00000000200003ac        0x4 
 .data.impure_data
                0x00000000200003b0      0x428 /usr/bin/../lib/gcc/arm-none-eabi/6.2.1/../../../../arm-none-eabi/lib/thumb/v7e-m/fpv4-sp/hard/libc.a(lib_a-impure.o)
 .data.__malloc_av_
                0x00000000200007d8      0x408 /usr/bin/../lib/gcc/arm-none-eabi/6.2.1/../../../../arm-none-eabi/lib/thumb/v7e-m/fpv4-sp/hard/libc.a(lib_a-mallocr.o)
                0x00000000200007d8                __malloc_av_
 .data.__malloc_sbrk_base
                0x0000000020000be0        0x4 /usr/bin/../lib/gcc/arm-none-eabi/6.2.1/../../../../arm-none-eabi/lib/thumb/v7e-m/fpv4-sp/hard/libc.a(lib_a-mallocr.o)
                0x0000000020000be0                __malloc_sbrk_base
 .data.__malloc_trim_threshold
                0x0000000020000be4        0x4 /usr/bin/../lib/gcc/arm-none-eabi/6.2.1/../../../../arm-none-eabi/lib/thumb/v7e-m/fpv4-sp/hard/libc.a(lib_a-mallocr.o)
                0x0000000020000be4                __malloc_trim_threshold
                0x0000000020000be8                _edata = .

.igot.plt       0x0000000020000be8        0x0 load address 0x0000000000007328
 .igot.plt      0x0000000020000be8        0x0 CMakeFiles/freertos123.axf.dir/freertos_demo.cpp.obj

.bss            0x0000000020000be8      0xb70 load address 0x0000000000007328
                0x0000000020000be8                . = ALIGN (0x4)
                0x0000000020000be8                _bss = .
                0x0000000020000be8                __bss_start__ = _bss
 *(.bss*)
 .bss.nh        0x0000000020000be8      0x52c CMakeFiles/freertos123.axf.dir/freertos_demo.cpp.obj
                0x0000000020000be8                nh
 .bss._ZL3nh_   0x0000000020001114        0x4 CMakeFiles/freertos123.axf.dir/spin_task.cpp.obj
 .bss._ZL3nh_   0x0000000020001118        0x4 CMakeFiles/freertos123.axf.dir/publish_task.cpp.obj
 .bss.count_pub
                0x000000002000111c       0x14 CMakeFiles/freertos123.axf.dir/publish_task.cpp.obj
                0x000000002000111c                count_pub
 .bss.int_msg   0x0000000020001130        0x8 CMakeFiles/freertos123.axf.dir/publish_task.cpp.obj
                0x0000000020001130                int_msg
 .bss.g_pStrLenQueue
                0x0000000020001138        0x4 CMakeFiles/freertos123.axf.dir/subscribe_task.cpp.obj
                0x0000000020001138                g_pStrLenQueue
 .bss.g_pStrQueue
                0x000000002000113c        0x4 CMakeFiles/freertos123.axf.dir/subscribe_task.cpp.obj
                0x000000002000113c                g_pStrQueue
 .bss.str_sub   0x0000000020001140       0x1c CMakeFiles/freertos123.axf.dir/subscribe_task.cpp.obj
                0x0000000020001140                str_sub
 .bss.g_ui32Base
                0x000000002000115c        0x4 CMakeFiles/freertos123.axf.dir/home/wesley/Sources/TUhandControl/TivaC/TivaWare/utils/uartstdio.c.obj
 .bss.pxCurrentTCB
                0x0000000020001160        0x4 CMakeFiles/freertos123.axf.dir/home/wesley/Sources/TUhandControl/TivaC/TivaWare/third_party/FreeRTOS/Source/tasks.c.obj
                0x0000000020001160                pxCurrentTCB
 .bss.pxDelayedTaskList
                0x0000000020001164        0x4 CMakeFiles/freertos123.axf.dir/home/wesley/Sources/TUhandControl/TivaC/TivaWare/third_party/FreeRTOS/Source/tasks.c.obj
 .bss.pxOverflowDelayedTaskList
                0x0000000020001168        0x4 CMakeFiles/freertos123.axf.dir/home/wesley/Sources/TUhandControl/TivaC/TivaWare/third_party/FreeRTOS/Source/tasks.c.obj
 .bss.pxReadyTasksLists
                0x000000002000116c      0x140 CMakeFiles/freertos123.axf.dir/home/wesley/Sources/TUhandControl/TivaC/TivaWare/third_party/FreeRTOS/Source/tasks.c.obj
 .bss.uxCurrentNumberOfTasks
                0x00000000200012ac        0x4 CMakeFiles/freertos123.axf.dir/home/wesley/Sources/TUhandControl/TivaC/TivaWare/third_party/FreeRTOS/Source/tasks.c.obj
 .bss.uxPendedTicks
                0x00000000200012b0        0x4 CMakeFiles/freertos123.axf.dir/home/wesley/Sources/TUhandControl/TivaC/TivaWare/third_party/FreeRTOS/Source/tasks.c.obj
 .bss.uxSchedulerSuspended
                0x00000000200012b4        0x4 CMakeFiles/freertos123.axf.dir/home/wesley/Sources/TUhandControl/TivaC/TivaWare/third_party/FreeRTOS/Source/tasks.c.obj
 .bss.uxTaskNumber
                0x00000000200012b8        0x4 CMakeFiles/freertos123.axf.dir/home/wesley/Sources/TUhandControl/TivaC/TivaWare/third_party/FreeRTOS/Source/tasks.c.obj
 .bss.uxTopReadyPriority
                0x00000000200012bc        0x4 CMakeFiles/freertos123.axf.dir/home/wesley/Sources/TUhandControl/TivaC/TivaWare/third_party/FreeRTOS/Source/tasks.c.obj
 .bss.xDelayedTaskList1
                0x00000000200012c0       0x14 CMakeFiles/freertos123.axf.dir/home/wesley/Sources/TUhandControl/TivaC/TivaWare/third_party/FreeRTOS/Source/tasks.c.obj
 .bss.xDelayedTaskList2
                0x00000000200012d4       0x14 CMakeFiles/freertos123.axf.dir/home/wesley/Sources/TUhandControl/TivaC/TivaWare/third_party/FreeRTOS/Source/tasks.c.obj
 .bss.xNextTaskUnblockTime
                0x00000000200012e8        0x4 CMakeFiles/freertos123.axf.dir/home/wesley/Sources/TUhandControl/TivaC/TivaWare/third_party/FreeRTOS/Source/tasks.c.obj
 .bss.xNumOfOverflows
                0x00000000200012ec        0x4 CMakeFiles/freertos123.axf.dir/home/wesley/Sources/TUhandControl/TivaC/TivaWare/third_party/FreeRTOS/Source/tasks.c.obj
 .bss.xPendingReadyList
                0x00000000200012f0       0x14 CMakeFiles/freertos123.axf.dir/home/wesley/Sources/TUhandControl/TivaC/TivaWare/third_party/FreeRTOS/Source/tasks.c.obj
 .bss.xSchedulerRunning
                0x0000000020001304        0x4 CMakeFiles/freertos123.axf.dir/home/wesley/Sources/TUhandControl/TivaC/TivaWare/third_party/FreeRTOS/Source/tasks.c.obj
 .bss.xSuspendedTaskList
                0x0000000020001308       0x14 CMakeFiles/freertos123.axf.dir/home/wesley/Sources/TUhandControl/TivaC/TivaWare/third_party/FreeRTOS/Source/tasks.c.obj
 .bss.xTickCount
                0x000000002000131c        0x4 CMakeFiles/freertos123.axf.dir/home/wesley/Sources/TUhandControl/TivaC/TivaWare/third_party/FreeRTOS/Source/tasks.c.obj
 .bss.xYieldPending
                0x0000000020001320        0x4 CMakeFiles/freertos123.axf.dir/home/wesley/Sources/TUhandControl/TivaC/TivaWare/third_party/FreeRTOS/Source/tasks.c.obj
 .bss.ucMaxSysCallPriority
                0x0000000020001324        0x1 CMakeFiles/freertos123.axf.dir/home/wesley/Sources/TUhandControl/TivaC/TivaWare/third_party/FreeRTOS/Source/portable/GCC/ARM_CM4F/port.c.obj
 *fill*         0x0000000020001325        0x3 
 .bss.ulMaxPRIGROUPValue