Archive member included to satisfy reference by file (symbol)

/home/wesley/Sources/TUhandControl/TivaC/TivaWare/usblib/gcc/libusb.a(usbbuffer.o)
                              CMakeFiles/rgb_srv.axf.dir/rgb_led.cpp.obj (USBBufferInit)
/home/wesley/Sources/TUhandControl/TivaC/TivaWare/usblib/gcc/libusb.a(usbdcdc.o)
                              CMakeFiles/rgb_srv.axf.dir/rgb_led.cpp.obj (USBDCDCInit)
/home/wesley/Sources/TUhandControl/TivaC/TivaWare/usblib/gcc/libusb.a(usbdenum.o)
                              /home/wesley/Sources/TUhandControl/TivaC/TivaWare/usblib/gcc/libusb.a(usbdcdc.o) (USBDCDDeviceInfoInit)
/home/wesley/Sources/TUhandControl/TivaC/TivaWare/usblib/gcc/libusb.a(usbdhandler.o)
                              CMakeFiles/rgb_srv.axf.dir/rgb_led.cpp.obj (USB0DeviceIntHandler)
/home/wesley/Sources/TUhandControl/TivaC/TivaWare/usblib/gcc/libusb.a(usbdma.o)
                              /home/wesley/Sources/TUhandControl/TivaC/TivaWare/usblib/gcc/libusb.a(usbdenum.o) (USBLibDMAInit)
/home/wesley/Sources/TUhandControl/TivaC/TivaWare/usblib/gcc/libusb.a(usbmode.o)
                              CMakeFiles/rgb_srv.axf.dir/rgb_led.cpp.obj (USBStackModeSet)
/home/wesley/Sources/TUhandControl/TivaC/TivaWare/usblib/gcc/libusb.a(usbringbuf.o)
                              /home/wesley/Sources/TUhandControl/TivaC/TivaWare/usblib/gcc/libusb.a(usbbuffer.o) (USBRingBufFlush)
/home/wesley/Sources/TUhandControl/TivaC/TivaWare/usblib/gcc/libusb.a(usbtick.o)
                              /home/wesley/Sources/TUhandControl/TivaC/TivaWare/usblib/gcc/libusb.a(usbdcdc.o) (InternalUSBTickInit)
/home/wesley/Sources/TUhandControl/TivaC/TivaWare/usblib/gcc/libusb.a(usbulpi.o)
                              /home/wesley/Sources/TUhandControl/TivaC/TivaWare/usblib/gcc/libusb.a(usbdenum.o) (ULPIConfigSet)
/home/wesley/Sources/TUhandControl/TivaC/TivaWare/usblib/gcc/libusb.a(usbdcdesc.o)
                              /home/wesley/Sources/TUhandControl/TivaC/TivaWare/usblib/gcc/libusb.a(usbdenum.o) (USBDCDConfigDescGetSize)
/home/wesley/Sources/TUhandControl/TivaC/TivaWare/usblib/gcc/libusb.a(usbdconfig.o)
                              /home/wesley/Sources/TUhandControl/TivaC/TivaWare/usblib/gcc/libusb.a(usbdenum.o) (USBDeviceConfig)
/home/wesley/Sources/TUhandControl/TivaC/TivaWare/usblib/gcc/libusb.a(usbdesc.o)
                              /home/wesley/Sources/TUhandControl/TivaC/TivaWare/usblib/gcc/libusb.a(usbdcdesc.o) (USBDescGetNum)
/home/wesley/Sources/TUhandControl/TivaC/TivaWare/usblib/gcc/libusb.a(usbhostenum.o)
                              /home/wesley/Sources/TUhandControl/TivaC/TivaWare/usblib/gcc/libusb.a(usbmode.o) (USBHCDPowerConfigGet)
/home/wesley/Sources/TUhandControl/TivaC/TivaWare/usblib/gcc/libusb.a(usbhhub.o)
                              /home/wesley/Sources/TUhandControl/TivaC/TivaWare/usblib/gcc/libusb.a(usbhostenum.o) (USBHHubMain)
/home/wesley/Sources/TUhandControl/TivaC/TivaWare/driverlib/gcc/libdriver.a(interrupt.o)
                              CMakeFiles/rgb_srv.axf.dir/home/wesley/Sources/TUhandControl/TivaC/TivaWare/utils/ringbuf.c.obj (IntMasterEnable)
/home/wesley/Sources/TUhandControl/TivaC/TivaWare/driverlib/gcc/libdriver.a(sysctl.o)
                              /home/wesley/Sources/TUhandControl/TivaC/TivaWare/usblib/gcc/libusb.a(usbdenum.o) (SysCtlPeripheralReset)
/home/wesley/Sources/TUhandControl/TivaC/TivaWare/driverlib/gcc/libdriver.a(systick.o)
                              CMakeFiles/rgb_srv.axf.dir/rgb_led.cpp.obj (SysTickIntRegister)
/home/wesley/Sources/TUhandControl/TivaC/TivaWare/driverlib/gcc/libdriver.a(udma.o)
                              /home/wesley/Sources/TUhandControl/TivaC/TivaWare/usblib/gcc/libusb.a(usbdma.o) (uDMAChannelEnable)
/home/wesley/Sources/TUhandControl/TivaC/TivaWare/driverlib/gcc/libdriver.a(usb.o)
                              /home/wesley/Sources/TUhandControl/TivaC/TivaWare/usblib/gcc/libusb.a(usbmode.o) (USBHostSuspend)
/home/wesley/Sources/TUhandControl/TivaC/TivaWare/driverlib/gcc/libdriver.a(cpu.o)
                              /home/wesley/Sources/TUhandControl/TivaC/TivaWare/driverlib/gcc/libdriver.a(interrupt.o) (CPUcpsid)
/usr/bin/../lib/gcc/arm-none-eabi/6.2.1/thumb/v7e-m/fpv4-sp/hard/libgcc.a(_arm_addsubdf3.o)
                              CMakeFiles/rgb_srv.axf.dir/home/wesley/Sources/TUhandControl/TivaC/catkin_rosserial_tut/build/rosserial_tivac_tutorials/ros_lib/duration.cpp.obj (__aeabi_i2d)
/usr/bin/../lib/gcc/arm-none-eabi/6.2.1/thumb/v7e-m/fpv4-sp/hard/libgcc.a(_arm_muldivdf3.o)
                              CMakeFiles/rgb_srv.axf.dir/home/wesley/Sources/TUhandControl/TivaC/catkin_rosserial_tut/build/rosserial_tivac_tutorials/ros_lib/duration.cpp.obj (__aeabi_dmul)
/usr/bin/../lib/gcc/arm-none-eabi/6.2.1/thumb/v7e-m/fpv4-sp/hard/libgcc.a(_arm_fixdfsi.o)
[...]
Memory Configuration

Name             Origin             Length             Attributes
FLASH            0x0000000000000000 0x0000000000040000 xr
SRAM             0x0000000020000000 0x0000000000008000 xrw
*default*        0x0000000000000000 0xffffffffffffffff

Linker script and memory map

LOAD CMakeFiles/rgb_srv.axf.dir/rgb_led.cpp.obj
LOAD CMakeFiles/rgb_srv.axf.dir/home/wesley/Sources/TUhandControl/TivaC/TivaWare/examples/boards/ek-tm4c123gxl/drivers/rgb.c.obj
LOAD CMakeFiles/rgb_srv.axf.dir/home/wesley/Sources/TUhandControl/TivaC/catkin_rosserial_tut/build/rosserial_tivac_tutorials/ros_lib/startup_gcc.c.obj
LOAD CMakeFiles/rgb_srv.axf.dir/home/wesley/Sources/TUhandControl/TivaC/TivaWare/utils/ringbuf.c.obj
LOAD CMakeFiles/rgb_srv.axf.dir/home/wesley/Sources/TUhandControl/TivaC/catkin_rosserial_tut/build/rosserial_tivac_tutorials/ros_lib/duration.cpp.obj
LOAD CMakeFiles/rgb_srv.axf.dir/home/wesley/Sources/TUhandControl/TivaC/catkin_rosserial_tut/build/rosserial_tivac_tutorials/ros_lib/time.cpp.obj
LOAD CMakeFiles/rgb_srv.axf.dir/home/wesley/Sources/TUhandControl/TivaC/catkin_rosserial_tut/build/rosserial_tivac_tutorials/ros_lib/tivac_hardware.cpp.obj
LOAD CMakeFiles/rgb_srv.axf.dir/home/wesley/Sources/TUhandControl/TivaC/catkin_rosserial_tut/build/rosserial_tivac_tutorials/ros_lib/usb_serial_structs.c.obj
LOAD /home/wesley/Sources/TUhandControl/TivaC/TivaWare/usblib/gcc/libusb.a
LOAD /home/wesley/Sources/TUhandControl/TivaC/TivaWare/driverlib/gcc/libdriver.a
LOAD /usr/bin/../lib/gcc/arm-none-eabi/6.2.1/../../../../arm-none-eabi/lib/thumb/v7e-m/fpv4-sp/hard/libstdc++.a
LOAD /usr/bin/../lib/gcc/arm-none-eabi/6.2.1/../../../../arm-none-eabi/lib/thumb/v7e-m/fpv4-sp/hard/libm.a
START GROUP
LOAD /usr/bin/../lib/gcc/arm-none-eabi/6.2.1/thumb/v7e-m/fpv4-sp/hard/libgcc.a
LOAD /usr/bin/../lib/gcc/arm-none-eabi/6.2.1/thumb/v7e-m/fpv4-sp/hard/libgcc.a
LOAD /usr/bin/../lib/gcc/arm-none-eabi/6.2.1/../../../../arm-none-eabi/lib/thumb/v7e-m/fpv4-sp/hard/libc.a
LOAD /usr/bin/../lib/gcc/arm-none-eabi/6.2.1/../../../../arm-none-eabi/lib/thumb/v7e-m/fpv4-sp/hard/libm.a
LOAD /usr/bin/../lib/gcc/arm-none-eabi/6.2.1/../../../../arm-none-eabi/lib/thumb/v7e-m/fpv4-sp/hard/libnosys.a
END GROUP

.text           0x0000000000000000     0x5214
                0x0000000000000000                . = ALIGN (0x4)
                0x0000000000000000                _text = .
 *(.isr_vector)
 .isr_vector    0x0000000000000000      0x26c CMakeFiles/rgb_srv.axf.dir/home/wesley/Sources/TUhandControl/TivaC/catkin_rosserial_tut/build/rosserial_tivac_tutorials/ros_lib/startup_gcc.c.obj
                0x0000000000000000                g_pfnVectors
 *(.text .text* .gnu.linkonce.t.*)
 .text._ZNK8std_msgs4Time9serializeEPh
                0x000000000000026c       0x28 CMakeFiles/rgb_srv.axf.dir/rgb_led.cpp.obj
                0x000000000000026c                std_msgs::Time::serialize(unsigned char*) const
 .text._ZN8std_msgs4Time11deserializeEPh
                0x0000000000000294       0x3c CMakeFiles/rgb_srv.axf.dir/rgb_led.cpp.obj
                0x0000000000000294                std_msgs::Time::deserialize(unsigned char*)
 .text._ZN8std_msgs4Time7getTypeEv
                0x00000000000002d0        0x8 CMakeFiles/rgb_srv.axf.dir/rgb_led.cpp.obj
                0x00000000000002d0                std_msgs::Time::getType()
 .text._ZN8std_msgs4Time6getMD5Ev
                0x00000000000002d8        0x8 CMakeFiles/rgb_srv.axf.dir/rgb_led.cpp.obj
                0x00000000000002d8                std_msgs::Time::getMD5()
 .text._ZN14rosserial_msgs9TopicInfo7getTypeEv
                0x00000000000002e0        0x8 CMakeFiles/rgb_srv.axf.dir/rgb_led.cpp.obj
                0x00000000000002e0                rosserial_msgs::TopicInfo::getType()
 .text._ZN14rosserial_msgs9TopicInfo6getMD5Ev
                0x00000000000002e8        0x8 CMakeFiles/rgb_srv.axf.dir/rgb_led.cpp.obj
                0x00000000000002e8                rosserial_msgs::TopicInfo::getMD5()
 .text._ZN14rosserial_msgs3Log7getTypeEv
                0x00000000000002f0        0x8 CMakeFiles/rgb_srv.axf.dir/rgb_led.cpp.obj
                0x00000000000002f0                rosserial_msgs::Log::getType()
 .text._ZN14rosserial_msgs3Log6getMD5Ev
                0x00000000000002f8        0x8 CMakeFiles/rgb_srv.axf.dir/rgb_led.cpp.obj
                0x00000000000002f8                rosserial_msgs::Log::getMD5()
 .text._ZN14rosserial_msgs20RequestParamResponse7getTypeEv
                0x0000000000000300        0x8 CMakeFiles/rgb_srv.axf.dir/rgb_led.cpp.obj
                0x0000000000000300                rosserial_msgs::RequestParamResponse::getType()
 .text._ZN14rosserial_msgs20RequestParamResponse6getMD5Ev
                0x0000000000000308        0x8 CMakeFiles/rgb_srv.axf.dir/rgb_led.cpp.obj
                0x0000000000000308                rosserial_msgs::RequestParamResponse::getMD5()
 .text._ZN13TivaCHardware17SystickIntHandlerEv
                0x0000000000000310       0x10 CMakeFiles/rgb_srv.axf.dir/rgb_led.cpp.obj
                0x0000000000000310                TivaCHardware::SystickIntHandler()
 .text._ZNK8std_msgs9ColorRGBA9serializeEPh
                0x0000000000000320       0x44 CMakeFiles/rgb_srv.axf.dir/rgb_led.cpp.obj
                0x0000000000000320                std_msgs::ColorRGBA::serialize(unsigned char*) const
 .text._ZN8std_msgs9ColorRGBA11deserializeEPh
                0x0000000000000364       0x14 CMakeFiles/rgb_srv.axf.dir/rgb_led.cpp.obj
                0x0000000000000364                std_msgs::ColorRGBA::deserialize(unsigned char*)
 .text._ZN8std_msgs9ColorRGBA7getTypeEv
                0x0000000000000378        0x8 CMakeFiles/rgb_srv.axf.dir/rgb_led.cpp.obj
                0x0000000000000378                std_msgs::ColorRGBA::getType()
 .text._ZN8std_msgs9ColorRGBA6getMD5Ev
                0x0000000000000380        0x8 CMakeFiles/rgb_srv.axf.dir/rgb_led.cpp.obj
                0x0000000000000380                std_msgs::ColorRGBA::getMD5()
 .text._ZNK25rosserial_tivac_tutorials16ColorRGBARequest9serializeEPh
                0x0000000000000388        0xa CMakeFiles/rgb_srv.axf.dir/rgb_led.cpp.obj
                0x0000000000000388                rosserial_tivac_tutorials::ColorRGBARequest::serialize(unsigned char*) const
 .text._ZN25rosserial_tivac_tutorials16ColorRGBARequest11deserializeEPh
                0x0000000000000392        0xa CMakeFiles/rgb_srv.axf.dir/rgb_led.cpp.obj
                0x0000000000000392                rosserial_tivac_tutorials::ColorRGBARequest::deserialize(unsigned char*)
 .text._ZN25rosserial_tivac_tutorials16ColorRGBARequest7getTypeEv
                0x000000000000039c        0x8 CMakeFiles/rgb_srv.axf.dir/rgb_led.cpp.obj
                0x000000000000039c                rosserial_tivac_tutorials::ColorRGBARequest::getType()
 .text._ZN25rosserial_tivac_tutorials16ColorRGBARequest6getMD5Ev
                0x00000000000003a4        0x8 CMakeFiles/rgb_srv.axf.dir/rgb_led.cpp.obj
                0x00000000000003a4                rosserial_tivac_tutorials::ColorRGBARequest::getMD5()
 .text._ZNK25rosserial_tivac_tutorials17ColorRGBAResponse9serializeEPh
                0x00000000000003ac        0x8 CMakeFiles/rgb_srv.axf.dir/rgb_led.cpp.obj
                0x00000000000003ac                rosserial_tivac_tutorials::ColorRGBAResponse::serialize(unsigned char*) const
 .text._ZN25rosserial_tivac_tutorials17ColorRGBAResponse11deserializeEPh
                0x00000000000003b4        0x8 CMakeFiles/rgb_srv.axf.dir/rgb_led.cpp.obj
                0x00000000000003b4                rosserial_tivac_tutorials::ColorRGBAResponse::deserialize(unsigned char*)
 .text._ZN25rosserial_tivac_tutorials17ColorRGBAResponse7getTypeEv
                0x00000000000003bc        0x8 CMakeFiles/rgb_srv.axf.dir/rgb_led.cpp.obj
                0x00000000000003bc                rosserial_tivac_tutorials::ColorRGBAResponse::getType()
 .text._ZN25rosserial_tivac_tutorials17ColorRGBAResponse6getMD5Ev
                0x00000000000003c4        0x8 CMakeFiles/rgb_srv.axf.dir/rgb_led.cpp.obj
                0x00000000000003c4                rosserial_tivac_tutorials::ColorRGBAResponse::getMD5()
 .text._ZN3ros11NodeHandle_I13TivaCHardwareLi25ELi25ELi512ELi512EE9connectedEv
                0x00000000000003cc        0x6 CMakeFiles/rgb_srv.axf.dir/rgb_led.cpp.obj
                0x00000000000003cc                ros::NodeHandle_<TivaCHardware, 25, 25, 512, 512>::connected()
 .text._ZN3ros13ServiceServerIN25rosserial_tivac_tutorials16ColorRGBARequestENS1_17ColorRGBAResponseEE8callbackEPh
                0x00000000000003d2       0x2a CMakeFiles/rgb_srv.axf.dir/rgb_led.cpp.obj
                0x00000000000003d2                ros::ServiceServer<rosserial_tivac_tutorials::ColorRGBARequest, rosserial_tivac_tutorials::ColorRGBAResponse>::callback(unsigned char*)
 .text._ZN3ros13ServiceServerIN25rosserial_tivac_tutorials16ColorRGBARequestENS1_17ColorRGBAResponseEE15getEndpointTypeEv
                0x00000000000003fc        0x4 CMakeFiles/rgb_srv.axf.dir/rgb_led.cpp.obj
                0x00000000000003fc                ros::ServiceServer<rosserial_tivac_tutorials::ColorRGBARequest, rosserial_tivac_tutorials::ColorRGBAResponse>::getEndpointType()
 .text._ZN3ros13ServiceServerIN25rosserial_tivac_tutorials16ColorRGBARequestENS1_17ColorRGBAResponseEE10getMsgTypeEv
                0x0000000000000400        0x8 CMakeFiles/rgb_srv.axf.dir/rgb_led.cpp.obj
                0x0000000000000400                ros::ServiceServer<rosserial_tivac_tutorials::ColorRGBARequest, rosserial_tivac_tutorials::ColorRGBAResponse>::getMsgType()
 .text._ZN3ros13ServiceServerIN25rosserial_tivac_tutorials16ColorRGBARequestENS1_17ColorRGBAResponseEE9getMsgMD5Ev
                0x0000000000000408        0x8 CMakeFiles/rgb_srv.axf.dir/rgb_led.cpp.obj
                0x0000000000000408                ros::ServiceServer<rosserial_tivac_tutorials::ColorRGBARequest, rosserial_tivac_tutorials::ColorRGBAResponse>::getMsgMD5()
 .text._Z8color_cbRKN25rosserial_tivac_tutorials16ColorRGBARequestERNS_17ColorRGBAResponseE
                0x0000000000000410       0x5c CMakeFiles/rgb_srv.axf.dir/rgb_led.cpp.obj
                0x0000000000000410                color_cb(rosserial_tivac_tutorials::ColorRGBARequest const&, rosserial_tivac_tutorials::ColorRGBAResponse&)
 .text._ZN3ros11NodeHandle_I13TivaCHardwareLi25ELi25ELi512ELi512EE7publishEiPKNS_3MsgE
                0x000000000000046c       0xbc CMakeFiles/rgb_srv.axf.dir/rgb_led.cpp.obj
                0x000000000000046c                ros::NodeHandle_<TivaCHardware, 25, 25, 512, 512>::publish(int, ros::Msg const*)
 .text._ZN13TivaCHardware4initEv
                0x0000000000000528       0xc0 CMakeFiles/rgb_srv.axf.dir/rgb_led.cpp.obj
                0x0000000000000528                TivaCHardware::init()
 .text._ZN3ros3Msg8varToArrIPhmEEvT_T0_
                0x00000000000005e8       0x14 CMakeFiles/rgb_srv.axf.dir/rgb_led.cpp.obj
                0x00000000000005e8                void ros::Msg::varToArr<unsigned char*, unsigned long>(unsigned char*, unsigned long)
 .text._ZNK14rosserial_msgs20RequestParamResponse9serializeEPh
                0x00000000000005fc       0xe2 CMakeFiles/rgb_srv.axf.dir/rgb_led.cpp.obj
                0x00000000000005fc                rosserial_msgs::RequestParamResponse::serialize(unsigned char*) const
 .text._ZNK14rosserial_msgs3Log9serializeEPh
                0x00000000000006de       0x2c CMakeFiles/rgb_srv.axf.dir/rgb_led.cpp.obj
                0x00000000000006de                rosserial_msgs::Log::serialize(unsigned char*) const
 .text._ZNK14rosserial_msgs9TopicInfo9serializeEPh
                0x000000000000070a       0x86 CMakeFiles/rgb_srv.axf.dir/rgb_led.cpp.obj
                0x000000000000070a                rosserial_msgs::TopicInfo::serialize(unsigned char*) const
 .text._ZN3ros3Msg8arrToVarImPhEEvRT_T0_
                0x0000000000000790       0x1e CMakeFiles/rgb_srv.axf.dir/rgb_led.cpp.obj
                0x0000000000000790                void ros::Msg::arrToVar<unsigned long, unsigned char*>(unsigned long&, unsigned char*)
 .text._ZN14rosserial_msgs3Log11deserializeEPh
                0x00000000000007ae       0x36 CMakeFiles/rgb_srv.axf.dir/rgb_led.cpp.obj
                0x00000000000007ae                rosserial_msgs::Log::deserialize(unsigned char*)
 .text._ZN14rosserial_msgs9TopicInfo11deserializeEPh
                0x00000000000007e4       0xb6 CMakeFiles/rgb_srv.axf.dir/rgb_led.cpp.obj
                0x00000000000007e4                rosserial_msgs::TopicInfo::deserialize(unsigned char*)
 .text._ZN14rosserial_msgs20RequestParamResponse11deserializeEPh
                0x000000000000089a      0x12e CMakeFiles/rgb_srv.axf.dir/rgb_led.cpp.obj
                0x000000000000089a                rosserial_msgs::RequestParamResponse::deserialize(unsigned char*)
 .text._ZN3ros11NodeHandle_I13TivaCHardwareLi25ELi25ELi512ELi512EE15requestSyncTimeEv
                0x00000000000009c8       0x2c CMakeFiles/rgb_srv.axf.dir/rgb_led.cpp.obj
                0x00000000000009c8                ros::NodeHandle_<TivaCHardware, 25, 25, 512, 512>::requestSyncTime()
 .text._ZN3ros11NodeHandle_I13TivaCHardwareLi25ELi25ELi512ELi512EE15negotiateTopicsEv
                0x00000000000009f4       0xbc CMakeFiles/rgb_srv.axf.dir/rgb_led.cpp.obj
                0x00000000000009f4                ros::NodeHandle_<TivaCHardware, 25, 25, 512, 512>::negotiateTopics()
 .text._ZN3ros11NodeHandle_I13TivaCHardwareLi25ELi25ELi512ELi512EE8spinOnceEv
                0x0000000000000ab0      0x25c CMakeFiles/rgb_srv.axf.dir/rgb_led.cpp.obj
                0x0000000000000ab0                ros::NodeHandle_<TivaCHardware, 25, 25, 512, 512>::spinOnce()
 .text.startup.main
                0x0000000000000d0c      0x114 CMakeFiles/rgb_srv.axf.dir/rgb_led.cpp.obj
                0x0000000000000d0c                main
 .text.startup._GLOBAL__sub_I_current_color
                0x0000000000000e20       0xc8 CMakeFiles/rgb_srv.axf.dir/rgb_led.cpp.obj
 .text.RGBEnable
                0x0000000000000ee8       0xc0 CMakeFiles/rgb_srv.axf.dir/home/wesley/Sources/TUhandControl/TivaC/TivaWare/examples/boards/ek-tm4c123gxl/drivers/rgb.c.obj
                0x0000000000000ee8                RGBEnable
 .text.RGBInit  0x0000000000000fa8      0x100 CMakeFiles/rgb_srv.axf.dir/home/wesley/Sources/TUhandControl/TivaC/TivaWare/examples/boards/ek-tm4c123gxl/drivers/rgb.c.obj
                0x0000000000000fa8                RGBInit
 .text.RGBDisable
                0x00000000000010a8       0x64 CMakeFiles/rgb_srv.axf.dir/home/wesley/Sources/TUhandControl/TivaC/TivaWare/examples/boards/ek-tm4c123gxl/drivers/rgb.c.obj
                0x00000000000010a8                RGBDisable
 .text.RGBColorSet
                0x000000000000110c       0x8c CMakeFiles/rgb_srv.axf.dir/home/wesley/Sources/TUhandControl/TivaC/TivaWare/examples/boards/ek-tm4c123gxl/drivers/rgb.c.obj
                0x000000000000110c                RGBColorSet
 .text.RGBIntensitySet
                0x0000000000001198       0x14 CMakeFiles/rgb_srv.axf.dir/home/wesley/Sources/TUhandControl/TivaC/TivaWare/examples/boards/ek-tm4c123gxl/drivers/rgb.c.obj
                0x0000000000001198                RGBIntensitySet
 .text.RGBSet   0x00000000000011ac       0x1e CMakeFiles/rgb_srv.axf.dir/home/wesley/Sources/TUhandControl/TivaC/TivaWare/examples/boards/ek-tm4c123gxl/drivers/rgb.c.obj
                0x00000000000011ac                RGBSet
 .text.NmiSR    0x00000000000011ca        0x2 CMakeFiles/rgb_srv.axf.dir/home/wesley/Sources/TUhandControl/TivaC/catkin_rosserial_tut/build/rosserial_tivac_tutorials/ros_lib/startup_gcc.c.obj
 .text.FaultISR
                0x00000000000011cc        0x2 CMakeFiles/rgb_srv.axf.dir/home/wesley/Sources/TUhandControl/TivaC/catkin_rosserial_tut/build/rosserial_tivac_tutorials/ros_lib/startup_gcc.c.obj
 .text.IntDefaultHandler
                0x00000000000011ce        0x2 CMakeFiles/rgb_srv.axf.dir/home/wesley/Sources/TUhandControl/TivaC/catkin_rosserial_tut/build/rosserial_tivac_tutorials/ros_lib/startup_gcc.c.obj
 .text.ResetISR
                0x00000000000011d0       0x94 CMakeFiles/rgb_srv.axf.dir/home/wesley/Sources/TUhandControl/TivaC/catkin_rosserial_tut/build/rosserial_tivac_tutorials/ros_lib/startup_gcc.c.obj
                0x00000000000011d0                ResetISR
 .text._ZN3ros16normalizeSecNSecERmS0_
                0x0000000000001264       0x1c CMakeFiles/rgb_srv.axf.dir/home/wesley/Sources/TUhandControl/TivaC/catkin_rosserial_tut/build/rosserial_tivac_tutorials/ros_lib/time.cpp.obj
                0x0000000000001264                ros::normalizeSecNSec(unsigned long&, unsigned long&)
 .text.TxHandler
                0x0000000000001280        0x4 CMakeFiles/rgb_srv.axf.dir/home/wesley/Sources/TUhandControl/TivaC/catkin_rosserial_tut/build/rosserial_tivac_tutorials/ros_lib/usb_serial_structs.c.obj
                0x0000000000001280                TxHandler
 .text.RxHandler
                0x0000000000001284       0x14 CMakeFiles/rgb_srv.axf.dir/home/wesley/Sources/TUhandControl/TivaC/catkin_rosserial_tut/build/rosserial_tivac_tutorials/ros_lib/usb_serial_structs.c.obj
                0x0000000000001284                RxHandler
 .text.ControlHandler
                0x0000000000001298       0x34 CMakeFiles/rgb_srv.axf.dir/home/wesley/Sources/TUhandControl/TivaC/catkin_rosserial_tut/build/rosserial_tivac_tutorials/ros_lib/usb_serial_structs.c.obj
                0x0000000000001298                ControlHandler
 .text.ScheduleNextTransmission
                0x00000000000012cc       0x9a /home/wesley/Sources/TUhandControl/TivaC/TivaWare/usblib/gcc/libusb.a(usbbuffer.o)
 .text.USBBufferInit
                0x0000000000001366       0x16 /home/wesley/Sources/TUhandControl/TivaC/TivaWare/usblib/gcc/libusb.a(usbbuffer.o)
                0x0000000000001366                USBBufferInit
 .text.USBBufferWrite
                0x000000000000137c       0x2e /home/wesley/Sources/TUhandControl/TivaC/TivaWare/usblib/gcc/libusb.a(usbbuffer.o)
                0x000000000000137c                USBBufferWrite
 .text.USBBufferFlush
                0x00000000000013aa        0x6 /home/wesley/Sources/TUhandControl/TivaC/TivaWare/usblib/gcc/libusb.a(usbbuffer.o)
                0x00000000000013aa                USBBufferFlush
 .text.USBBufferRead
                0x00000000000013b0       0x26 /home/wesley/Sources/TUhandControl/TivaC/TivaWare/usblib/gcc/libusb.a(usbbuffer.o)
                0x00000000000013b0                USBBufferRead
 .text.USBBufferDataAvailable
                0x00000000000013d6        0x6 /home/wesley/Sources/TUhandControl/TivaC/TivaWare/usblib/gcc/libusb.a(usbbuffer.o)
                0x00000000000013d6                USBBufferDataAvailable
 .text.USBBufferEventCallback
                0x00000000000013dc      0x12e /home/wesley/Sources/TUhandControl/TivaC/TivaWare/usblib/gcc/libusb.a(usbbuffer.o)
                0x00000000000013dc                USBBufferEventCallback
 *fill*         0x000000000000150a        0x2 
 .text.SetDeferredOpFlag
                0x000000000000150c       0x1c /home/wesley/Sources/TUhandControl/TivaC/TivaWare/usblib/gcc/libusb.a(usbdcdc.o)
 .text.DeviceConsumedAllData
                0x0000000000001528       0x16 /home/wesley/Sources/TUhandControl/TivaC/TivaWare/usblib/gcc/libusb.a(usbdcdc.o)
 .text.SendBreak
                0x000000000000153e       0x3c /home/wesley/Sources/TUhandControl/TivaC/TivaWare/usblib/gcc/libusb.a(usbdcdc.o)
 .text.SendLineCodingChange
                0x000000000000157a       0x24 /home/wesley/Sources/TUhandControl/TivaC/TivaWare/usblib/gcc/libusb.a(usbdcdc.o)
 .text.SendLineStateChange
                0x000000000000159e       0x24 /home/wesley/Sources/TUhandControl/TivaC/TivaWare/usblib/gcc/libusb.a(usbdcdc.o)
 .text.HandleConfigChange
                0x00000000000015c2       0x32 /home/wesley/Sources/TUhandControl/TivaC/TivaWare/usblib/gcc/libusb.a(usbdcdc.o)
 .text.HandleDevice
                0x00000000000015f4       0xa6 /home/wesley/Sources/TUhandControl/TivaC/TivaWare/usblib/gcc/libusb.a(usbdcdc.o)
 .text.HandleDisconnect
                0x000000000000169a       0x1e /home/wesley/Sources/TUhandControl/TivaC/TivaWare/usblib/gcc/libusb.a(usbdcdc.o)
 .text.HandleSuspend
                0x00000000000016b8       0x14 /home/wesley/Sources/TUhandControl/TivaC/TivaWare/usblib/gcc/libusb.a(usbdcdc.o)
 .text.HandleResume
                0x00000000000016cc       0x14 /home/wesley/Sources/TUhandControl/TivaC/TivaWare/usblib/gcc/libusb.a(usbdcdc.o)
 .text.SendSerialState
                0x00000000000016e0       0x92 /home/wesley/Sources/TUhandControl/TivaC/TivaWare/usblib/gcc/libusb.a(usbdcdc.o)
 .text.HandleEP0Data
                0x0000000000001772       0x4c /home/wesley/Sources/TUhandControl/TivaC/TivaWare/usblib/gcc/libusb.a(usbdcdc.o)
 .text.HandleRequests
                0x00000000000017be       0xfc /home/wesley/Sources/TUhandControl/TivaC/TivaWare/usblib/gcc/libusb.a(usbdcdc.o)
 .text.CDCTickHandler
                0x00000000000018ba       0x9e /home/wesley/Sources/TUhandControl/TivaC/TivaWare/usblib/gcc/libusb.a(usbdcdc.o)
 .text.ProcessDataFromHost
                0x0000000000001958       0x74 /home/wesley/Sources/TUhandControl/TivaC/TivaWare/usblib/gcc/libusb.a(usbdcdc.o)
                0x0000000000001958                ProcessDataFromHost
 .text.ProcessNotificationToHost
                0x00000000000019cc       0x34 /home/wesley/Sources/TUhandControl/TivaC/TivaWare/usblib/gcc/libusb.a(usbdcdc.o)
                0x00000000000019cc                ProcessNotificationToHost
 .text.ProcessDataToHost
                0x0000000000001a00       0x60 /home/wesley/Sources/TUhandControl/TivaC/TivaWare/usblib/gcc/libusb.a(usbdcdc.o)
                0x0000000000001a00                ProcessDataToHost
 .text.HandleEndpoints
                0x0000000000001a60       0x4c /home/wesley/Sources/TUhandControl/TivaC/TivaWare/usblib/gcc/libusb.a(usbdcdc.o)
 .text.USBDCDCCompositeInit
                0x0000000000001aac       0xe8 /home/wesley/Sources/TUhandControl/TivaC/TivaWare/usblib/gcc/libusb.a(usbdcdc.o)
                0x0000000000001aac                USBDCDCCompositeInit
 .text.USBDCDCInit
                0x0000000000001b94       0x4c /home/wesley/Sources/TUhandControl/TivaC/TivaWare/usblib/gcc/libusb.a(usbdcdc.o)
                0x0000000000001b94                USBDCDCInit
 .text.USBDCDCPacketWrite
                0x0000000000001be0       0x58 /home/wesley/Sources/TUhandControl/TivaC/TivaWare/usblib/gcc/libusb.a(usbdcdc.o)
                0x0000000000001be0                USBDCDCPacketWrite
 .text.USBDCDCPacketRead
                0x0000000000001c38       0x92 /home/wesley/Sources/TUhandControl/TivaC/TivaWare/usblib/gcc/libusb.a(usbdcdc.o)
                0x0000000000001c38                USBDCDCPacketRead
 *fill*         0x0000000000001cca        0x2 
 .text.USBDCDCTxPacketAvailable
                0x0000000000001ccc       0x14 /home/wesley/Sources/TUhandControl/TivaC/TivaWare/usblib/gcc/libusb.a(usbdcdc.o)
                0x0000000000001ccc                USBDCDCTxPacketAvailable
 .text.USBDCDCRxPacketAvailable
                0x0000000000001ce0       0x30 /home/wesley/Sources/TUhandControl/TivaC/TivaWare/usblib/gcc/libusb.a(usbdcdc.o)
                0x0000000000001ce0                USBDCDCRxPacketAvailable
 .text.USBDSetAddress
                0x0000000000001d10       0x24 /home/wesley/Sources/TUhandControl/TivaC/TivaWare/usblib/gcc/libusb.a(usbdenum.o)
 .text.USBDEP0StateTx.isra.0
                0x0000000000001d34       0x70 /home/wesley/Sources/TUhandControl/TivaC/TivaWare/usblib/gcc/libusb.a(usbdenum.o)
 .text.USBDGetConfiguration
                0x0000000000001da4       0x34 /home/wesley/Sources/TUhandControl/TivaC/TivaWare/usblib/gcc/libusb.a(usbdenum.o)
 .text.USBDEP0StateTxConfig.isra.1
                0x0000000000001dd8      0x148 /home/wesley/Sources/TUhandControl/TivaC/TivaWare/usblib/gcc/libusb.a(usbdenum.o)
 .text.USBDCDStallEP0.constprop.7
                0x0000000000001f20       0x1c /home/wesley/Sources/TUhandControl/TivaC/TivaWare/usblib/gcc/libusb.a(usbdenum.o)
 .text.USBDGetStatus
                0x0000000000001f3c       0x6c /home/wesley/Sources/TUhandControl/TivaC/TivaWare/usblib/gcc/libusb.a(usbdenum.o)
 .text.USBDClearFeature
                0x0000000000001fa8       0x74 /home/wesley/Sources/TUhandControl/TivaC/TivaWare/usblib/gcc/libusb.a(usbdenum.o)
 .text.USBDSetFeature
                0x000000000000201c       0x64 /home/wesley/Sources/TUhandControl/TivaC/TivaWare/usblib/gcc/libusb.a(usbdenum.o)
 .text.USBDGetDescriptor
                0x0000000000002080      0x124 /home/wesley/Sources/TUhandControl/TivaC/TivaWare/usblib/gcc/libusb.a(usbdenum.o)
 .text.USBDSetDescriptor
                0x00000000000021a4       0x18 /home/wesley/Sources/TUhandControl/TivaC/TivaWare/usblib/gcc/libusb.a(usbdenum.o)
 .text.USBDSetConfiguration
                0x00000000000021bc       0x88 /home/wesley/Sources/TUhandControl/TivaC/TivaWare/usblib/gcc/libusb.a(usbdenum.o)
 .text.USBDGetInterface
                0x0000000000002244       0x44 /home/wesley/Sources/TUhandControl/TivaC/TivaWare/usblib/gcc/libusb.a(usbdenum.o)
 .text.USBDSetInterface
                0x0000000000002288       0x98 /home/wesley/Sources/TUhandControl/TivaC/TivaWare/usblib/gcc/libusb.a(usbdenum.o)
 .text.USBDSyncFrame
                0x0000000000002320       0x18 /home/wesley/Sources/TUhandControl/TivaC/TivaWare/usblib/gcc/libusb.a(usbdenum.o)
 .text.USBDReadAndDispatchRequest.isra.2
                0x0000000000002338       0x68 /home/wesley/Sources/TUhandControl/TivaC/TivaWare/usblib/gcc/libusb.a(usbdenum.o)
 .text.USBDCDDeviceInfoInit
                0x00000000000023a0       0x48 /home/wesley/Sources/TUhandControl/TivaC/TivaWare/usblib/gcc/libusb.a(usbdenum.o)
                0x00000000000023a0                USBDCDDeviceInfoInit
 .text.USBDCDInit
                0x00000000000023e8      0x14c /home/wesley/Sources/TUhandControl/TivaC/TivaWare/usblib/gcc/libusb.a(usbdenum.o)
                0x00000000000023e8                USBDCDInit
 .text.USBDCDRequestDataEP0
                0x0000000000002534       0x14 /home/wesley/Sources/TUhandControl/TivaC/TivaWare/usblib/gcc/libusb.a(usbdenum.o)
                0x0000000000002534                USBDCDRequestDataEP0
 .text.USBDCDSendDataEP0
                0x0000000000002548       0x10 /home/wesley/Sources/TUhandControl/TivaC/TivaWare/usblib/gcc/libusb.a(usbdenum.o)
                0x0000000000002548                USBDCDSendDataEP0
 .text.USBDCDStallEP0
                0x0000000000002558       0x1c /home/wesley/Sources/TUhandControl/TivaC/TivaWare/usblib/gcc/libusb.a(usbdenum.o)
                0x0000000000002558                USBDCDStallEP0
 .text.USBDCDFeatureGet
                0x0000000000002574       0x18 /home/wesley/Sources/TUhandControl/TivaC/TivaWare/usblib/gcc/libusb.a(usbdenum.o)
                0x0000000000002574                USBDCDFeatureGet
 .text.USBDeviceResumeTickHandler
                0x000000000000258c       0x50 /home/wesley/Sources/TUhandControl/TivaC/TivaWare/usblib/gcc/libusb.a(usbdenum.o)
                0x000000000000258c                USBDeviceResumeTickHandler
 .text.USBDeviceEnumHandler
                0x00000000000025dc       0xcc /home/wesley/Sources/TUhandControl/TivaC/TivaWare/usblib/gcc/libusb.a(usbdenum.o)
                0x00000000000025dc                USBDeviceEnumHandler
 .text.USBDeviceEnumResetHandler
                0x00000000000026a8       0x44 /home/wesley/Sources/TUhandControl/TivaC/TivaWare/usblib/gcc/libusb.a(usbdenum.o)
                0x00000000000026a8                USBDeviceEnumResetHandler
 .text.USBDeviceIntHandlerInternal
                0x00000000000026ec      0x144 /home/wesley/Sources/TUhandControl/TivaC/TivaWare/usblib/gcc/libusb.a(usbdenum.o)
                0x00000000000026ec                USBDeviceIntHandlerInternal
 .text.USB0DeviceIntHandler
                0x0000000000002830       0x18 /home/wesley/Sources/TUhandControl/TivaC/TivaWare/usblib/gcc/libusb.a(usbdhandler.o)
                0x0000000000002830                USB0DeviceIntHandler
 .text.uDMAUSBChannelStatus
                0x0000000000002848       0x22 /home/wesley/Sources/TUhandControl/TivaC/TivaWare/usblib/gcc/libusb.a(usbdma.o)
 .text.DMAUSBIntStatusClear
                0x000000000000286a        0xe /home/wesley/Sources/TUhandControl/TivaC/TivaWare/usblib/gcc/libusb.a(usbdma.o)
 .text.uDMAUSBChannelIntDisable
                0x0000000000002878        0x2 /home/wesley/Sources/TUhandControl/TivaC/TivaWare/usblib/gcc/libusb.a(usbdma.o)
 .text.iDMAUSBArbSizeSet
                0x000000000000287a        0x2 /home/wesley/Sources/TUhandControl/TivaC/TivaWare/usblib/gcc/libusb.a(usbdma.o)
 .text.DMAUSBStatus
                0x000000000000287c        0x4 /home/wesley/Sources/TUhandControl/TivaC/TivaWare/usblib/gcc/libusb.a(usbdma.o)
 .text.iDMAUSBChannelRelease
                0x0000000000002880       0x3a /home/wesley/Sources/TUhandControl/TivaC/TivaWare/usblib/gcc/libusb.a(usbdma.o)
 .text.iDMAUSBChannelAllocate
                0x00000000000028ba       0x82 /home/wesley/Sources/TUhandControl/TivaC/TivaWare/usblib/gcc/libusb.a(usbdma.o)
 .text.iDMAUSBChannelDisable
                0x000000000000293c       0x32 /home/wesley/Sources/TUhandControl/TivaC/TivaWare/usblib/gcc/libusb.a(usbdma.o)
 .text.iDMAUSBChannelIntDisable
                0x000000000000296e        0x8 /home/wesley/Sources/TUhandControl/TivaC/TivaWare/usblib/gcc/libusb.a(usbdma.o)
 .text.iDMAUSBChannelIntEnable
                0x0000000000002976        0x8 /home/wesley/Sources/TUhandControl/TivaC/TivaWare/usblib/gcc/libusb.a(usbdma.o)
 .text.iDMAUSBChannelEnable
                0x000000000000297e       0x50 /home/wesley/Sources/TUhandControl/TivaC/TivaWare/usblib/gcc/libusb.a(usbdma.o)
 .text.iDMAUSBIntStatus
                0x00000000000029ce        0x6 /home/wesley/Sources/TUhandControl/TivaC/TivaWare/usblib/gcc/libusb.a(usbdma.o)
 .text.uDMAUSBUnitSizeSet
                0x00000000000029d4       0x60 /home/wesley/Sources/TUhandControl/TivaC/TivaWare/usblib/gcc/libusb.a(usbdma.o)
 .text.uDMAUSBArbSizeSet
                0x0000000000002a34       0x6e /home/wesley/Sources/TUhandControl/TivaC/TivaWare/usblib/gcc/libusb.a(usbdma.o)
 .text.uDMAUSBIntStatus
                0x0000000000002aa2       0x2c /home/wesley/Sources/TUhandControl/TivaC/TivaWare/usblib/gcc/libusb.a(usbdma.o)
 .text.uDMAUSBChannelRelease
                0x0000000000002ace       0x56 /home/wesley/Sources/TUhandControl/TivaC/TivaWare/usblib/gcc/libusb.a(usbdma.o)
 .text.uDMAUSBChannelEnable
                0x0000000000002b24       0x6a /home/wesley/Sources/TUhandControl/TivaC/TivaWare/usblib/gcc/libusb.a(usbdma.o)
 .text.uDMAUSBChannelDisable
                0x0000000000002b8e       0x4e /home/wesley/Sources/TUhandControl/TivaC/TivaWare/usblib/gcc/libusb.a(usbdma.o)
 .text.uDMAUSBChannelAllocate
                0x0000000000002bdc       0xb4 /home/wesley/Sources/TUhandControl/TivaC/TivaWare/usblib/gcc/libusb.a(usbdma.o)
 .text.DMAUSBIntHandler
                0x0000000000002c90       0x32 /home/wesley/Sources/TUhandControl/TivaC/TivaWare/usblib/gcc/libusb.a(usbdma.o)
 .text.iDMAUSBTransfer
                0x0000000000002cc2       0xde /home/wesley/Sources/TUhandControl/TivaC/TivaWare/usblib/gcc/libusb.a(usbdma.o)
 .text.iDMAUSBChannelStatus
                0x0000000000002da0       0x34 /home/wesley/Sources/TUhandControl/TivaC/TivaWare/usblib/gcc/libusb.a(usbdma.o)
 .text.uDMAUSBTransfer
                0x0000000000002dd4       0xb8 /home/wesley/Sources/TUhandControl/TivaC/TivaWare/usblib/gcc/libusb.a(usbdma.o)
 .text.iDMAUSBUnitSizeSet
                0x0000000000002e8c        0x2 /home/wesley/Sources/TUhandControl/TivaC/TivaWare/usblib/gcc/libusb.a(usbdma.o)
 .text.uDMAUSBChannelIntEnable
                0x0000000000002e8e        0x2 /home/wesley/Sources/TUhandControl/TivaC/TivaWare/usblib/gcc/libusb.a(usbdma.o)
 .text.USBLibDMAInit
                0x0000000000002e90      0x164 /home/wesley/Sources/TUhandControl/TivaC/TivaWare/usblib/gcc/libusb.a(usbdma.o)
                0x0000000000002e90                USBLibDMAInit
 .text.USBStackModeSet
                0x0000000000002ff4       0x1c /home/wesley/Sources/TUhandControl/TivaC/TivaWare/usblib/gcc/libusb.a(usbmode.o)
                0x0000000000002ff4                USBStackModeSet
 .text.UpdateIndexAtomic
                0x0000000000003010       0x2a /home/wesley/Sources/TUhandControl/TivaC/TivaWare/usblib/gcc/libusb.a(usbringbuf.o)
 .text.USBRingBufFlush
                0x000000000000303a       0x18 /home/wesley/Sources/TUhandControl/TivaC/TivaWare/usblib/gcc/libusb.a(usbringbuf.o)
                0x000000000000303a                USBRingBufFlush
 .text.USBRingBufUsed
                0x0000000000003052       0x12 /home/wesley/Sources/TUhandControl/TivaC/TivaWare/usblib/gcc/libusb.a(usbringbuf.o)
                0x0000000000003052                USBRingBufUsed
 .text.USBRingBufFree
                0x0000000000003064        0xe /home/wesley/Sources/TUhandControl/TivaC/TivaWare/usblib/gcc/libusb.a(usbringbuf.o)
                0x0000000000003064                USBRingBufFree
 .text.USBRingBufContigUsed
                0x0000000000003072       0x10 /home/wesley/Sources/TUhandControl/TivaC/TivaWare/usblib/gcc/libusb.a(usbringbuf.o)
                0x0000000000003072                USBRingBufContigUsed
 .text.USBRingBufContigFree
                0x0000000000003082       0x1a /home/wesley/Sources/TUhandControl/TivaC/TivaWare/usblib/gcc/libusb.a(usbringbuf.o)
                0x0000000000003082                USBRingBufContigFree
 .text.USBRingBufReadOne
                0x000000000000309c       0x16 /home/wesley/Sources/TUhandControl/TivaC/TivaWare/usblib/gcc/libusb.a(usbringbuf.o)
                0x000000000000309c                USBRingBufReadOne
 .text.USBRingBufRead
                0x00000000000030b2       0x1a /home/wesley/Sources/TUhandControl/TivaC/TivaWare/usblib/gcc/libusb.a(usbringbuf.o)
                0x00000000000030b2                USBRingBufRead
 .text.USBRingBufAdvanceRead
                0x00000000000030cc       0x1c /home/wesley/Sources/TUhandControl/TivaC/TivaWare/usblib/gcc/libusb.a(usbringbuf.o)
                0x00000000000030cc                USBRingBufAdvanceRead
 .text.USBRingBufAdvanceWrite
                0x00000000000030e8       0x36 /home/wesley/Sources/TUhandControl/TivaC/TivaWare/usblib/gcc/libusb.a(usbringbuf.o)
                0x00000000000030e8                USBRingBufAdvanceWrite
 .text.USBRingBufWriteOne
                0x000000000000311e       0x12 /home/wesley/Sources/TUhandControl/TivaC/TivaWare/usblib/gcc/libusb.a(usbringbuf.o)
                0x000000000000311e                USBRingBufWriteOne
 .text.USBRingBufWrite
                0x0000000000003130       0x1a /home/wesley/Sources/TUhandControl/TivaC/TivaWare/usblib/gcc/libusb.a(usbringbuf.o)
                0x0000000000003130                USBRingBufWrite
 .text.USBRingBufInit
                0x000000000000314a        0xc /home/wesley/Sources/TUhandControl/TivaC/TivaWare/usblib/gcc/libusb.a(usbringbuf.o)
                0x000000000000314a                USBRingBufInit
 *fill*         0x0000000000003156        0x2 
 .text.InternalUSBTickInit
                0x0000000000003158       0x30 /home/wesley/Sources/TUhandControl/TivaC/TivaWare/usblib/gcc/libusb.a(usbtick.o)
                0x0000000000003158                InternalUSBTickInit
 .text.InternalUSBRegisterTickHandler
                0x0000000000003188       0x30 /home/wesley/Sources/TUhandControl/TivaC/TivaWare/usblib/gcc/libusb.a(usbtick.o)
                0x0000000000003188                InternalUSBRegisterTickHandler
 .text.InternalUSBStartOfFrameTick
                0x00000000000031b8       0x34 /home/wesley/Sources/TUhandControl/TivaC/TivaWare/usblib/gcc/libusb.a(usbtick.o)
                0x00000000000031b8                InternalUSBStartOfFrameTick
 .text.ULPIConfigSet
                0x00000000000031ec       0x54 /home/wesley/Sources/TUhandControl/TivaC/TivaWare/usblib/gcc/libusb.a(usbulpi.o)
                0x00000000000031ec                ULPIConfigSet
 .text.NextConfigDescGet
                0x0000000000003240       0x34 /home/wesley/Sources/TUhandControl/TivaC/TivaWare/usblib/gcc/libusb.a(usbdcdesc.o)
 .text.USBDCDConfigDescGetSize
                0x0000000000003274       0x1e /home/wesley/Sources/TUhandControl/TivaC/TivaWare/usblib/gcc/libusb.a(usbdcdesc.o)
                0x0000000000003274                USBDCDConfigDescGetSize
 .text.USBDCDConfigDescGetNum
                0x0000000000003292       0x2a /home/wesley/Sources/TUhandControl/TivaC/TivaWare/usblib/gcc/libusb.a(usbdcdesc.o)
                0x0000000000003292                USBDCDConfigDescGetNum
 .text.USBDCDConfigDescGet
                0x00000000000032bc       0x58 /home/wesley/Sources/TUhandControl/TivaC/TivaWare/usblib/gcc/libusb.a(usbdcdesc.o)
                0x00000000000032bc                USBDCDConfigDescGet
 .text.USBDCDConfigGetInterface
                0x0000000000003314       0x58 /home/wesley/Sources/TUhandControl/TivaC/TivaWare/usblib/gcc/libusb.a(usbdcdesc.o)
                0x0000000000003314                USBDCDConfigGetInterface
 .text.USBDCDConfigGetInterfaceEndpoint
                0x000000000000336c       0x38 /home/wesley/Sources/TUhandControl/TivaC/TivaWare/usblib/gcc/libusb.a(usbdcdesc.o)
                0x000000000000336c                USBDCDConfigGetInterfaceEndpoint
 .text.GetEPDescriptorType
                0x00000000000033a4       0x44 /home/wesley/Sources/TUhandControl/TivaC/TivaWare/usblib/gcc/libusb.a(usbdconfig.o)
 .text.USBDeviceConfig
                0x00000000000033e8      0x164 /home/wesley/Sources/TUhandControl/TivaC/TivaWare/usblib/gcc/libusb.a(usbdconfig.o)
                0x00000000000033e8                USBDeviceConfig
 .text.USBDeviceConfigAlternate
                0x000000000000354c       0x88 /home/wesley/Sources/TUhandControl/TivaC/TivaWare/usblib/gcc/libusb.a(usbdconfig.o)
                0x000000000000354c                USBDeviceConfigAlternate
 .text.USBDescGetNum
                0x00000000000035d4       0x24 /home/wesley/Sources/TUhandControl/TivaC/TivaWare/usblib/gcc/libusb.a(usbdesc.o)
                0x00000000000035d4                USBDescGetNum
 .text.USBDescGet
                0x00000000000035f8       0x28 /home/wesley/Sources/TUhandControl/TivaC/TivaWare/usblib/gcc/libusb.a(usbdesc.o)
                0x00000000000035f8                USBDescGet
 .text.IntMasterEnable
                0x0000000000003620        0xe /home/wesley/Sources/TUhandControl/TivaC/TivaWare/driverlib/gcc/libdriver.a(interrupt.o)
                0x0000000000003620                IntMasterEnable
 .text.IntMasterDisable
                0x000000000000362e        0xe /home/wesley/Sources/TUhandControl/TivaC/TivaWare/driverlib/gcc/libdriver.a(interrupt.o)
                0x000000000000362e                IntMasterDisable
 .text.IntRegister
                0x000000000000363c       0x34 /home/wesley/Sources/TUhandControl/TivaC/TivaWare/driverlib/gcc/libdriver.a(interrupt.o)
                0x000000000000363c                IntRegister
 .text.IntEnable
                0x0000000000003670       0x60 /home/wesley/Sources/TUhandControl/TivaC/TivaWare/driverlib/gcc/libdriver.a(interrupt.o)
                0x0000000000003670                IntEnable
 .text.IntDisable
                0x00000000000036d0       0x60 /home/wesley/Sources/TUhandControl/TivaC/TivaWare/driverlib/gcc/libdriver.a(interrupt.o)
                0x00000000000036d0                IntDisable
 .text.IntIsEnabled
                0x0000000000003730       0x64 /home/wesley/Sources/TUhandControl/TivaC/TivaWare/driverlib/gcc/libdriver.a(interrupt.o)
                0x0000000000003730                IntIsEnabled
 .text.SysCtlPeripheralReset
                0x0000000000003794       0x40 /home/wesley/Sources/TUhandControl/TivaC/TivaWare/driverlib/gcc/libdriver.a(sysctl.o)
                0x0000000000003794                SysCtlPeripheralReset
 .text.SysCtlPeripheralEnable
                0x00000000000037d4       0x28 /home/wesley/Sources/TUhandControl/TivaC/TivaWare/driverlib/gcc/libdriver.a(sysctl.o)
                0x00000000000037d4                SysCtlPeripheralEnable
 .text.SysCtlUSBPLLEnable
                0x00000000000037fc       0x10 /home/wesley/Sources/TUhandControl/TivaC/TivaWare/driverlib/gcc/libdriver.a(sysctl.o)
                0x00000000000037fc                SysCtlUSBPLLEnable
 .text.SysTickIntRegister
                0x000000000000380c       0x1c /home/wesley/Sources/TUhandControl/TivaC/TivaWare/driverlib/gcc/libdriver.a(systick.o)
                0x000000000000380c                SysTickIntRegister
 .text.uDMAChannelEnable
                0x0000000000003828       0x14 /home/wesley/Sources/TUhandControl/TivaC/TivaWare/driverlib/gcc/libdriver.a(udma.o)
                0x0000000000003828                uDMAChannelEnable
 .text.uDMAChannelDisable
                0x000000000000383c       0x14 /home/wesley/Sources/TUhandControl/TivaC/TivaWare/driverlib/gcc/libdriver.a(udma.o)
                0x000000000000383c                uDMAChannelDisable
 .text.uDMAChannelAttributeDisable
                0x0000000000003850       0x4c /home/wesley/Sources/TUhandControl/TivaC/TivaWare/driverlib/gcc/libdriver.a(udma.o)
                0x0000000000003850                uDMAChannelAttributeDisable
 .text.uDMAChannelControlSet
                0x000000000000389c       0x20 /home/wesley/Sources/TUhandControl/TivaC/TivaWare/driverlib/gcc/libdriver.a(udma.o)
                0x000000000000389c                uDMAChannelControlSet
 .text.uDMAChannelTransferSet
                0x00000000000038bc       0x88 /home/wesley/Sources/TUhandControl/TivaC/TivaWare/driverlib/gcc/libdriver.a(udma.o)
                0x00000000000038bc                uDMAChannelTransferSet
 .text.uDMAChannelModeGet
                0x0000000000003944       0x24 /home/wesley/Sources/TUhandControl/TivaC/TivaWare/driverlib/gcc/libdriver.a(udma.o)
                0x0000000000003944                uDMAChannelModeGet
 .text._USBIntNumberGet.isra.0
                0x0000000000003968       0x34 /home/wesley/Sources/TUhandControl/TivaC/TivaWare/driverlib/gcc/libdriver.a(usb.o)
 .text.USBHostResume
                0x000000000000399c       0x12 /home/wesley/Sources/TUhandControl/TivaC/TivaWare/driverlib/gcc/libdriver.a(usb.o)
                0x000000000000399c                USBHostResume
 *fill*         0x00000000000039ae        0x2 
 .text.USBIntEnableControl
                0x00000000000039b0       0x28 /home/wesley/Sources/TUhandControl/TivaC/TivaWare/driverlib/gcc/libdriver.a(usb.o)
                0x00000000000039b0                USBIntEnableControl
 .text.USBIntStatusControl
                0x00000000000039d8       0x3c /home/wesley/Sources/TUhandControl/TivaC/TivaWare/driverlib/gcc/libdriver.a(usb.o)
                0x00000000000039d8                USBIntStatusControl
 .text.USBIntEnableEndpoint
                0x0000000000003a14       0x18 /home/wesley/Sources/TUhandControl/TivaC/TivaWare/driverlib/gcc/libdriver.a(usb.o)
                0x0000000000003a14                USBIntEnableEndpoint
 .text.USBIntStatusEndpoint
                0x0000000000003a2c        0xc /home/wesley/Sources/TUhandControl/TivaC/TivaWare/driverlib/gcc/libdriver.a(usb.o)
                0x0000000000003a2c                USBIntStatusEndpoint
 .text.USBIntRegister
                0x0000000000003a38       0x1a /home/wesley/Sources/TUhandControl/TivaC/TivaWare/driverlib/gcc/libdriver.a(usb.o)
                0x0000000000003a38                USBIntRegister
 .text.USBEndpointStatus
                0x0000000000003a52       0x12 /home/wesley/Sources/TUhandControl/TivaC/TivaWare/driverlib/gcc/libdriver.a(usb.o)
                0x0000000000003a52                USBEndpointStatus
 .text.USBDevEndpointStatusClear
                0x0000000000003a64       0x5a /home/wesley/Sources/TUhandControl/TivaC/TivaWare/driverlib/gcc/libdriver.a(usb.o)
                0x0000000000003a64                USBDevEndpointStatusClear
 .text.USBDevEndpointStall
                0x0000000000003abe       0x30 /home/wesley/Sources/TUhandControl/TivaC/TivaWare/driverlib/gcc/libdriver.a(usb.o)
                0x0000000000003abe                USBDevEndpointStall
 .text.USBDevEndpointStallClear
                0x0000000000003aee       0x40 /home/wesley/Sources/TUhandControl/TivaC/TivaWare/driverlib/gcc/libdriver.a(usb.o)
                0x0000000000003aee                USBDevEndpointStallClear
 .text.USBDevConnect
                0x0000000000003b2e        0xa /home/wesley/Sources/TUhandControl/TivaC/TivaWare/driverlib/gcc/libdriver.a(usb.o)
                0x0000000000003b2e                USBDevConnect
 .text.USBDevDisconnect
                0x0000000000003b38        0xa /home/wesley/Sources/TUhandControl/TivaC/TivaWare/driverlib/gcc/libdriver.a(usb.o)
                0x0000000000003b38                USBDevDisconnect
 .text.USBDevAddrSet
                0x0000000000003b42        0x6 /home/wesley/Sources/TUhandControl/TivaC/TivaWare/driverlib/gcc/libdriver.a(usb.o)
                0x0000000000003b42                USBDevAddrSet
 .text.USBDevEndpointConfigSet
                0x0000000000003b48       0x80 /home/wesley/Sources/TUhandControl/TivaC/TivaWare/driverlib/gcc/libdriver.a(usb.o)
                0x0000000000003b48                USBDevEndpointConfigSet
 .text.USBFIFOConfigSet
                0x0000000000003bc8       0x44 /home/wesley/Sources/TUhandControl/TivaC/TivaWare/driverlib/gcc/libdriver.a(usb.o)
                0x0000000000003bc8                USBFIFOConfigSet
 .text.USBEndpointDMAConfigSet
                0x0000000000003c0c       0x4c /home/wesley/Sources/TUhandControl/TivaC/TivaWare/driverlib/gcc/libdriver.a(usb.o)
                0x0000000000003c0c                USBEndpointDMAConfigSet
 .text.USBEndpointDMAEnable
                0x0000000000003c58       0x1e /home/wesley/Sources/TUhandControl/TivaC/TivaWare/driverlib/gcc/libdriver.a(usb.o)
                0x0000000000003c58                USBEndpointDMAEnable
 .text.USBEndpointDMADisable
                0x0000000000003c76       0x1e /home/wesley/Sources/TUhandControl/TivaC/TivaWare/driverlib/gcc/libdriver.a(usb.o)
                0x0000000000003c76                USBEndpointDMADisable
 .text.USBEndpointDataAvail
                0x0000000000003c94       0x20 /home/wesley/Sources/TUhandControl/TivaC/TivaWare/driverlib/gcc/libdriver.a(usb.o)
                0x0000000000003c94                USBEndpointDataAvail
 .text.USBEndpointDataGet
                0x0000000000003cb4       0x48 /home/wesley/Sources/TUhandControl/TivaC/TivaWare/driverlib/gcc/libdriver.a(usb.o)
                0x0000000000003cb4                USBEndpointDataGet
 .text.USBDevEndpointDataAck
                0x0000000000003cfc       0x1e /home/wesley/Sources/TUhandControl/TivaC/TivaWare/driverlib/gcc/libdriver.a(usb.o)
                0x0000000000003cfc                USBDevEndpointDataAck
 .text.USBEndpointDataPut
                0x0000000000003d1a       0x32 /home/wesley/Sources/TUhandControl/TivaC/TivaWare/driverlib/gcc/libdriver.a(usb.o)
                0x0000000000003d1a                USBEndpointDataPut
 .text.USBEndpointDataSend
                0x0000000000003d4c       0x2e /home/wesley/Sources/TUhandControl/TivaC/TivaWare/driverlib/gcc/libdriver.a(usb.o)
                0x0000000000003d4c                USBEndpointDataSend
 .text.USBFIFOAddrGet
                0x0000000000003d7a        0x8 /home/wesley/Sources/TUhandControl/TivaC/TivaWare/driverlib/gcc/libdriver.a(usb.o)
                0x0000000000003d7a                USBFIFOAddrGet
 .text.USBEndpointDMAChannel
                0x0000000000003d82       0x1e /home/wesley/Sources/TUhandControl/TivaC/TivaWare/driverlib/gcc/libdriver.a(usb.o)
                0x0000000000003d82                USBEndpointDMAChannel
 .text.USBDevMode
                0x0000000000003da0        0x8 /home/wesley/Sources/TUhandControl/TivaC/TivaWare/driverlib/gcc/libdriver.a(usb.o)
                0x0000000000003da0                USBDevMode
 .text.USBOTGMode
                0x0000000000003da8        0x8 /home/wesley/Sources/TUhandControl/TivaC/TivaWare/driverlib/gcc/libdriver.a(usb.o)
                0x0000000000003da8                USBOTGMode
 .text.USBEndpointPacketCountSet
                0x0000000000003db0       0x12 /home/wesley/Sources/TUhandControl/TivaC/TivaWare/driverlib/gcc/libdriver.a(usb.o)
                0x0000000000003db0                USBEndpointPacketCountSet
 .text.USBControllerVersion
                0x0000000000003dc2        0xa /home/wesley/Sources/TUhandControl/TivaC/TivaWare/driverlib/gcc/libdriver.a(usb.o)
                0x0000000000003dc2                USBControllerVersion
 .text.USBClockEnable
                0x0000000000003dcc        0xa /home/wesley/Sources/TUhandControl/TivaC/TivaWare/driverlib/gcc/libdriver.a(usb.o)
                0x0000000000003dcc                USBClockEnable
 .text.USBDMAChannelIntEnable
                0x0000000000003dd6       0x10 /home/wesley/Sources/TUhandControl/TivaC/TivaWare/driverlib/gcc/libdriver.a(usb.o)
                0x0000000000003dd6                USBDMAChannelIntEnable
 .text.USBDMAChannelIntDisable
                0x0000000000003de6       0x10 /home/wesley/Sources/TUhandControl/TivaC/TivaWare/driverlib/gcc/libdriver.a(usb.o)
                0x0000000000003de6                USBDMAChannelIntDisable
 .text.USBDMAChannelIntStatus
                0x0000000000003df6        0x6 /home/wesley/Sources/TUhandControl/TivaC/TivaWare/driverlib/gcc/libdriver.a(usb.o)
                0x0000000000003df6                USBDMAChannelIntStatus
 .text.USBDMAChannelEnable
                0x0000000000003dfc       0x10 /home/wesley/Sources/TUhandControl/TivaC/TivaWare/driverlib/gcc/libdriver.a(usb.o)
                0x0000000000003dfc                USBDMAChannelEnable
 .text.USBDMAChannelDisable
                0x0000000000003e0c       0x10 /home/wesley/Sources/TUhandControl/TivaC/TivaWare/driverlib/gcc/libdriver.a(usb.o)
                0x0000000000003e0c                USBDMAChannelDisable
 .text.USBDMAChannelConfigSet
                0x0000000000003e1c       0x12 /home/wesley/Sources/TUhandControl/TivaC/TivaWare/driverlib/gcc/libdriver.a(usb.o)
                0x0000000000003e1c                USBDMAChannelConfigSet
 .text.USBDMAChannelStatus
                0x0000000000003e2e        0xe /home/wesley/Sources/TUhandControl/TivaC/TivaWare/driverlib/gcc/libdriver.a(usb.o)
                0x0000000000003e2e                USBDMAChannelStatus
 .text.USBDMAChannelAddressSet
                0x0000000000003e3c        0xa /home/wesley/Sources/TUhandControl/TivaC/TivaWare/driverlib/gcc/libdriver.a(usb.o)
                0x0000000000003e3c                USBDMAChannelAddressSet
 .text.USBDMAChannelCountSet
                0x0000000000003e46        0xa /home/wesley/Sources/TUhandControl/TivaC/TivaWare/driverlib/gcc/libdriver.a(usb.o)
                0x0000000000003e46                USBDMAChannelCountSet
 .text.USBULPIEnable
                0x0000000000003e50        0xe /home/wesley/Sources/TUhandControl/TivaC/TivaWare/driverlib/gcc/libdriver.a(usb.o)
                0x0000000000003e50                USBULPIEnable
 .text.USBULPIDisable
                0x0000000000003e5e        0xe /home/wesley/Sources/TUhandControl/TivaC/TivaWare/driverlib/gcc/libdriver.a(usb.o)
                0x0000000000003e5e                USBULPIDisable
 .text.USBULPIRegRead
                0x0000000000003e6c       0x20 /home/wesley/Sources/TUhandControl/TivaC/TivaWare/driverlib/gcc/libdriver.a(usb.o)
                0x0000000000003e6c                USBULPIRegRead
 .text.USBULPIRegWrite
                0x0000000000003e8c       0x20 /home/wesley/Sources/TUhandControl/TivaC/TivaWare/driverlib/gcc/libdriver.a(usb.o)
                0x0000000000003e8c                USBULPIRegWrite
 .text.USBDevLPMConfig
                0x0000000000003eac        0x8 /home/wesley/Sources/TUhandControl/TivaC/TivaWare/driverlib/gcc/libdriver.a(usb.o)
                0x0000000000003eac                USBDevLPMConfig
 .text.USBDevLPMEnable
                0x0000000000003eb4        0xe /home/wesley/Sources/TUhandControl/TivaC/TivaWare/driverlib/gcc/libdriver.a(usb.o)
                0x0000000000003eb4                USBDevLPMEnable
 .text.USBDevLPMDisable
                0x0000000000003ec2        0xe /home/wesley/Sources/TUhandControl/TivaC/TivaWare/driverlib/gcc/libdriver.a(usb.o)
                0x0000000000003ec2                USBDevLPMDisable
 .text.USBLPMIntStatus
                0x0000000000003ed0        0x6 /home/wesley/Sources/TUhandControl/TivaC/TivaWare/driverlib/gcc/libdriver.a(usb.o)
                0x0000000000003ed0                USBLPMIntStatus
 .text.USBLPMIntEnable
                0x0000000000003ed6        0xe /home/wesley/Sources/TUhandControl/TivaC/TivaWare/driverlib/gcc/libdriver.a(usb.o)
                0x0000000000003ed6                USBLPMIntEnable
 .text.CPUcpsid
                0x0000000000003ee4        0x8 /home/wesley/Sources/TUhandControl/TivaC/TivaWare/driverlib/gcc/libdriver.a(cpu.o)
                0x0000000000003ee4                CPUcpsid
 .text.CPUcpsie
                0x0000000000003eec        0x8 /home/wesley/Sources/TUhandControl/TivaC/TivaWare/driverlib/gcc/libdriver.a(cpu.o)
                0x0000000000003eec                CPUcpsie
 .text          0x0000000000003ef4      0x134 /usr/bin/../lib/gcc/arm-none-eabi/6.2.1/../../../../arm-none-eabi/lib/thumb/v7e-m/fpv4-sp/hard/libc.a(lib_a-memcpy.o)
                0x0000000000003ef4                memcpy
 .text.realloc  0x0000000000004028       0x10 /usr/bin/../lib/gcc/arm-none-eabi/6.2.1/../../../../arm-none-eabi/lib/thumb/v7e-m/fpv4-sp/hard/libc.a(lib_a-realloc.o)
                0x0000000000004028                realloc
 .text._realloc_r
                0x0000000000004038      0x34c /usr/bin/../lib/gcc/arm-none-eabi/6.2.1/../../../../arm-none-eabi/lib/thumb/v7e-m/fpv4-sp/hard/libc.a(lib_a-reallocr.o)
                0x0000000000004038                _realloc_r
 *fill*         0x0000000000004384       0x3c 
 .text          0x00000000000043c0       0xdc /usr/bin/../lib/gcc/arm-none-eabi/6.2.1/../../../../arm-none-eabi/lib/thumb/v7e-m/fpv4-sp/hard/libc.a(lib_a-strlen.o)
                0x00000000000043c0                strlen
 .text._malloc_trim_r
                0x000000000000449c       0xa0 /usr/bin/../lib/gcc/arm-none-eabi/6.2.1/../../../../arm-none-eabi/lib/thumb/v7e-m/fpv4-sp/hard/libc.a(lib_a-freer.o)
                0x000000000000449c                _malloc_trim_r
 .text._free_r  0x000000000000453c      0x1cc /usr/bin/../lib/gcc/arm-none-eabi/6.2.1/../../../../arm-none-eabi/lib/thumb/v7e-m/fpv4-sp/hard/libc.a(lib_a-freer.o)
                0x000000000000453c                _free_r
 .text._malloc_r
                0x0000000000004708      0x560 /usr/bin/../lib/gcc/arm-none-eabi/6.2.1/../../../../arm-none-eabi/lib/thumb/v7e-m/fpv4-sp/hard/libc.a(lib_a-mallocr.o)
                0x0000000000004708                _malloc_r
 .text.memmove  0x0000000000004c68       0xc8 /usr/bin/../lib/gcc/arm-none-eabi/6.2.1/../../../../arm-none-eabi/lib/thumb/v7e-m/fpv4-sp/hard/libc.a(lib_a-memmove.o)
                0x0000000000004c68                memmove
 .text.__malloc_lock
                0x0000000000004d30        0x4 /usr/bin/../lib/gcc/arm-none-eabi/6.2.1/../../../../arm-none-eabi/lib/thumb/v7e-m/fpv4-sp/hard/libc.a(lib_a-mlock.o)
                0x0000000000004d30                __malloc_lock
 .text.__malloc_unlock
                0x0000000000004d34        0x4 /usr/bin/../lib/gcc/arm-none-eabi/6.2.1/../../../../arm-none-eabi/lib/thumb/v7e-m/fpv4-sp/hard/libc.a(lib_a-mlock.o)
                0x0000000000004d34                __malloc_unlock
 .text._sbrk_r  0x0000000000004d38       0x24 /usr/bin/../lib/gcc/arm-none-eabi/6.2.1/../../../../arm-none-eabi/lib/thumb/v7e-m/fpv4-sp/hard/libc.a(lib_a-sbrkr.o)
                0x0000000000004d38                _sbrk_r
 .text._sbrk    0x0000000000004d5c       0x1c /usr/bin/../lib/gcc/arm-none-eabi/6.2.1/../../../../arm-none-eabi/lib/thumb/v7e-m/fpv4-sp/hard/libnosys.a(sbrk.o)
                0x0000000000004d5c                _sbrk
 *(.glue_7t)
 .glue_7t       0x0000000000004d78        0x0 linker stubs
 *(.glue_7)
 .glue_7        0x0000000000004d78        0x0 linker stubs
 *(.rodata .rodata* .gnu.linkonce.r.*)
 .rodata._ZTVN8std_msgs4TimeE
                0x0000000000004d78       0x18 CMakeFiles/rgb_srv.axf.dir/rgb_led.cpp.obj
                0x0000000000004d78                vtable for std_msgs::Time
 .rodata._ZTVN14rosserial_msgs9TopicInfoE
                0x0000000000004d90       0x18 CMakeFiles/rgb_srv.axf.dir/rgb_led.cpp.obj
                0x0000000000004d90                vtable for rosserial_msgs::TopicInfo
 .rodata._ZTVN14rosserial_msgs3LogE
                0x0000000000004da8       0x18 CMakeFiles/rgb_srv.axf.dir/rgb_led.cpp.obj
                0x0000000000004da8                vtable for rosserial_msgs::Log
 .rodata._ZTVN14rosserial_msgs20RequestParamResponseE
                0x0000000000004dc0       0x18 CMakeFiles/rgb_srv.axf.dir/rgb_led.cpp.obj
                0x0000000000004dc0                vtable for rosserial_msgs::RequestParamResponse
 .rodata._ZTVN8std_msgs9ColorRGBAE
                0x0000000000004dd8       0x18 CMakeFiles/rgb_srv.axf.dir/rgb_led.cpp.obj
                0x0000000000004dd8                vtable for std_msgs::ColorRGBA
 .rodata._ZTVN25rosserial_tivac_tutorials16ColorRGBARequestE
                0x0000000000004df0       0x18 CMakeFiles/rgb_srv.axf.dir/rgb_led.cpp.obj
                0x0000000000004df0                vtable for rosserial_tivac_tutorials::ColorRGBARequest
 .rodata._ZTVN25rosserial_tivac_tutorials17ColorRGBAResponseE
                0x0000000000004e08       0x18 CMakeFiles/rgb_srv.axf.dir/rgb_led.cpp.obj
                0x0000000000004e08                vtable for rosserial_tivac_tutorials::ColorRGBAResponse
 .rodata._ZTVN3ros11NodeHandle_I13TivaCHardwareLi25ELi25ELi512ELi512EEE
                0x0000000000004e20       0x14 CMakeFiles/rgb_srv.axf.dir/rgb_led.cpp.obj
                0x0000000000004e20                vtable for ros::NodeHandle_<TivaCHardware, 25, 25, 512, 512>
 .rodata._ZTVN3ros13ServiceServerIN25rosserial_tivac_tutorials16ColorRGBARequestENS1_17ColorRGBAResponseEEE
                0x0000000000004e34       0x18 CMakeFiles/rgb_srv.axf.dir/rgb_led.cpp.obj
                0x0000000000004e34                vtable for ros::ServiceServer<rosserial_tivac_tutorials::ColorRGBARequest, rosserial_tivac_tutorials::ColorRGBAResponse>
 .rodata._GLOBAL__sub_I_current_color.str1.1
                0x0000000000004e4c        0x4 CMakeFiles/rgb_srv.axf.dir/rgb_led.cpp.obj
 .rodata._ZN14rosserial_msgs20RequestParamResponse6getMD5Ev.str1.1
                0x0000000000004e50       0x21 CMakeFiles/rgb_srv.axf.dir/rgb_led.cpp.obj
 .rodata._ZN14rosserial_msgs3Log6getMD5Ev.str1.1
                0x0000000000004e71       0x21 CMakeFiles/rgb_srv.axf.dir/rgb_led.cpp.obj
 .rodata._ZN14rosserial_msgs3Log7getTypeEv.str1.1
                0x0000000000004e92       0x13 CMakeFiles/rgb_srv.axf.dir/rgb_led.cpp.obj
 .rodata._ZN14rosserial_msgs9TopicInfo6getMD5Ev.str1.1
                0x0000000000004ea5       0x21 CMakeFiles/rgb_srv.axf.dir/rgb_led.cpp.obj
 .rodata._ZN14rosserial_msgs9TopicInfo7getTypeEv.str1.1
                0x0000000000004ec6       0x19 CMakeFiles/rgb_srv.axf.dir/rgb_led.cpp.obj
 .rodata._ZN14rosserial_msgsL12REQUESTPARAME
                0x0000000000004edf       0x1c CMakeFiles/rgb_srv.axf.dir/rgb_led.cpp.obj
 .rodata._ZN25rosserial_tivac_tutorials16ColorRGBARequest6getMD5Ev.str1.1
                0x0000000000004efb       0x21 CMakeFiles/rgb_srv.axf.dir/rgb_led.cpp.obj
 .rodata._ZN25rosserial_tivac_tutorials17ColorRGBAResponse6getMD5Ev.str1.1
                0x0000000000004f1c       0x21 CMakeFiles/rgb_srv.axf.dir/rgb_led.cpp.obj
 .rodata._ZN25rosserial_tivac_tutorialsL9COLORRGBAE
                0x0000000000004f3d       0x24 CMakeFiles/rgb_srv.axf.dir/rgb_led.cpp.obj
 .rodata._ZN3ros11NodeHandle_I13TivaCHardwareLi25ELi25ELi512ELi512EE15negotiateTopicsEv.str1.1
                0x0000000000004f61       0x21 CMakeFiles/rgb_srv.axf.dir/rgb_led.cpp.obj
                                          0x1 (size before relaxing)
 .rodata._ZN3ros11NodeHandle_I13TivaCHardwareLi25ELi25ELi512ELi512EE7publishEiPKNS_3MsgE.str1.1
                0x0000000000004f61       0x39 CMakeFiles/rgb_srv.axf.dir/rgb_led.cpp.obj
 .rodata._ZN8std_msgs4Time6getMD5Ev.str1.1
                0x0000000000004f9a       0x21 CMakeFiles/rgb_srv.axf.dir/rgb_led.cpp.obj
 .rodata._ZN8std_msgs4Time7getTypeEv.str1.1
                0x0000000000004fbb        0xe CMakeFiles/rgb_srv.axf.dir/rgb_led.cpp.obj
 .rodata._ZN8std_msgs9ColorRGBA6getMD5Ev.str1.1
                0x0000000000004fc9       0x21 CMakeFiles/rgb_srv.axf.dir/rgb_led.cpp.obj
 .rodata._ZN8std_msgs9ColorRGBA7getTypeEv.str1.1
                0x0000000000004fea       0x13 CMakeFiles/rgb_srv.axf.dir/rgb_led.cpp.obj
 *fill*         0x0000000000004ffd        0x3 
 .rodata.g_ppui8StringDescriptors
                0x0000000000005000       0x18 CMakeFiles/rgb_srv.axf.dir/home/wesley/Sources/TUhandControl/TivaC/catkin_rosserial_tut/build/rosserial_tivac_tutorials/ros_lib/usb_serial_structs.c.obj
                0x0000000000005000                g_ppui8StringDescriptors
 .rodata.g_pui8ConfigString
                0x0000000000005018       0x36 CMakeFiles/rgb_srv.axf.dir/home/wesley/Sources/TUhandControl/TivaC/catkin_rosserial_tut/build/rosserial_tivac_tutorials/ros_lib/usb_serial_structs.c.obj
                0x0000000000005018                g_pui8ConfigString
 .rodata.g_pui8ControlInterfaceString
                0x000000000000504e       0x2c CMakeFiles/rgb_srv.axf.dir/home/wesley/Sources/TUhandControl/TivaC/catkin_rosserial_tut/build/rosserial_tivac_tutorials/ros_lib/usb_serial_structs.c.obj
                0x000000000000504e                g_pui8ControlInterfaceString
 .rodata.g_pui8LangDescriptor
                0x000000000000507a        0x4 CMakeFiles/rgb_srv.axf.dir/home/wesley/Sources/TUhandControl/TivaC/catkin_rosserial_tut/build/rosserial_tivac_tutorials/ros_lib/usb_serial_structs.c.obj
                0x000000000000507a                g_pui8LangDescriptor
 .rodata.g_pui8ManufacturerString
                0x000000000000507e       0x24 CMakeFiles/rgb_srv.axf.dir/home/wesley/Sources/TUhandControl/TivaC/catkin_rosserial_tut/build/rosserial_tivac_tutorials/ros_lib/usb_serial_structs.c.obj
                0x000000000000507e                g_pui8ManufacturerString
 .rodata.g_pui8ProductString
                0x00000000000050a2       0x22 CMakeFiles/rgb_srv.axf.dir/home/wesley/Sources/TUhandControl/TivaC/catkin_rosserial_tut/build/rosserial_tivac_tutorials/ros_lib/usb_serial_structs.c.obj
                0x00000000000050a2                g_pui8ProductString
 .rodata.g_pui8SerialNumberString
                0x00000000000050c4       0x12 CMakeFiles/rgb_srv.axf.dir/home/wesley/Sources/TUhandControl/TivaC/catkin_rosserial_tut/build/rosserial_tivac_tutorials/ros_lib/usb_serial_structs.c.obj
                0x00000000000050c4                g_pui8SerialNumberString
 *fill*         0x00000000000050d6        0x2 
 .rodata.g_pCDCCompSerConfigDescriptors
                0x00000000000050d8        0x4 /home/wesley/Sources/TUhandControl/TivaC/TivaWare/usblib/gcc/libusb.a(usbdcdc.o)
                0x00000000000050d8                g_pCDCCompSerConfigDescriptors
 .rodata.g_pCDCCompSerConfigDescriptorsHS
                0x00000000000050dc        0x4 /home/wesley/Sources/TUhandControl/TivaC/TivaWare/usblib/gcc/libusb.a(usbdcdc.o)
                0x00000000000050dc                g_pCDCCompSerConfigDescriptorsHS
 .rodata.g_ppCDCSerConfigDescriptors
                0x00000000000050e0        0x4 /home/wesley/Sources/TUhandControl/TivaC/TivaWare/usblib/gcc/libusb.a(usbdcdc.o)
                0x00000000000050e0                g_ppCDCSerConfigDescriptors
 .rodata.g_ppCDCSerConfigDescriptorsHS
                0x00000000000050e4        0x4 /home/wesley/Sources/TUhandControl/TivaC/TivaWare/usblib/gcc/libusb.a(usbdcdc.o)
                0x00000000000050e4                g_ppCDCSerConfigDescriptorsHS
 .rodata.g_pui8CDCSerCommInterface
                0x00000000000050e8       0x23 /home/wesley/Sources/TUhandControl/TivaC/TivaWare/usblib/gcc/libusb.a(usbdcdc.o)
                0x00000000000050e8                g_pui8CDCSerCommInterface
 .rodata.g_pui8CDCSerDataInterface
                0x000000000000510b       0x17 /home/wesley/Sources/TUhandControl/TivaC/TivaWare/usblib/gcc/libusb.a(usbdcdc.o)
                0x000000000000510b                g_pui8CDCSerDataInterface
 .rodata.g_pui8CDCSerDataInterfaceHS
                0x0000000000005122       0x17 /home/wesley/Sources/TUhandControl/TivaC/TivaWare/usblib/gcc/libusb.a(usbdcdc.o)
                0x0000000000005122                g_pui8CDCSerDataInterfaceHS
 *fill*         0x0000000000005139        0x3 
 .rodata.g_sCDCCompSerConfigHeader
                0x000000000000513c        0x8 /home/wesley/Sources/TUhandControl/TivaC/TivaWare/usblib/gcc/libusb.a(usbdcdc.o)
                0x000000000000513c                g_sCDCCompSerConfigHeader
 .rodata.g_sCDCCompSerConfigHeaderHS
                0x0000000000005144        0x8 /home/wesley/Sources/TUhandControl/TivaC/TivaWare/usblib/gcc/libusb.a(usbdcdc.o)
                0x0000000000005144                g_sCDCCompSerConfigHeaderHS
 .rodata.g_sCDCHandlers
                0x000000000000514c       0x30 /home/wesley/Sources/TUhandControl/TivaC/TivaWare/usblib/gcc/libusb.a(usbdcdc.o)
                0x000000000000514c                g_sCDCHandlers
 .rodata.g_sCDCSerCommInterfaceSection
                0x000000000000517c        0x8 /home/wesley/Sources/TUhandControl/TivaC/TivaWare/usblib/gcc/libusb.a(usbdcdc.o)
                0x000000000000517c                g_sCDCSerCommInterfaceSection
 .rodata.g_sCDCSerConfigHeader
                0x0000000000005184        0x8 /home/wesley/Sources/TUhandControl/TivaC/TivaWare/usblib/gcc/libusb.a(usbdcdc.o)
                0x0000000000005184                g_sCDCSerConfigHeader
 .rodata.g_sCDCSerConfigHeaderHS
                0x000000000000518c        0x8 /home/wesley/Sources/TUhandControl/TivaC/TivaWare/usblib/gcc/libusb.a(usbdcdc.o)
                0x000000000000518c                g_sCDCSerConfigHeaderHS
 .rodata.g_sCDCSerConfigSection
                0x0000000000005194        0x8 /home/wesley/Sources/TUhandControl/TivaC/TivaWare/usblib/gcc/libusb.a(usbdcdc.o)
                0x0000000000005194                g_sCDCSerConfigSection
 .rodata.g_sCDCSerDataInterfaceSection
                0x000000000000519c        0x8 /home/wesley/Sources/TUhandControl/TivaC/TivaWare/usblib/gcc/libusb.a(usbdcdc.o)
                0x000000000000519c                g_sCDCSerDataInterfaceSection
 .rodata.g_sCDCSerDataInterfaceSectionHS
                0x00000000000051a4        0x8 /home/wesley/Sources/TUhandControl/TivaC/TivaWare/usblib/gcc/libusb.a(usbdcdc.o)
                0x00000000000051a4                g_sCDCSerDataInterfaceSectionHS
 .rodata.g_sIADSerConfigSection
                0x00000000000051ac        0x8 /home/wesley/Sources/TUhandControl/TivaC/TivaWare/usblib/gcc/libusb.a(usbdcdc.o)
                0x00000000000051ac                g_sIADSerConfigSection
 .rodata.g_psUSBDStdRequests
                0x00000000000051b4       0x34 /home/wesley/Sources/TUhandControl/TivaC/TivaWare/usblib/gcc/libusb.a(usbdenum.o)
 .rodata.g_pui32Dii16Regs
                0x00000000000051e8       0x14 /home/wesley/Sources/TUhandControl/TivaC/TivaWare/driverlib/gcc/libdriver.a(interrupt.o)
 .rodata.g_pui32EnRegs
                0x00000000000051fc       0x14 /home/wesley/Sources/TUhandControl/TivaC/TivaWare/driverlib/gcc/libdriver.a(interrupt.o)
 *(.ARM.extab* .gnu.linkonce.armextab.*)
                0x0000000000005210                . = ALIGN (0x4)
 *(.init)
                0x0000000000005210                . = ALIGN (0x4)
                0x0000000000005210                __preinit_array_start = .
 *(SORT(.preinit_array*))
 *(.preinit_array)
                0x0000000000005210                __preinit_array_end = .
                0x0000000000005210                . = ALIGN (0x4)
                0x0000000000005210                __init_array_start = .
 *(SORT(.init_array.*))
 *(.init_array)
 .init_array    0x0000000000005210        0x4 CMakeFiles/rgb_srv.axf.dir/rgb_led.cpp.obj
                0x0000000000005214                __init_array_end = .
                0x0000000000005214                . = ALIGN (0x4)
 *(.fini)
                0x0000000000005214                . = ALIGN (0x4)
                0x0000000000005214                __fini_array_start = .
 *(.fini_array)
 *(SORT(.fini_array.*))
                0x0000000000005214                __fini_array_end = .
                0x0000000000005214                . = ALIGN (0x4)
                0x0000000000005214                _etext = .

.vfp11_veneer   0x0000000000005214        0x0
 .vfp11_veneer  0x0000000000005214        0x0 linker stubs

.v4_bx          0x0000000000005214        0x0
 .v4_bx         0x0000000000005214        0x0 linker stubs

.iplt           0x0000000000005214        0x0
 .iplt          0x0000000000005214        0x0 CMakeFiles/rgb_srv.axf.dir/rgb_led.cpp.obj

.rel.dyn        0x0000000000005214        0x0
 .rel.iplt      0x0000000000005214        0x0 CMakeFiles/rgb_srv.axf.dir/rgb_led.cpp.obj

.data           0x0000000020000000      0xbf8 load address 0x0000000000005214
                0x0000000020000000                . = ALIGN (0x4)
                0x0000000020000000                _data = .
 *(vtable)
 vtable         0x0000000020000000      0x26c /home/wesley/Sources/TUhandControl/TivaC/TivaWare/driverlib/gcc/libdriver.a(interrupt.o)
 *(.data .data* .gnu.linkonce.d.*)
 .data.current_color
                0x000000002000026c        0xc CMakeFiles/rgb_srv.axf.dir/rgb_led.cpp.obj
                0x000000002000026c                current_color
 .data.current_intensity
                0x0000000020000278        0x4 CMakeFiles/rgb_srv.axf.dir/rgb_led.cpp.obj
                0x0000000020000278                current_intensity
 .data.g_fIntensity
                0x000000002000027c        0x4 CMakeFiles/rgb_srv.axf.dir/home/wesley/Sources/TUhandControl/TivaC/TivaWare/examples/boards/ek-tm4c123gxl/drivers/rgb.c.obj
 .data.g_sCDCDevice
                0x0000000020000280       0x60 CMakeFiles/rgb_srv.axf.dir/home/wesley/Sources/TUhandControl/TivaC/catkin_rosserial_tut/build/rosserial_tivac_tutorials/ros_lib/usb_serial_structs.c.obj
                0x0000000020000280                g_sCDCDevice
 .data.g_sRxBuffer
                0x00000000200002e0       0x38 CMakeFiles/rgb_srv.axf.dir/home/wesley/Sources/TUhandControl/TivaC/catkin_rosserial_tut/build/rosserial_tivac_tutorials/ros_lib/usb_serial_structs.c.obj
                0x00000000200002e0                g_sRxBuffer
 .data.g_sTxBuffer
                0x0000000020000318       0x38 CMakeFiles/rgb_srv.axf.dir/home/wesley/Sources/TUhandControl/TivaC/catkin_rosserial_tut/build/rosserial_tivac_tutorials/ros_lib/usb_serial_structs.c.obj
                0x0000000020000318                g_sTxBuffer
 .data.g_psCDCCompSerSections
                0x0000000020000350       0x10 /home/wesley/Sources/TUhandControl/TivaC/TivaWare/usblib/gcc/libusb.a(usbdcdc.o)
                0x0000000020000350                g_psCDCCompSerSections
 .data.g_psCDCCompSerSectionsHS
                0x0000000020000360       0x10 /home/wesley/Sources/TUhandControl/TivaC/TivaWare/usblib/gcc/libusb.a(usbdcdc.o)
                0x0000000020000360                g_psCDCCompSerSectionsHS
 .data.g_psCDCSerSections
                0x0000000020000370        0xc /home/wesley/Sources/TUhandControl/TivaC/TivaWare/usblib/gcc/libusb.a(usbdcdc.o)
                0x0000000020000370                g_psCDCSerSections
 .data.g_psCDCSerSectionsHS
                0x000000002000037c        0xc /home/wesley/Sources/TUhandControl/TivaC/TivaWare/usblib/gcc/libusb.a(usbdcdc.o)
                0x000000002000037c                g_psCDCSerSectionsHS
 .data.g_pui8CDCSerDescriptor
                0x0000000020000388        0x9 /home/wesley/Sources/TUhandControl/TivaC/TivaWare/usblib/gcc/libusb.a(usbdcdc.o)
                0x0000000020000388                g_pui8CDCSerDescriptor
 .data.g_pui8CDCSerDeviceDescriptor
                0x0000000020000391       0x12 /home/wesley/Sources/TUhandControl/TivaC/TivaWare/usblib/gcc/libusb.a(usbdcdc.o)
                0x0000000020000391                g_pui8CDCSerDeviceDescriptor
 .data.g_pui8IADSerDescriptor
                0x00000000200003a3        0x8 /home/wesley/Sources/TUhandControl/TivaC/TivaWare/usblib/gcc/libusb.a(usbdcdc.o)
                0x00000000200003a3                g_pui8IADSerDescriptor
 *fill*         0x00000000200003ab        0x1 
 .data.g_ui16MaxPacketSize
                0x00000000200003ac        0x2 /home/wesley/Sources/TUhandControl/TivaC/TivaWare/usblib/gcc/libusb.a(usbdcdc.o)
 *fill*         0x00000000200003ae        0x2 
 .data.g_ui32PLLDiv
                0x00000000200003b0        0x4 /home/wesley/Sources/TUhandControl/TivaC/TivaWare/usblib/gcc/libusb.a(usbdenum.o)
 .data.g_iUSBMode
                0x00000000200003b4        0x1 /home/wesley/Sources/TUhandControl/TivaC/TivaWare/usblib/gcc/libusb.a(usbmode.o)
                0x00000000200003b4                g_iUSBMode
 *fill*         0x00000000200003b5        0x3 
 .data._impure_ptr
                0x00000000200003b8        0x4 /usr/bin/../lib/gcc/arm-none-eabi/6.2.1/../../../../arm-none-eabi/lib/thumb/v7e-m/fpv4-sp/hard/libc.a(lib_a-impure.o)
                0x00000000200003b8                _impure_ptr
 *fill*         0x00000000200003bc        0x4 
 .data.impure_data
                0x00000000200003c0      0x428 /usr/bin/../lib/gcc/arm-none-eabi/6.2.1/../../../../arm-none-eabi/lib/thumb/v7e-m/fpv4-sp/hard/libc.a(lib_a-impure.o)
 .data.__malloc_av_
                0x00000000200007e8      0x408 /usr/bin/../lib/gcc/arm-none-eabi/6.2.1/../../../../arm-none-eabi/lib/thumb/v7e-m/fpv4-sp/hard/libc.a(lib_a-mallocr.o)
                0x00000000200007e8                __malloc_av_
 .data.__malloc_sbrk_base
                0x0000000020000bf0        0x4 /usr/bin/../lib/gcc/arm-none-eabi/6.2.1/../../../../arm-none-eabi/lib/thumb/v7e-m/fpv4-sp/hard/libc.a(lib_a-mallocr.o)
                0x0000000020000bf0                __malloc_sbrk_base
 .data.__malloc_trim_threshold
                0x0000000020000bf4        0x4 /usr/bin/../lib/gcc/arm-none-eabi/6.2.1/../../../../arm-none-eabi/lib/thumb/v7e-m/fpv4-sp/hard/libc.a(lib_a-mallocr.o)
                0x0000000020000bf4                __malloc_trim_threshold
                0x0000000020000bf8                _edata = .

.igot.plt       0x0000000020000bf8        0x0 load address 0x0000000000005e0c
 .igot.plt      0x0000000020000bf8        0x0 CMakeFiles/rgb_srv.axf.dir/rgb_led.cpp.obj

.bss            0x0000000020000bf8      0x9b0 load address 0x0000000000005e0c
                0x0000000020000bf8                . = ALIGN (0x4)
                0x0000000020000bf8                _bss = .
                0x0000000020000bf8                __bss_start__ = _bss
 *(.bss*)
 .bss.nh        0x0000000020000bf8      0x52c CMakeFiles/rgb_srv.axf.dir/rgb_led.cpp.obj
                0x0000000020000bf8                nh
 .bss.rgb_service
                0x0000000020001124       0x44 CMakeFiles/rgb_srv.axf.dir/rgb_led.cpp.obj
                0x0000000020001124                rgb_service
 .bss.g_ui32Colors
                0x0000000020001168        0xc CMakeFiles/rgb_srv.axf.dir/home/wesley/Sources/TUhandControl/TivaC/TivaWare/examples/boards/ek-tm4c123gxl/drivers/rgb.c.obj
 .bss.g_ui32milliseconds
                0x0000000020001174        0x4 CMakeFiles/rgb_srv.axf.dir/home/wesley/Sources/TUhandControl/TivaC/catkin_rosserial_tut/build/rosserial_tivac_tutorials/ros_lib/tivac_hardware.cpp.obj
                0x0000000020001174                g_ui32milliseconds
 .bss.g_bUSBConfigured
                0x0000000020001178        0x1 CMakeFiles/rgb_srv.axf.dir/home/wesley/Sources/TUhandControl/TivaC/catkin_rosserial_tut/build/rosserial_tivac_tutorials/ros_lib/usb_serial_structs.c.obj
 .bss.g_pui8DataBufferIn
                0x0000000020001179       0x40 /home/wesley/Sources/TUhandControl/TivaC/TivaWare/usblib/gcc/libusb.a(usbdenum.o)
 *fill*         0x00000000200011b9        0x3 
 .bss.g_ui32ULPISupport
                0x00000000200011bc        0x4 /home/wesley/Sources/TUhandControl/TivaC/TivaWare/usblib/gcc/libusb.a(usbdenum.o)
 .bss.ui32SOFDivide.6417
                0x00000000200011c0        0x4 /home/wesley/Sources/TUhandControl/TivaC/TivaWare/usblib/gcc/libusb.a(usbdenum.o)
 .bss.g_psUSBDMAInst
                0x00000000200011c4      0x110 /home/wesley/Sources/TUhandControl/TivaC/TivaWare/usblib/gcc/libusb.a(usbdma.o)
 .bss.g_pfnUSBModeCallback
                0x00000000200012d4        0x4 /home/wesley/Sources/TUhandControl/TivaC/TivaWare/usblib/gcc/libusb.a(usbmode.o)
 .bss.g_bUSBTimerInitialized
                0x00000000200012d8        0x1 /home/wesley/Sources/TUhandControl/TivaC/TivaWare/usblib/gcc/libusb.a(usbtick.o)
                0x00000000200012d8                g_bUSBTimerInitialized
 *fill*         0x00000000200012d9        0x3 
 .bss.g_ui32CurrentUSBTick
                0x00000000200012dc        0x4 /home/wesley/Sources/TUhandControl/TivaC/TivaWare/usblib/gcc/libusb.a(usbtick.o)
                0x00000000200012dc                g_ui32CurrentUSBTick
 .bss.g_ui32USBSOFCount
                0x00000000200012e0        0x4 /home/wesley/Sources/TUhandControl/TivaC/TivaWare/usblib/gcc/libusb.a(usbtick.o)
                0x00000000200012e0                g_ui32USBSOFCount
 .bss.__malloc_current_mallinfo
                0x00000000200012e4       0x28 /usr/bin/../lib/gcc/arm-none-eabi/6.2.1/../../../../arm-none-eabi/lib/thumb/v7e-m/fpv4-sp/hard/libc.a(lib_a-mallocr.o)
                0x00000000200012e4                __malloc_current_mallinfo
 .bss.__malloc_max_sbrked_mem
                0x000000002000130c        0x4 /usr/bin/../lib/gcc/arm-none-eabi/6.2.1/../../../../arm-none-eabi/lib/thumb/v7e-m/fpv4-sp/hard/libc.a(lib_a-mallocr.o)
                0x000000002000130c                __malloc_max_sbrked_mem
 .bss.__malloc_max_total_mem
                0x0000000020001310        0x4 /usr/bin/../lib/gcc/arm-none-eabi/6.2.1/../../../../arm-none-eabi/lib/thumb/v7e-m/fpv4-sp/hard/libc.a(lib_a-mallocr.o)
                0x0000000020001310                __malloc_max_total_mem
 .bss.__malloc_top_pad
                0x0000000020001314        0x4 /usr/bin/../lib/gcc/arm-none-eabi/6.2.1/../../../../arm-none-eabi/lib/thumb/v7e-m/fpv4-sp/hard/libc.a(lib_a-mallocr.o)
                0x0000000020001314                __malloc_top_pad
 .bss.heap_end.5239
                0x0000000020001318        0x4 /usr/bin/../lib/gcc/arm-none-eabi/6.2.1/../../../../arm-none-eabi/lib/thumb/v7e-m/fpv4-sp/hard/libnosys.a(sbrk.o)
 *(COMMON)
 COMMON         0x000000002000131c      0x200 CMakeFiles/rgb_srv.axf.dir/home/wesley/Sources/TUhandControl/TivaC/catkin_rosserial_tut/build/rosserial_tivac_tutorials/ros_lib/usb_serial_structs.c.obj
                0x000000002000131c                g_pui8USBRxBuffer
                0x000000002000141c                g_pui8USBTxBuffer
 COMMON         0x000000002000151c       0x54 /home/wesley/Sources/TUhandControl/TivaC/TivaWare/usblib/gcc/libusb.a(usbdenum.o)
                0x000000002000151c                g_psDCDInst
                0x000000002000156c                g_ppsDevInfo
 COMMON         0x0000000020001570       0x30 /home/wesley/Sources/TUhandControl/TivaC/TivaWare/usblib/gcc/libusb.a(usbtick.o)
                0x0000000020001570                g_pvTickInstance
                0x0000000020001588                g_pfnTickHandlers
 COMMON         0x00000000200015a0        0x4 /usr/bin/../lib/gcc/arm-none-eabi/6.2.1/../../../../arm-none-eabi/lib/thumb/v7e-m/fpv4-sp/hard/libc.a(lib_a-reent.o)
                0x00000000200015a0                errno
                0x00000000200015a4                . = ALIGN (0x4)
                0x00000000200015a4                _ebss = .
                0x00000000200015a4                __bss_end__ = _ebss
                0x00000000200015a8                . = ALIGN (0x8)
 *fill*         0x00000000200015a4        0x4 
                [!provide]                        PROVIDE (__exidx_start, .)

.ARM.exidx
 *(.ARM.exidx* .gnu.linkonce.armexidx.*)
                [!provide]                        PROVIDE (__exidx_end, .)
                0x00000000200015a8                . = ALIGN (0x4)
                0x00000000200015a8                _end = .
                0x00000000200015a8                PROVIDE (end, _end)
                0x0000000020008000                PROVIDE (_estack, (ORIGIN (SRAM) + LENGTH (SRAM)))
OUTPUT(/home/wesley/Sources/TUhandControl/TivaC/catkin_rosserial_tut/devel/share/rosserial_tivac_tutorials/rgb_srv.axf elf32-littlearm)

.comment        0x0000000000000000       0x6e
 .comment       0x0000000000000000       0x6e CMakeFiles/rgb_srv.axf.dir/rgb_led.cpp.obj
                                         0x6f (size before relaxing)
 .comment       0x000000000000006e       0x6f CMakeFiles/rgb_srv.axf.dir/home/wesley/Sources/TUhandControl/TivaC/TivaWare/examples/boards/ek-tm4c123gxl/drivers/rgb.c.obj
 .comment       0x000000000000006e       0x6f CMakeFiles/rgb_srv.axf.dir/home/wesley/Sources/TUhandControl/TivaC/catkin_rosserial_tut/build/rosserial_tivac_tutorials/ros_lib/startup_gcc.c.obj
 .comment       0x000000000000006e       0x6f CMakeFiles/rgb_srv.axf.dir/home/wesley/Sources/TUhandControl/TivaC/catkin_rosserial_tut/build/rosserial_tivac_tutorials/ros_lib/time.cpp.obj
 .comment       0x000000000000006e       0x6f CMakeFiles/rgb_srv.axf.dir/home/wesley/Sources/TUhandControl/TivaC/catkin_rosserial_tut/build/rosserial_tivac_tutorials/ros_lib/tivac_hardware.cpp.obj
 .comment       0x000000000000006e       0x6f CMakeFiles/rgb_srv.axf.dir/home/wesley/Sources/TUhandControl/TivaC/catkin_rosserial_tut/build/rosserial_tivac_tutorials/ros_lib/usb_serial_structs.c.obj
 .comment       0x000000000000006e       0x6f /home/wesley/Sources/TUhandControl/TivaC/TivaWare/usblib/gcc/libusb.a(usbbuffer.o)
 .comment       0x000000000000006e       0x6f /home/wesley/Sources/TUhandControl/TivaC/TivaWare/usblib/gcc/libusb.a(usbdcdc.o)
 .comment       0x000000000000006e       0x6f /home/wesley/Sources/TUhandControl/TivaC/TivaWare/usblib/gcc/libusb.a(usbdenum.o)
 .comment       0x000000000000006e       0x6f /home/wesley/Sources/TUhandControl/TivaC/TivaWare/usblib/gcc/libusb.a(usbdhandler.o)
 .comment       0x000000000000006e       0x6f /home/wesley/Sources/TUhandControl/TivaC/TivaWare/usblib/gcc/libusb.a(usbdma.o)
 .comment       0x000000000000006e       0x6f /home/wesley/Sources/TUhandControl/TivaC/TivaWare/usblib/gcc/libusb.a(usbmode.o)
 .comment       0x000000000000006e       0x6f /home/wesley/Sources/TUhandControl/TivaC/TivaWare/usblib/gcc/libusb.a(usbringbuf.o)
 .comment       0x000000000000006e       0x6f /home/wesley/Sources/TUhandControl/TivaC/TivaWare/usblib/gcc/libusb.a(usbtick.o)
 .comment       0x000000000000006e       0x6f /home/wesley/Sources/TUhandControl/TivaC/TivaWare/usblib/gcc/libusb.a(usbulpi.o)
 .comment       0x000000000000006e       0x6f /home/wesley/Sources/TUhandControl/TivaC/TivaWare/usblib/gcc/libusb.a(usbdcdesc.o)
 .comment       0x000000000000006e       0x6f /home/wesley/Sources/TUhandControl/TivaC/TivaWare/usblib/gcc/libusb.a(usbdconfig.o)
 .comment       0x000000000000006e       0x6f /home/wesley/Sources/TUhandControl/TivaC/TivaWare/usblib/gcc/libusb.a(usbdesc.o)
 .comment       0x000000000000006e       0x6f /home/wesley/Sources/TUhandControl/TivaC/TivaWare/driverlib/gcc/libdriver.a(interrupt.o)
 .comment       0x000000000000006e       0x6f /home/wesley/Sources/TUhandControl/TivaC/TivaWare/driverlib/gcc/libdriver.a(sysctl.o)
 .comment       0x000000000000006e       0x6f /home/wesley/Sources/TUhandControl/TivaC/TivaWare/driverlib/gcc/libdriver.a(systick.o)
 .comment       0x000000000000006e       0x6f /home/wesley/Sources/TUhandControl/TivaC/TivaWare/driverlib/gcc/libdriver.a(udma.o)
 .comment       0x000000000000006e       0x6f /home/wesley/Sources/TUhandControl/TivaC/TivaWare/driverlib/gcc/libdriver.a(usb.o)
 .comment       0x000000000000006e       0x6f /home/wesley/Sources/TUhandControl/TivaC/TivaWare/driverlib/gcc/libdriver.a(cpu.o)

.ARM.attributes
                0x0000000000000000       0x37
 .ARM.attributes
                0x0000000000000000       0x39 CMakeFiles/rgb_srv.axf.dir/rgb_led.cpp.obj
 .ARM.attributes
                0x0000000000000039       0x39 CMakeFiles/rgb_srv.axf.dir/home/wesley/Sources/TUhandControl/TivaC/TivaWare/examples/boards/ek-tm4c123gxl/drivers/rgb.c.obj
 .ARM.attributes
                0x0000000000000072       0x39 CMakeFiles/rgb_srv.axf.dir/home/wesley/Sources/TUhandControl/TivaC/catkin_rosserial_tut/build/rosserial_tivac_tutorials/ros_lib/startup_gcc.c.obj
 .ARM.attributes
                0x00000000000000ab       0x39 CMakeFiles/rgb_srv.axf.dir/home/wesley/Sources/TUhandControl/TivaC/catkin_rosserial_tut/build/rosserial_tivac_tutorials/ros_lib/time.cpp.obj
 .ARM.attributes
                0x00000000000000e4       0x39 CMakeFiles/rgb_srv.axf.dir/home/wesley/Sources/TUhandControl/TivaC/catkin_rosserial_tut/build/rosserial_tivac_tutorials/ros_lib/tivac_hardware.cpp.obj
 .ARM.attributes
                0x000000000000011d       0x39 CMakeFiles/rgb_srv.axf.dir/home/wesley/Sources/TUhandControl/TivaC/catkin_rosserial_tut/build/rosserial_tivac_tutorials/ros_lib/usb_serial_structs.c.obj
 .ARM.attributes
                0x0000000000000156       0x39 /home/wesley/Sources/TUhandControl/TivaC/TivaWare/usblib/gcc/libusb.a(usbbuffer.o)
 .ARM.attributes
                0x000000000000018f       0x39 /home/wesley/Sources/TUhandControl/TivaC/TivaWare/usblib/gcc/libusb.a(usbdcdc.o)
 .ARM.attributes
                0x00000000000001c8       0x39 /home/wesley/Sources/TUhandControl/TivaC/TivaWare/usblib/gcc/libusb.a(usbdenum.o)
 .ARM.attributes
                0x0000000000000201       0x39 /home/wesley/Sources/TUhandControl/TivaC/TivaWare/usblib/gcc/libusb.a(usbdhandler.o)
 .ARM.attributes
                0x000000000000023a       0x39 /home/wesley/Sources/TUhandControl/TivaC/TivaWare/usblib/gcc/libusb.a(usbdma.o)
 .ARM.attributes
                0x0000000000000273       0x39 /home/wesley/Sources/TUhandControl/TivaC/TivaWare/usblib/gcc/libusb.a(usbmode.o)
 .ARM.attributes
                0x00000000000002ac       0x39 /home/wesley/Sources/TUhandControl/TivaC/TivaWare/usblib/gcc/libusb.a(usbringbuf.o)
 .ARM.attributes
                0x00000000000002e5       0x39 /home/wesley/Sources/TUhandControl/TivaC/TivaWare/usblib/gcc/libusb.a(usbtick.o)
 .ARM.attributes
                0x000000000000031e       0x39 /home/wesley/Sources/TUhandControl/TivaC/TivaWare/usblib/gcc/libusb.a(usbulpi.o)
 .ARM.attributes
                0x0000000000000357       0x39 /home/wesley/Sources/TUhandControl/TivaC/TivaWare/usblib/gcc/libusb.a(usbdcdesc.o)
 .ARM.attributes
                0x0000000000000390       0x39 /home/wesley/Sources/TUhandControl/TivaC/TivaWare/usblib/gcc/libusb.a(usbdconfig.o)
 .ARM.attributes
                0x00000000000003c9       0x39 /home/wesley/Sources/TUhandControl/TivaC/TivaWare/usblib/gcc/libusb.a(usbdesc.o)
 .ARM.attributes
                0x0000000000000402       0x39 /home/wesley/Sources/TUhandControl/TivaC/TivaWare/driverlib/gcc/libdriver.a(interrupt.o)
 .ARM.attributes
                0x000000000000043b       0x39 /home/wesley/Sources/TUhandControl/TivaC/TivaWare/driverlib/gcc/libdriver.a(sysctl.o)
 .ARM.attributes
                0x0000000000000474       0x39 /home/wesley/Sources/TUhandControl/TivaC/TivaWare/driverlib/gcc/libdriver.a(systick.o)
 .ARM.attributes
                0x00000000000004ad       0x39 /home/wesley/Sources/TUhandControl/TivaC/TivaWare/driverlib/gcc/libdriver.a(udma.o)
 .ARM.attributes
                0x00000000000004e6       0x39 /home/wesley/Sources/TUhandControl/TivaC/TivaWare/driverlib/gcc/libdriver.a(usb.o)
 .ARM.attributes
                0x000000000000051f       0x39 /home/wesley/Sources/TUhandControl/TivaC/TivaWare/driverlib/gcc/libdriver.a(cpu.o)
 .ARM.attributes
                0x0000000000000558       0x20 /usr/bin/../lib/gcc/arm-none-eabi/6.2.1/../../../../arm-none-eabi/lib/thumb/v7e-m/fpv4-sp/hard/libc.a(lib_a-memcpy.o)
 .ARM.attributes
                0x0000000000000578       0x34 /usr/bin/../lib/gcc/arm-none-eabi/6.2.1/../../../../arm-none-eabi/lib/thumb/v7e-m/fpv4-sp/hard/libc.a(lib_a-realloc.o)
 .ARM.attributes
                0x00000000000005ac       0x34 /usr/bin/../lib/gcc/arm-none-eabi/6.2.1/../../../../arm-none-eabi/lib/thumb/v7e-m/fpv4-sp/hard/libc.a(lib_a-reallocr.o)
 .ARM.attributes
                0x00000000000005e0       0x20 /usr/bin/../lib/gcc/arm-none-eabi/6.2.1/../../../../arm-none-eabi/lib/thumb/v7e-m/fpv4-sp/hard/libc.a(lib_a-strlen.o)
 .ARM.attributes
                0x0000000000000600       0x34 /usr/bin/../lib/gcc/arm-none-eabi/6.2.1/../../../../arm-none-eabi/lib/thumb/v7e-m/fpv4-sp/hard/libc.a(lib_a-freer.o)
 .ARM.attributes
                0x0000000000000634       0x34 /usr/bin/../lib/gcc/arm-none-eabi/6.2.1/../../../../arm-none-eabi/lib/thumb/v7e-m/fpv4-sp/hard/libc.a(lib_a-impure.o)
 .ARM.attributes
                0x0000000000000668       0x34 /usr/bin/../lib/gcc/arm-none-eabi/6.2.1/../../../../arm-none-eabi/lib/thumb/v7e-m/fpv4-sp/hard/libc.a(lib_a-mallocr.o)
 .ARM.attributes
                0x000000000000069c       0x34 /usr/bin/../lib/gcc/arm-none-eabi/6.2.1/../../../../arm-none-eabi/lib/thumb/v7e-m/fpv4-sp/hard/libc.a(lib_a-memmove.o)
 .ARM.attributes
                0x00000000000006d0       0x34 /usr/bin/../lib/gcc/arm-none-eabi/6.2.1/../../../../arm-none-eabi/lib/thumb/v7e-m/fpv4-sp/hard/libc.a(lib_a-mlock.o)
 .ARM.attributes
                0x0000000000000704       0x34 /usr/bin/../lib/gcc/arm-none-eabi/6.2.1/../../../../arm-none-eabi/lib/thumb/v7e-m/fpv4-sp/hard/libc.a(lib_a-sbrkr.o)
 .ARM.attributes
                0x0000000000000738       0x34 /usr/bin/../lib/gcc/arm-none-eabi/6.2.1/../../../../arm-none-eabi/lib/thumb/v7e-m/fpv4-sp/hard/libc.a(lib_a-reent.o)
 .ARM.attributes
                0x000000000000076c       0x34 /usr/bin/../lib/gcc/arm-none-eabi/6.2.1/../../../../arm-none-eabi/lib/thumb/v7e-m/fpv4-sp/hard/libnosys.a(sbrk.o)

.debug_frame    0x0000000000000000      0x258
 .debug_frame   0x0000000000000000       0x20 /usr/bin/../lib/gcc/arm-none-eabi/6.2.1/../../../../arm-none-eabi/lib/thumb/v7e-m/fpv4-sp/hard/libc.a(lib_a-realloc.o)
 .debug_frame   0x0000000000000020       0x68 /usr/bin/../lib/gcc/arm-none-eabi/6.2.1/../../../../arm-none-eabi/lib/thumb/v7e-m/fpv4-sp/hard/libc.a(lib_a-reallocr.o)
 .debug_frame   0x0000000000000088       0x74 /usr/bin/../lib/gcc/arm-none-eabi/6.2.1/../../../../arm-none-eabi/lib/thumb/v7e-m/fpv4-sp/hard/libc.a(lib_a-freer.o)
 .debug_frame   0x00000000000000fc       0x58 /usr/bin/../lib/gcc/arm-none-eabi/6.2.1/../../../../arm-none-eabi/lib/thumb/v7e-m/fpv4-sp/hard/libc.a(lib_a-mallocr.o)
 .debug_frame   0x0000000000000154       0x30 /usr/bin/../lib/gcc/arm-none-eabi/6.2.1/../../../../arm-none-eabi/lib/thumb/v7e-m/fpv4-sp/hard/libc.a(lib_a-memmove.o)
 .debug_frame   0x0000000000000184       0x30 /usr/bin/../lib/gcc/arm-none-eabi/6.2.1/../../../../arm-none-eabi/lib/thumb/v7e-m/fpv4-sp/hard/libc.a(lib_a-mlock.o)
 .debug_frame   0x00000000000001b4       0x2c /usr/bin/../lib/gcc/arm-none-eabi/6.2.1/../../../../arm-none-eabi/lib/thumb/v7e-m/fpv4-sp/hard/libc.a(lib_a-sbrkr.o)
 .debug_frame   0x00000000000001e0       0x58 /usr/bin/../lib/gcc/arm-none-eabi/6.2.1/../../../../arm-none-eabi/lib/thumb/v7e-m/fpv4-sp/hard/libc.a(lib_a-reent.o)
 .debug_frame   0x0000000000000238       0x20 /usr/bin/../lib/gcc/arm-none-eabi/6.2.1/../../../../arm-none-eabi/lib/thumb/v7e-m/fpv4-sp/hard/libnosys.a(sbrk.o)
